Component: ARM Compiler 5.06 update 6 (build 750) Tool: armlink [4d35ed]

==============================================================================

Section Cross References

    startup_stm32l475xx.o(RESET) refers to startup_stm32l475xx.o(STACK) for __initial_sp
    startup_stm32l475xx.o(RESET) refers to startup_stm32l475xx.o(.text) for Reset_Handler
    startup_stm32l475xx.o(RESET) refers to stm32l4xx_it.o(i.NMI_Handler) for NMI_Handler
    startup_stm32l475xx.o(RESET) refers to stm32l4xx_it.o(i.HardFault_Handler) for HardFault_Handler
    startup_stm32l475xx.o(RESET) refers to stm32l4xx_it.o(i.MemManage_Handler) for MemManage_Handler
    startup_stm32l475xx.o(RESET) refers to stm32l4xx_it.o(i.BusFault_Handler) for BusFault_Handler
    startup_stm32l475xx.o(RESET) refers to stm32l4xx_it.o(i.UsageFault_Handler) for UsageFault_Handler
    startup_stm32l475xx.o(RESET) refers to port.o(.emb_text) for SVC_Handler
    startup_stm32l475xx.o(RESET) refers to stm32l4xx_it.o(i.DebugMon_Handler) for DebugMon_Handler
    startup_stm32l475xx.o(RESET) refers to stm32l4xx_it.o(i.SysTick_Handler) for SysTick_Handler
    startup_stm32l475xx.o(RESET) refers to stm32l4xx_it.o(i.TIM1_TRG_COM_TIM17_IRQHandler) for TIM1_TRG_COM_TIM17_IRQHandler
    startup_stm32l475xx.o(.text) refers to system_stm32l4xx.o(i.SystemInit) for SystemInit
    startup_stm32l475xx.o(.text) refers to entry.o(.ARM.Collect$$$$00000000) for __main
    stm32l475e_iot01.o(i.BSP_COM_DeInit) refers to stm32l4xx_hal_uart.o(i.HAL_UART_DeInit) for HAL_UART_DeInit
    stm32l475e_iot01.o(i.BSP_COM_DeInit) refers to stm32l475e_iot01.o(.data) for .data
    stm32l475e_iot01.o(i.BSP_COM_Init) refers to stm32l4xx_hal_gpio.o(i.HAL_GPIO_Init) for HAL_GPIO_Init
    stm32l475e_iot01.o(i.BSP_COM_Init) refers to stm32l4xx_hal_uart.o(i.HAL_UART_Init) for HAL_UART_Init
    stm32l475e_iot01.o(i.BSP_COM_Init) refers to stm32l475e_iot01.o(.constdata) for .constdata
    stm32l475e_iot01.o(i.BSP_COM_Init) refers to stm32l475e_iot01.o(.data) for .data
    stm32l475e_iot01.o(i.BSP_LED_DeInit) refers to stm32l4xx_hal_gpio.o(i.HAL_GPIO_WritePin) for HAL_GPIO_WritePin
    stm32l475e_iot01.o(i.BSP_LED_DeInit) refers to stm32l4xx_hal_gpio.o(i.HAL_GPIO_DeInit) for HAL_GPIO_DeInit
    stm32l475e_iot01.o(i.BSP_LED_DeInit) refers to stm32l475e_iot01.o(.constdata) for .constdata
    stm32l475e_iot01.o(i.BSP_LED_DeInit) refers to stm32l475e_iot01.o(.data) for .data
    stm32l475e_iot01.o(i.BSP_LED_Init) refers to stm32l4xx_hal_gpio.o(i.HAL_GPIO_Init) for HAL_GPIO_Init
    stm32l475e_iot01.o(i.BSP_LED_Init) refers to stm32l475e_iot01.o(.constdata) for .constdata
    stm32l475e_iot01.o(i.BSP_LED_Init) refers to stm32l475e_iot01.o(.data) for .data
    stm32l475e_iot01.o(i.BSP_LED_Off) refers to stm32l4xx_hal_gpio.o(i.HAL_GPIO_WritePin) for HAL_GPIO_WritePin
    stm32l475e_iot01.o(i.BSP_LED_Off) refers to stm32l475e_iot01.o(.constdata) for .constdata
    stm32l475e_iot01.o(i.BSP_LED_Off) refers to stm32l475e_iot01.o(.data) for .data
    stm32l475e_iot01.o(i.BSP_LED_On) refers to stm32l4xx_hal_gpio.o(i.HAL_GPIO_WritePin) for HAL_GPIO_WritePin
    stm32l475e_iot01.o(i.BSP_LED_On) refers to stm32l475e_iot01.o(.constdata) for .constdata
    stm32l475e_iot01.o(i.BSP_LED_On) refers to stm32l475e_iot01.o(.data) for .data
    stm32l475e_iot01.o(i.BSP_LED_Toggle) refers to stm32l4xx_hal_gpio.o(i.HAL_GPIO_TogglePin) for HAL_GPIO_TogglePin
    stm32l475e_iot01.o(i.BSP_LED_Toggle) refers to stm32l475e_iot01.o(.constdata) for .constdata
    stm32l475e_iot01.o(i.BSP_LED_Toggle) refers to stm32l475e_iot01.o(.data) for .data
    stm32l475e_iot01.o(i.BSP_PB_DeInit) refers to stm32l4xx_hal_cortex.o(i.HAL_NVIC_DisableIRQ) for HAL_NVIC_DisableIRQ
    stm32l475e_iot01.o(i.BSP_PB_DeInit) refers to stm32l4xx_hal_gpio.o(i.HAL_GPIO_DeInit) for HAL_GPIO_DeInit
    stm32l475e_iot01.o(i.BSP_PB_DeInit) refers to stm32l475e_iot01.o(.constdata) for .constdata
    stm32l475e_iot01.o(i.BSP_PB_DeInit) refers to stm32l475e_iot01.o(.data) for .data
    stm32l475e_iot01.o(i.BSP_PB_GetState) refers to stm32l4xx_hal_gpio.o(i.HAL_GPIO_ReadPin) for HAL_GPIO_ReadPin
    stm32l475e_iot01.o(i.BSP_PB_GetState) refers to stm32l475e_iot01.o(.constdata) for .constdata
    stm32l475e_iot01.o(i.BSP_PB_GetState) refers to stm32l475e_iot01.o(.data) for .data
    stm32l475e_iot01.o(i.BSP_PB_Init) refers to stm32l4xx_hal_gpio.o(i.HAL_GPIO_Init) for HAL_GPIO_Init
    stm32l475e_iot01.o(i.BSP_PB_Init) refers to stm32l4xx_hal_cortex.o(i.HAL_NVIC_SetPriority) for HAL_NVIC_SetPriority
    stm32l475e_iot01.o(i.BSP_PB_Init) refers to stm32l4xx_hal_cortex.o(i.HAL_NVIC_EnableIRQ) for HAL_NVIC_EnableIRQ
    stm32l475e_iot01.o(i.BSP_PB_Init) refers to stm32l475e_iot01.o(.constdata) for .constdata
    stm32l475e_iot01.o(i.BSP_PB_Init) refers to stm32l475e_iot01.o(.data) for .data
    stm32l475e_iot01.o(i.I2Cx_DeInit) refers to stm32l4xx_hal_gpio.o(i.HAL_GPIO_DeInit) for HAL_GPIO_DeInit
[...]
    I2Cx_WriteMultiple                       0x080021c3   Thumb Code    42  stm32l475e_iot01.o(i.I2Cx_WriteMultiple)
    i.LIS3MDL_MagDeInit                      0x080021ec   Section        0  lis3mdl.o(i.LIS3MDL_MagDeInit)
    i.LIS3MDL_MagInit                        0x08002206   Section        0  lis3mdl.o(i.LIS3MDL_MagInit)
    i.LIS3MDL_MagLowPower                    0x08002246   Section        0  lis3mdl.o(i.LIS3MDL_MagLowPower)
    i.LIS3MDL_MagReadID                      0x08002268   Section        0  lis3mdl.o(i.LIS3MDL_MagReadID)
    i.LIS3MDL_MagReadXYZ                     0x0800227c   Section        0  lis3mdl.o(i.LIS3MDL_MagReadXYZ)
    i.LPS22HB_Init                           0x08002330   Section        0  lps22hb.o(i.LPS22HB_Init)
    LPS22HB_Init                             0x08002331   Thumb Code    52  lps22hb.o(i.LPS22HB_Init)
    i.LPS22HB_P_Init                         0x08002364   Section        0  lps22hb.o(i.LPS22HB_P_Init)
    i.LPS22HB_P_ReadID                       0x08002368   Section        0  lps22hb.o(i.LPS22HB_P_ReadID)
    i.LPS22HB_P_ReadPressure                 0x0800237c   Section        0  lps22hb.o(i.LPS22HB_P_ReadPressure)
    i.LSM6DSL_AccDeInit                      0x080023dc   Section        0  lsm6dsl.o(i.LSM6DSL_AccDeInit)
    i.LSM6DSL_AccInit                        0x080023f6   Section        0  lsm6dsl.o(i.LSM6DSL_AccInit)
    i.LSM6DSL_AccLowPower                    0x0800242e   Section        0  lsm6dsl.o(i.LSM6DSL_AccLowPower)
    i.LSM6DSL_AccReadID                      0x08002450   Section        0  lsm6dsl.o(i.LSM6DSL_AccReadID)
    i.LSM6DSL_AccReadXYZ                     0x08002464   Section        0  lsm6dsl.o(i.LSM6DSL_AccReadXYZ)
    i.LSM6DSL_GyroDeInit                     0x08002518   Section        0  lsm6dsl.o(i.LSM6DSL_GyroDeInit)
    i.LSM6DSL_GyroInit                       0x08002532   Section        0  lsm6dsl.o(i.LSM6DSL_GyroInit)
    i.LSM6DSL_GyroLowPower                   0x0800256a   Section        0  lsm6dsl.o(i.LSM6DSL_GyroLowPower)
    i.LSM6DSL_GyroReadID                     0x0800258c   Section        0  lsm6dsl.o(i.LSM6DSL_GyroReadID)
    i.LSM6DSL_GyroReadXYZAngRate             0x080025a0   Section        0  lsm6dsl.o(i.LSM6DSL_GyroReadXYZAngRate)
    i.MX_GPIO_Init                           0x08002650   Section        0  main.o(i.MX_GPIO_Init)
    MX_GPIO_Init                             0x08002651   Thumb Code   110  main.o(i.MX_GPIO_Init)
    i.MemManage_Handler                      0x080026cc   Section        0  stm32l4xx_it.o(i.MemManage_Handler)
    i.NMI_Handler                            0x080026ce   Section        0  stm32l4xx_it.o(i.NMI_Handler)
    i.NVIC_SetPriority                       0x080026d0   Section        0  stm32l4xx_hal_cortex.o(i.NVIC_SetPriority)
    NVIC_SetPriority                         0x080026d1   Thumb Code    32  stm32l4xx_hal_cortex.o(i.NVIC_SetPriority)
    i.Print                                  0x080026f0   Section        0  main.o(i.Print)
    i.Pushbutton                             0x08002880   Section        0  main.o(i.Pushbutton)
    i.RCC_SetFlashLatencyFromMSIRange        0x08002990   Section        0  stm32l4xx_hal_rcc.o(i.RCC_SetFlashLatencyFromMSIRange)
    RCC_SetFlashLatencyFromMSIRange          0x08002991   Thumb Code   116  stm32l4xx_hal_rcc.o(i.RCC_SetFlashLatencyFromMSIRange)
    i.ReadSensors                            0x08002a0c   Section        0  main.o(i.ReadSensors)
    i.SENSOR_IO_Init                         0x08002a94   Section        0  stm32l475e_iot01.o(i.SENSOR_IO_Init)
    i.SENSOR_IO_Read                         0x08002aa0   Section        0  stm32l475e_iot01.o(i.SENSOR_IO_Read)
    i.SENSOR_IO_ReadMultiple                 0x08002ac4   Section        0  stm32l475e_iot01.o(i.SENSOR_IO_ReadMultiple)
    i.SENSOR_IO_Write                        0x08002adc   Section        0  stm32l475e_iot01.o(i.SENSOR_IO_Write)
    i.SysTick_Handler                        0x08002afc   Section        0  stm32l4xx_it.o(i.SysTick_Handler)
    i.SystemClock_Config                     0x08002b00   Section        0  main.o(i.SystemClock_Config)
    i.SystemInit                             0x08002b7c   Section        0  system_stm32l4xx.o(i.SystemInit)
    i.TIM1_TRG_COM_TIM17_IRQHandler          0x08002bc0   Section        0  stm32l4xx_it.o(i.TIM1_TRG_COM_TIM17_IRQHandler)
    i.TIM_Base_SetConfig                     0x08002bcc   Section        0  stm32l4xx_hal_tim.o(i.TIM_Base_SetConfig)
    i.UART_AdvFeatureConfig                  0x08002c8c   Section        0  stm32l4xx_hal_uart.o(i.UART_AdvFeatureConfig)
    i.UART_CheckIdleState                    0x08002d54   Section        0  stm32l4xx_hal_uart.o(i.UART_CheckIdleState)
    i.UART_SetConfig                         0x08002db0   Section        0  stm32l4xx_hal_uart.o(i.UART_SetConfig)
    i.UART_WaitOnFlagUntilTimeout            0x08003050   Section        0  stm32l4xx_hal_uart.o(i.UART_WaitOnFlagUntilTimeout)
    i.UART_init                              0x080030b4   Section        0  main.o(i.UART_init)
    i.UsageFault_Handler                     0x0800313c   Section        0  stm32l4xx_it.o(i.UsageFault_Handler)
    i.__0printf                              0x08003140   Section        0  printfa.o(i.__0printf)
    i.__scatterload_copy                     0x08003160   Section       14  handlers.o(i.__scatterload_copy)
    i.__scatterload_null                     0x0800316e   Section        2  handlers.o(i.__scatterload_null)
    i.__scatterload_zeroinit                 0x08003170   Section       14  handlers.o(i.__scatterload_zeroinit)
    i._fp_digits                             0x08003180   Section        0  printfa.o(i._fp_digits)
    _fp_digits                               0x08003181   Thumb Code   366  printfa.o(i._fp_digits)
    i._printf_core                           0x0800330c   Section        0  printfa.o(i._printf_core)
    _printf_core                             0x0800330d   Thumb Code  1744  printfa.o(i._printf_core)
    i._printf_post_padding                   0x080039ee   Section        0  printfa.o(i._printf_post_padding)
    _printf_post_padding                     0x080039ef   Thumb Code    36  printfa.o(i._printf_post_padding)
    i._printf_pre_padding                    0x08003a12   Section        0  printfa.o(i._printf_pre_padding)
    _printf_pre_padding                      0x08003a13   Thumb Code    46  printfa.o(i._printf_pre_padding)
    i.fputc                                  0x08003a40   Section        0  main.o(i.fputc)
    i.inHandlerMode                          0x08003a60   Section        0  cmsis_os.o(i.inHandlerMode)
    inHandlerMode                            0x08003a61   Thumb Code    12  cmsis_os.o(i.inHandlerMode)
    i.main                                   0x08003a6c   Section        0  main.o(i.main)
    i.makeFreeRtosPriority                   0x08003ae8   Section        0  cmsis_os.o(i.makeFreeRtosPriority)
    makeFreeRtosPriority                     0x08003ae9   Thumb Code    12  cmsis_os.o(i.makeFreeRtosPriority)
    i.osDelay                                0x08003af4   Section        0  cmsis_os.o(i.osDelay)
    i.osKernelStart                          0x08003b02   Section        0  cmsis_os.o(i.osKernelStart)
    i.osMutexCreate                          0x08003b0c   Section        0  cmsis_os.o(i.osMutexCreate)
    i.osMutexRelease                         0x08003b14   Section        0  cmsis_os.o(i.osMutexRelease)
    i.osMutexWait                            0x08003b64   Section        0  cmsis_os.o(i.osMutexWait)
    i.osSystickHandler                       0x08003bcc   Section        0  cmsis_os.o(i.osSystickHandler)
    i.osThreadCreate                         0x08003be0   Section        0  cmsis_os.o(i.osThreadCreate)
    i.osTimerCreate                          0x08003c0e   Section        0  cmsis_os.o(i.osTimerCreate)
    i.osTimerStop                            0x08003c12   Section        0  cmsis_os.o(i.osTimerStop)
    i.prvAddCurrentTaskToDelayedList         0x08003c18   Section        0  tasks.o(i.prvAddCurrentTaskToDelayedList)
    prvAddCurrentTaskToDelayedList           0x08003c19   Thumb Code   102  tasks.o(i.prvAddCurrentTaskToDelayedList)
    i.prvAddNewTaskToReadyList               0x08003c88   Section        0  tasks.o(i.prvAddNewTaskToReadyList)
    prvAddNewTaskToReadyList                 0x08003c89   Thumb Code   194  tasks.o(i.prvAddNewTaskToReadyList)
    i.prvCheckTasksWaitingTermination        0x08003d58   Section        0  tasks.o(i.prvCheckTasksWaitingTermination)
    prvCheckTasksWaitingTermination          0x08003d59   Thumb Code    70  tasks.o(i.prvCheckTasksWaitingTermination)
    i.prvCopyDataFromQueue                   0x08003da8   Section        0  queue.o(i.prvCopyDataFromQueue)
    prvCopyDataFromQueue                     0x08003da9   Thumb Code    38  queue.o(i.prvCopyDataFromQueue)
    i.prvCopyDataToQueue                     0x08003dce   Section        0  queue.o(i.prvCopyDataToQueue)
    prvCopyDataToQueue                       0x08003dcf   Thumb Code   108  queue.o(i.prvCopyDataToQueue)
    i.prvDeleteTCB                           0x08003e3a   Section        0  tasks.o(i.prvDeleteTCB)
    prvDeleteTCB                             0x08003e3b   Thumb Code    20  tasks.o(i.prvDeleteTCB)
    i.prvHeapInit                            0x08003e50   Section        0  heap_4.o(i.prvHeapInit)
    prvHeapInit                              0x08003e51   Thumb Code    64  heap_4.o(i.prvHeapInit)
    i.prvIdleTask                            0x08003e98   Section        0  tasks.o(i.prvIdleTask)
    prvIdleTask                              0x08003e99   Thumb Code    30  tasks.o(i.prvIdleTask)
    i.prvInitialiseNewTask                   0x08003ec0   Section        0  tasks.o(i.prvInitialiseNewTask)
    prvInitialiseNewTask                     0x08003ec1   Thumb Code   142  tasks.o(i.prvInitialiseNewTask)
    i.prvInsertBlockIntoFreeList             0x08003f50   Section        0  heap_4.o(i.prvInsertBlockIntoFreeList)
    prvInsertBlockIntoFreeList               0x08003f51   Thumb Code    72  heap_4.o(i.prvInsertBlockIntoFreeList)
    i.prvIsQueueEmpty                        0x08003f9c   Section        0  queue.o(i.prvIsQueueEmpty)
    prvIsQueueEmpty                          0x08003f9d   Thumb Code    28  queue.o(i.prvIsQueueEmpty)
    i.prvResetNextTaskUnblockTime            0x08003fb8   Section        0  tasks.o(i.prvResetNextTaskUnblockTime)
    prvResetNextTaskUnblockTime              0x08003fb9   Thumb Code    26  tasks.o(i.prvResetNextTaskUnblockTime)
    i.prvTaskExitError                       0x08003fd8   Section        0  port.o(i.prvTaskExitError)
    prvTaskExitError                         0x08003fd9   Thumb Code    36  port.o(i.prvTaskExitError)
    i.prvUnlockQueue                         0x08004000   Section        0  queue.o(i.prvUnlockQueue)
    prvUnlockQueue                           0x08004001   Thumb Code   106  queue.o(i.prvUnlockQueue)
    i.pvPortMalloc                           0x0800406c   Section        0  heap_4.o(i.pvPortMalloc)
    i.pvTaskIncrementMutexHeldCount          0x08004144   Section        0  tasks.o(i.pvTaskIncrementMutexHeldCount)
    i.pxPortInitialiseStack                  0x0800415c   Section        0  port.o(i.pxPortInitialiseStack)
    i.uxListRemove                           0x08004188   Section        0  list.o(i.uxListRemove)
    i.vListInitialise                        0x080041ac   Section        0  list.o(i.vListInitialise)
    i.vListInitialiseItem                    0x080041c2   Section        0  list.o(i.vListInitialiseItem)
    i.vListInsert                            0x080041c8   Section        0  list.o(i.vListInsert)
    i.vListInsertEnd                         0x080041f8   Section        0  list.o(i.vListInsertEnd)
    i.vPortEnterCritical                     0x08004210   Section        0  port.o(i.vPortEnterCritical)
    i.vPortExitCritical                      0x08004250   Section        0  port.o(i.vPortExitCritical)
    i.vPortFree                              0x08004278   Section        0  heap_4.o(i.vPortFree)
    i.vPortSetupTimerInterrupt               0x080042d4   Section        0  port.o(i.vPortSetupTimerInterrupt)
    i.vPortValidateInterruptPriority         0x080042f4   Section        0  port.o(i.vPortValidateInterruptPriority)
    i.vTaskDelay                             0x08004348   Section        0  tasks.o(i.vTaskDelay)
    i.vTaskMissedYield                       0x08004394   Section        0  tasks.o(i.vTaskMissedYield)
    i.vTaskPlaceOnEventList                  0x080043a0   Section        0  tasks.o(i.vTaskPlaceOnEventList)
    i.vTaskPriorityInherit                   0x080043d0   Section        0  tasks.o(i.vTaskPriorityInherit)
    i.vTaskSetTimeOutState                   0x08004454   Section        0  tasks.o(i.vTaskSetTimeOutState)
    i.vTaskStartScheduler                    0x08004478   Section        0  tasks.o(i.vTaskStartScheduler)
    i.vTaskSuspendAll                        0x080044e0   Section        0  tasks.o(i.vTaskSuspendAll)
    i.vTaskSwitchContext                     0x080044f0   Section        0  tasks.o(i.vTaskSwitchContext)
    i.xPortStartScheduler                    0x0800454c   Section        0  port.o(i.xPortStartScheduler)
    i.xPortSysTickHandler                    0x0800462c   Section        0  port.o(i.xPortSysTickHandler)
    i.xQueueCreateMutex                      0x08004658   Section        0  queue.o(i.xQueueCreateMutex)
    i.xQueueGenericCreate                    0x0800467c   Section        0  queue.o(i.xQueueGenericCreate)
    i.xQueueGenericReceive                   0x080046c4   Section        0  queue.o(i.xQueueGenericReceive)
    i.xQueueGenericReset                     0x08004838   Section        0  queue.o(i.xQueueGenericReset)
    i.xQueueGenericSend                      0x080048c0   Section        0  queue.o(i.xQueueGenericSend)
    i.xQueueGiveFromISR                      0x08004a20   Section        0  queue.o(i.xQueueGiveFromISR)
    i.xQueueReceiveFromISR                   0x08004abc   Section        0  queue.o(i.xQueueReceiveFromISR)
    i.xTaskCheckForTimeOut                   0x08004b58   Section        0  tasks.o(i.xTaskCheckForTimeOut)
    i.xTaskCreate                            0x08004bc4   Section        0  tasks.o(i.xTaskCreate)
    i.xTaskGetSchedulerState                 0x08004c20   Section        0  tasks.o(i.xTaskGetSchedulerState)
    i.xTaskIncrementTick                     0x08004c3c   Section        0  tasks.o(i.xTaskIncrementTick)
    i.xTaskPriorityDisinherit                0x08004d04   Section        0  tasks.o(i.xTaskPriorityDisinherit)
    i.xTaskRemoveFromEventList               0x08004d9c   Section        0  tasks.o(i.xTaskRemoveFromEventList)
    i.xTaskResumeAll                         0x08004e10   Section        0  tasks.o(i.xTaskResumeAll)
    .constdata                               0x08004ed4   Section       64  main.o(.constdata)
    .constdata                               0x08004f14   Section       64  system_stm32l4xx.o(.constdata)
    .constdata                               0x08004f54   Section        8  system_stm32l4xx.o(.constdata)
    .conststring                             0x08004f5c   Section      126  main.o(.conststring)
    .data                                    0x20000000   Section        4  stm32l475e_iot01_accelero.o(.data)
    AccelerometerDrv                         0x20000000   Data           4  stm32l475e_iot01_accelero.o(.data)
    .data                                    0x20000004   Section        4  stm32l475e_iot01_gyro.o(.data)
    GyroscopeDrv                             0x20000004   Data           4  stm32l475e_iot01_gyro.o(.data)
    .data                                    0x20000008   Section        4  stm32l475e_iot01_hsensor.o(.data)
    Hsensor_drv                              0x20000008   Data           4  stm32l475e_iot01_hsensor.o(.data)
    .data                                    0x2000000c   Section        4  stm32l475e_iot01_magneto.o(.data)
    MagnetoDrv                               0x2000000c   Data           4  stm32l475e_iot01_magneto.o(.data)
    .data                                    0x20000010   Section        4  stm32l475e_iot01_psensor.o(.data)
    Psensor_drv                              0x20000010   Data           4  stm32l475e_iot01_psensor.o(.data)
    .data                                    0x20000014   Section        4  stm32l475e_iot01_tsensor.o(.data)
    tsensor_drv                              0x20000014   Data           4  stm32l475e_iot01_tsensor.o(.data)
    .data                                    0x20000018   Section       12  hts221.o(.data)
    .data                                    0x20000024   Section       16  hts221.o(.data)
    .data                                    0x20000034   Section       52  lis3mdl.o(.data)
    .data                                    0x20000068   Section       12  lps22hb.o(.data)
    .data                                    0x20000074   Section       52  lsm6dsl.o(.data)
    .data                                    0x200000a8   Section       52  lsm6dsl.o(.data)
    .data                                    0x200000dc   Section       42  main.o(.data)
    .data                                    0x20000108   Section        4  stm32l4xx_hal.o(.data)
    .data                                    0x2000010c   Section        4  system_stm32l4xx.o(.data)
    .data                                    0x20000110   Section       24  heap_4.o(.data)
    pxEnd                                    0x20000110   Data           4  heap_4.o(.data)
    xFreeBytesRemaining                      0x20000114   Data           4  heap_4.o(.data)
    xMinimumEverFreeBytesRemaining           0x20000118   Data           4  heap_4.o(.data)
    xBlockAllocatedBit                       0x2000011c   Data           4  heap_4.o(.data)
    xStart                                   0x20000120   Data           8  heap_4.o(.data)
    .data                                    0x20000128   Section       12  port.o(.data)
    ucMaxSysCallPriority                     0x20000128   Data           1  port.o(.data)
    uxCriticalNesting                        0x2000012c   Data           4  port.o(.data)
    ulMaxPRIGROUPValue                       0x20000130   Data           4  port.o(.data)
    .data                                    0x20000134   Section       60  tasks.o(.data)
    uxDeletedTasksWaitingCleanUp             0x20000138   Data           4  tasks.o(.data)
    uxCurrentNumberOfTasks                   0x2000013c   Data           4  tasks.o(.data)
    xTickCount                               0x20000140   Data           4  tasks.o(.data)
    uxTopReadyPriority                       0x20000144   Data           4  tasks.o(.data)
    xSchedulerRunning                        0x20000148   Data           4  tasks.o(.data)
    uxPendedTicks                            0x2000014c   Data           4  tasks.o(.data)
    xYieldPending                            0x20000150   Data           4  tasks.o(.data)
    xNumOfOverflows                          0x20000154   Data           4  tasks.o(.data)
    uxTaskNumber                             0x20000158   Data           4  tasks.o(.data)
    xNextTaskUnblockTime                     0x2000015c   Data           4  tasks.o(.data)
    xIdleTaskHandle                          0x20000160   Data           4  tasks.o(.data)
    uxSchedulerSuspended                     0x20000164   Data           4  tasks.o(.data)
    pxDelayedTaskList                        0x20000168   Data           4  tasks.o(.data)
    pxOverflowDelayedTaskList                0x2000016c   Data           4  tasks.o(.data)
    .data                                    0x20000170   Section        4  stdout.o(.data)
    .bss                                     0x20000174   Section       76  stm32l475e_iot01.o(.bss)
    .bss                                     0x200001c0   Section      132  main.o(.bss)
    .bss                                     0x20000244   Section       64  stm32l4xx_hal_timebase_tim.o(.bss)
    .bss                                     0x20000284   Section     3000  heap_4.o(.bss)
    ucHeap                                   0x20000284   Data        3000  heap_4.o(.bss)
    .bss                                     0x20000e3c   Section      240  tasks.o(.bss)
    pxReadyTasksLists                        0x20000e3c   Data         140  tasks.o(.bss)
    xDelayedTaskList1                        0x20000ec8   Data          20  tasks.o(.bss)
    xDelayedTaskList2                        0x20000edc   Data          20  tasks.o(.bss)
    xPendingReadyList                        0x20000ef0   Data          20  tasks.o(.bss)
    xTasksWaitingTermination                 0x20000f04   Data          20  tasks.o(.bss)
    xSuspendedTaskList                       0x20000f18   Data          20  tasks.o(.bss)
    STACK                                    0x20000f30   Section     1024  startup_stm32l475xx.o(STACK)

    Global Symbols

    Symbol Name                              Value     Ov Type        Size  Object(Section)

    BuildAttributes$$THM_ISAv4$E$P$D$K$B$S$7EM$VFPi3$EXTD16$VFPS$VFMA$PE$A:L22UL41UL21$X:L11$S22US41US21$IEEE1$IW$USESV6$~STKCKD$USESV7$~SHL$OSPACE$ROPI$EBA8$MICROLIB$REQ8$PRES8$EABIv2 0x00000000   Number         0  anon$$obj.o ABSOLUTE
    __ARM_use_no_argv                        0x00000000   Number         0  main.o ABSOLUTE
    _printf_a                                0x00000000   Number         0  stubs.o ABSOLUTE
    _printf_c                                0x00000000   Number         0  stubs.o ABSOLUTE
    _printf_charcount                        0x00000000   Number         0  stubs.o ABSOLUTE
    _printf_d                                0x00000000   Number         0  stubs.o ABSOLUTE
    _printf_e                                0x00000000   Number         0  stubs.o ABSOLUTE
    _printf_f                                0x00000000   Number         0  stubs.o ABSOLUTE
    _printf_flags                            0x00000000   Number         0  stubs.o ABSOLUTE
    _printf_fp_dec                           0x00000000   Number         0  stubs.o ABSOLUTE
    _printf_fp_hex                           0x00000000   Number         0  stubs.o ABSOLUTE
    _printf_g                                0x00000000   Number         0  stubs.o ABSOLUTE
    _printf_i                                0x00000000   Number         0  stubs.o ABSOLUTE
    _printf_int_dec                          0x00000000   Number         0  stubs.o ABSOLUTE
    _printf_l                                0x00000000   Number         0  stubs.o ABSOLUTE
    _printf_lc                               0x00000000   Number         0  stubs.o ABSOLUTE
    _printf_ll                               0x00000000   Number         0  stubs.o ABSOLUTE
    _printf_lld                              0x00000000   Number         0  stubs.o ABSOLUTE
    _printf_lli                              0x00000000   Number         0  stubs.o ABSOLUTE
    _printf_llo                              0x00000000   Number         0  stubs.o ABSOLUTE
    _printf_llu                              0x00000000   Number         0  stubs.o ABSOLUTE
    _printf_llx                              0x00000000   Number         0  stubs.o ABSOLUTE
    _printf_longlong_dec                     0x00000000   Number         0  stubs.o ABSOLUTE
    _printf_longlong_hex                     0x00000000   Number         0  stubs.o ABSOLUTE
    _printf_longlong_oct                     0x00000000   Number         0  stubs.o ABSOLUTE
    _printf_ls                               0x00000000   Number         0  stubs.o ABSOLUTE
    _printf_mbtowc                           0x00000000   Number         0  stubs.o ABSOLUTE
    _printf_n                                0x00000000   Number         0  stubs.o ABSOLUTE
    _printf_o                                0x00000000   Number         0  stubs.o ABSOLUTE
    _printf_p                                0x00000000   Number         0  stubs.o ABSOLUTE
    _printf_percent                          0x00000000   Number         0  stubs.o ABSOLUTE
    _printf_pre_padding                      0x00000000   Number         0  stubs.o ABSOLUTE
    _printf_return_value                     0x00000000   Number         0  stubs.o ABSOLUTE
    _printf_s                                0x00000000   Number         0  stubs.o ABSOLUTE
    _printf_sizespec                         0x00000000   Number         0  stubs.o ABSOLUTE
    _printf_str                              0x00000000   Number         0  stubs.o ABSOLUTE
    _printf_truncate_signed                  0x00000000   Number         0  stubs.o ABSOLUTE
    _printf_truncate_unsigned                0x00000000   Number         0  stubs.o ABSOLUTE
    _printf_u                                0x00000000   Number         0  stubs.o ABSOLUTE
    _printf_wc                               0x00000000   Number         0  stubs.o ABSOLUTE
    _printf_wctomb                           0x00000000   Number         0  stubs.o ABSOLUTE
    _printf_widthprec                        0x00000000   Number         0  stubs.o ABSOLUTE
    _printf_x                                0x00000000   Number         0  stubs.o ABSOLUTE
    __cpp_initialize__aeabi_                  - Undefined Weak Reference
    __cxa_finalize                            - Undefined Weak Reference
    _clock_init                               - Undefined Weak Reference
    _microlib_exit                            - Undefined Weak Reference
    __Vectors_Size                           0x00000188   Number         0  startup_stm32l475xx.o ABSOLUTE
    __Vectors                                0x08000000   Data           4  startup_stm32l475xx.o(RESET)
    __Vectors_End                            0x08000188   Data           0  startup_stm32l475xx.o(RESET)
    __main                                   0x08000189   Thumb Code     0  entry.o(.ARM.Collect$$$$00000000)
    _main_stk                                0x08000189   Thumb Code     0  entry2.o(.ARM.Collect$$$$00000001)
    _main_scatterload                        0x0800018d   Thumb Code     0  entry5.o(.ARM.Collect$$$$00000004)
    __main_after_scatterload                 0x08000191   Thumb Code     0  entry5.o(.ARM.Collect$$$$00000004)
    _main_clock                              0x08000191   Thumb Code     0  entry7b.o(.ARM.Collect$$$$00000008)
    _main_cpp_init                           0x08000191   Thumb Code     0  entry8b.o(.ARM.Collect$$$$0000000A)
    _main_init                               0x08000191   Thumb Code     0  entry9a.o(.ARM.Collect$$$$0000000B)
    __rt_final_cpp                           0x08000199   Thumb Code     0  entry10a.o(.ARM.Collect$$$$0000000D)
    __rt_final_exit                          0x08000199   Thumb Code     0  entry11a.o(.ARM.Collect$$$$0000000F)
    SVC_Handler                              0x0800019d   Thumb Code    28  port.o(.emb_text)
    __asm___6_port_c_39a90d8d__prvStartFirstTask 0x080001bd   Thumb Code    28  port.o(.emb_text)
    __asm___6_port_c_39a90d8d__prvEnableVFP  0x080001dd   Thumb Code    16  port.o(.emb_text)
    PendSV_Handler                           0x080001f1   Thumb Code    92  port.o(.emb_text)
    vPortGetIPSR                             0x08000251   Thumb Code     6  port.o(.emb_text)
    Reset_Handler                            0x08000279   Thumb Code     8  startup_stm32l475xx.o(.text)
    ADC1_2_IRQHandler                        0x08000293   Thumb Code     0  startup_stm32l475xx.o(.text)
    ADC3_IRQHandler                          0x08000293   Thumb Code     0  startup_stm32l475xx.o(.text)
    CAN1_RX0_IRQHandler                      0x08000293   Thumb Code     0  startup_stm32l475xx.o(.text)
    CAN1_RX1_IRQHandler                      0x08000293   Thumb Code     0  startup_stm32l475xx.o(.text)
    CAN1_SCE_IRQHandler                      0x08000293   Thumb Code     0  startup_stm32l475xx.o(.text)
    CAN1_TX_IRQHandler                       0x08000293   Thumb Code     0  startup_stm32l475xx.o(.text)
    COMP_IRQHandler                          0x08000293   Thumb Code     0  startup_stm32l475xx.o(.text)
    DFSDM1_FLT0_IRQHandler                   0x08000293   Thumb Code     0  startup_stm32l475xx.o(.text)
    DFSDM1_FLT1_IRQHandler                   0x08000293   Thumb Code     0  startup_stm32l475xx.o(.text)
    DFSDM1_FLT2_IRQHandler                   0x08000293   Thumb Code     0  startup_stm32l475xx.o(.text)
    DFSDM1_FLT3_IRQHandler                   0x08000293   Thumb Code     0  startup_stm32l475xx.o(.text)
    DMA1_Channel1_IRQHandler                 0x08000293   Thumb Code     0  startup_stm32l475xx.o(.text)
    DMA1_Channel2_IRQHandler                 0x08000293   Thumb Code     0  startup_stm32l475xx.o(.text)
    DMA1_Channel3_IRQHandler                 0x08000293   Thumb Code     0  startup_stm32l475xx.o(.text)
    DMA1_Channel4_IRQHandler                 0x08000293   Thumb Code     0  startup_stm32l475xx.o(.text)
    DMA1_Channel5_IRQHandler                 0x08000293   Thumb Code     0  startup_stm32l475xx.o(.text)
    DMA1_Channel6_IRQHandler                 0x08000293   Thumb Code     0  startup_stm32l475xx.o(.text)
    DMA1_Channel7_IRQHandler                 0x08000293   Thumb Code     0  startup_stm32l475xx.o(.text)
    DMA2_Channel1_IRQHandler                 0x08000293   Thumb Code     0  startup_stm32l475xx.o(.text)
    DMA2_Channel2_IRQHandler                 0x08000293   Thumb Code     0  startup_stm32l475xx.o(.text)
    DMA2_Channel3_IRQHandler                 0x08000293   Thumb Code     0  startup_stm32l475xx.o(.text)
    DMA2_Channel4_IRQHandler                 0x08000293   Thumb Code     0  startup_stm32l475xx.o(.text)
    DMA2_Channel5_IRQHandler                 0x08000293   Thumb Code     0  startup_stm32l475xx.o(.text)
    DMA2_Channel6_IRQHandler                 0x08000293   Thumb Code     0  startup_stm32l475xx.o(.text)
    DMA2_Channel7_IRQHandler                 0x08000293   Thumb Code     0  startup_stm32l475xx.o(.text)
    EXTI0_IRQHandler                         0x08000293   Thumb Code     0  startup_stm32l475xx.o(.text)
    EXTI15_10_IRQHandler                     0x08000293   Thumb Code     0  startup_stm32l475xx.o(.text)
    EXTI1_IRQHandler                         0x08000293   Thumb Code     0  startup_stm32l475xx.o(.text)
    EXTI2_IRQHandler                         0x08000293   Thumb Code     0  startup_stm32l475xx.o(.text)
    EXTI3_IRQHandler                         0x08000293   Thumb Code     0  startup_stm32l475xx.o(.text)
    EXTI4_IRQHandler                         0x08000293   Thumb Code     0  startup_stm32l475xx.o(.text)
    EXTI9_5_IRQHandler                       0x08000293   Thumb Code     0  startup_stm32l475xx.o(.text)
    FLASH_IRQHandler                         0x08000293   Thumb Code     0  startup_stm32l475xx.o(.text)
    FMC_IRQHandler                           0x08000293   Thumb Code     0  startup_stm32l475xx.o(.text)
    FPU_IRQHandler                           0x08000293   Thumb Code     0  startup_stm32l475xx.o(.text)
    I2C1_ER_IRQHandler                       0x08000293   Thumb Code     0  startup_stm32l475xx.o(.text)
    I2C1_EV_IRQHandler                       0x08000293   Thumb Code     0  startup_stm32l475xx.o(.text)
    I2C2_ER_IRQHandler                       0x08000293   Thumb Code     0  startup_stm32l475xx.o(.text)
    I2C2_EV_IRQHandler                       0x08000293   Thumb Code     0  startup_stm32l475xx.o(.text)
    I2C3_ER_IRQHandler                       0x08000293   Thumb Code     0  startup_stm32l475xx.o(.text)
    I2C3_EV_IRQHandler                       0x08000293   Thumb Code     0  startup_stm32l475xx.o(.text)
    LPTIM1_IRQHandler                        0x08000293   Thumb Code     0  startup_stm32l475xx.o(.text)
    LPTIM2_IRQHandler                        0x08000293   Thumb Code     0  startup_stm32l475xx.o(.text)
    LPUART1_IRQHandler                       0x08000293   Thumb Code     0  startup_stm32l475xx.o(.text)
    OTG_FS_IRQHandler                        0x08000293   Thumb Code     0  startup_stm32l475xx.o(.text)
    PVD_PVM_IRQHandler                       0x08000293   Thumb Code     0  startup_stm32l475xx.o(.text)
    QUADSPI_IRQHandler                       0x08000293   Thumb Code     0  startup_stm32l475xx.o(.text)
    RCC_IRQHandler                           0x08000293   Thumb Code     0  startup_stm32l475xx.o(.text)
    RNG_IRQHandler                           0x08000293   Thumb Code     0  startup_stm32l475xx.o(.text)
    RTC_Alarm_IRQHandler                     0x08000293   Thumb Code     0  startup_stm32l475xx.o(.text)
    RTC_WKUP_IRQHandler                      0x08000293   Thumb Code     0  startup_stm32l475xx.o(.text)
    SAI1_IRQHandler                          0x08000293   Thumb Code     0  startup_stm32l475xx.o(.text)
    SAI2_IRQHandler                          0x08000293   Thumb Code     0  startup_stm32l475xx.o(.text)
    SDMMC1_IRQHandler                        0x08000293   Thumb Code     0  startup_stm32l475xx.o(.text)
    SPI1_IRQHandler                          0x08000293   Thumb Code     0  startup_stm32l475xx.o(.text)
    SPI2_IRQHandler                          0x08000293   Thumb Code     0  startup_stm32l475xx.o(.text)
    SPI3_IRQHandler                          0x08000293   Thumb Code     0  startup_stm32l475xx.o(.text)
    SWPMI1_IRQHandler                        0x08000293   Thumb Code     0  startup_stm32l475xx.o(.text)
    TAMP_STAMP_IRQHandler                    0x08000293   Thumb Code     0  startup_stm32l475xx.o(.text)
    TIM1_BRK_TIM15_IRQHandler                0x08000293   Thumb Code     0  startup_stm32l475xx.o(.text)
    TIM1_CC_IRQHandler                       0x08000293   Thumb Code     0  startup_stm32l475xx.o(.text)
    TIM1_UP_TIM16_IRQHandler                 0x08000293   Thumb Code     0  startup_stm32l475xx.o(.text)
    TIM2_IRQHandler                          0x08000293   Thumb Code     0  startup_stm32l475xx.o(.text)
    TIM3_IRQHandler                          0x08000293   Thumb Code     0  startup_stm32l475xx.o(.text)
    TIM4_IRQHandler                          0x08000293   Thumb Code     0  startup_stm32l475xx.o(.text)
    TIM5_IRQHandler                          0x08000293   Thumb Code     0  startup_stm32l475xx.o(.text)
    TIM6_DAC_IRQHandler                      0x08000293   Thumb Code     0  startup_stm32l475xx.o(.text)
    TIM7_IRQHandler                          0x08000293   Thumb Code     0  startup_stm32l475xx.o(.text)
    TIM8_BRK_IRQHandler                      0x08000293   Thumb Code     0  startup_stm32l475xx.o(.text)
    TIM8_CC_IRQHandler                       0x08000293   Thumb Code     0  startup_stm32l475xx.o(.text)
    TIM8_TRG_COM_IRQHandler                  0x08000293   Thumb Code     0  startup_stm32l475xx.o(.text)
    TIM8_UP_IRQHandler                       0x08000293   Thumb Code     0  startup_stm32l475xx.o(.text)
    TSC_IRQHandler                           0x08000293   Thumb Code     0  startup_stm32l475xx.o(.text)
    UART4_IRQHandler                         0x08000293   Thumb Code     0  startup_stm32l475xx.o(.text)
    UART5_IRQHandler                         0x08000293   Thumb Code     0  startup_stm32l475xx.o(.text)
    USART1_IRQHandler                        0x08000293   Thumb Code     0  startup_stm32l475xx.o(.text)
    USART2_IRQHandler                        0x08000293   Thumb Code     0  startup_stm32l475xx.o(.text)
    USART3_IRQHandler                        0x08000293   Thumb Code     0  startup_stm32l475xx.o(.text)
    WWDG_IRQHandler                          0x08000293   Thumb Code     0  startup_stm32l475xx.o(.text)
    __aeabi_uldivmod                         0x0800029d   Thumb Code    98  uldiv.o(.text)
    __aeabi_memcpy                           0x08000305   Thumb Code    36  memcpya.o(.text)
    __aeabi_memcpy4                          0x08000305   Thumb Code     0  memcpya.o(.text)
    __aeabi_memcpy8                          0x08000305   Thumb Code     0  memcpya.o(.text)
    __aeabi_f2d                              0x08000329   Thumb Code    38  f2d.o(.text)
    __aeabi_uidiv                            0x0800034f   Thumb Code     0  uidiv.o(.text)
    __aeabi_uidivmod                         0x0800034f   Thumb Code    44  uidiv.o(.text)
    __aeabi_llsl                             0x0800037b   Thumb Code    30  llshl.o(.text)
    _ll_shift_l                              0x0800037b   Thumb Code     0  llshl.o(.text)
    __aeabi_llsr                             0x08000399   Thumb Code    32  llushr.o(.text)
    _ll_ushift_r                             0x08000399   Thumb Code     0  llushr.o(.text)
    __I$use$fp                               0x080003b9   Thumb Code     0  iusefp.o(.text)
    __aeabi_dadd                             0x080003b9   Thumb Code   322  dadd.o(.text)
    __aeabi_dsub                             0x080004fb   Thumb Code     6  dadd.o(.text)
    __aeabi_drsub                            0x08000501   Thumb Code     6  dadd.o(.text)
    __aeabi_dmul                             0x08000517   Thumb Code   228  dmul.o(.text)
    __aeabi_ddiv                             0x08000601   Thumb Code   222  ddiv.o(.text)
    __aeabi_d2ulz                            0x080006df   Thumb Code    48  dfixul.o(.text)
    __aeabi_cdrcmple                         0x08000711   Thumb Code    48  cdrcmple.o(.text)
    __scatterload                            0x08000741   Thumb Code    28  init.o(.text)
    __scatterload_rt2                        0x08000741   Thumb Code     0  init.o(.text)
    __aeabi_lasr                             0x08000765   Thumb Code    36  llsshr.o(.text)
    _ll_sshift_r                             0x08000765   Thumb Code     0  llsshr.o(.text)
    _double_round                            0x08000789   Thumb Code    30  depilogue.o(.text)
    _double_epilogue                         0x080007a7   Thumb Code   156  depilogue.o(.text)
    __decompress                             0x08000843   Thumb Code     0  __dczerorl2.o(.text)
    __decompress1                            0x08000843   Thumb Code    86  __dczerorl2.o(.text)
    BSP_ACCELERO_AccGetXYZ                   0x08000899   Thumb Code    18  stm32l475e_iot01_accelero.o(i.BSP_ACCELERO_AccGetXYZ)
    BSP_ACCELERO_Init                        0x080008b1   Thumb Code    34  stm32l475e_iot01_accelero.o(i.BSP_ACCELERO_Init)
    BSP_GYRO_GetXYZ                          0x080008dd   Thumb Code    18  stm32l475e_iot01_gyro.o(i.BSP_GYRO_GetXYZ)
    BSP_GYRO_Init                            0x080008f5   Thumb Code    32  stm32l475e_iot01_gyro.o(i.BSP_GYRO_Init)
    BSP_HSENSOR_Init                         0x0800091d   Thumb Code    32  stm32l475e_iot01_hsensor.o(i.BSP_HSENSOR_Init)
    BSP_HSENSOR_ReadHumidity                 0x08000945   Thumb Code    10  stm32l475e_iot01_hsensor.o(i.BSP_HSENSOR_ReadHumidity)
    BSP_MAGNETO_GetXYZ                       0x08000955   Thumb Code    18  stm32l475e_iot01_magneto.o(i.BSP_MAGNETO_GetXYZ)
    BSP_MAGNETO_Init                         0x0800096d   Thumb Code    62  stm32l475e_iot01_magneto.o(i.BSP_MAGNETO_Init)
    BSP_PSENSOR_Init                         0x080009b5   Thumb Code    32  stm32l475e_iot01_psensor.o(i.BSP_PSENSOR_Init)
    BSP_PSENSOR_ReadPressure                 0x080009dd   Thumb Code    10  stm32l475e_iot01_psensor.o(i.BSP_PSENSOR_ReadPressure)
    BSP_TSENSOR_Init                         0x080009ed   Thumb Code    26  stm32l475e_iot01_tsensor.o(i.BSP_TSENSOR_Init)
    BSP_TSENSOR_ReadTemp                     0x08000a11   Thumb Code    10  stm32l475e_iot01_tsensor.o(i.BSP_TSENSOR_ReadTemp)
    BusFault_Handler                         0x08000a21   Thumb Code     2  stm32l4xx_it.o(i.BusFault_Handler)
    ButtonTimer_Callback                     0x08000a25   Thumb Code     8  main.o(i.ButtonTimer_Callback)
    DebugMon_Handler                         0x08000a31   Thumb Code     2  stm32l4xx_it.o(i.DebugMon_Handler)
    HAL_GPIO_Init                            0x08000a35   Thumb Code   414  stm32l4xx_hal_gpio.o(i.HAL_GPIO_Init)
    HAL_GPIO_ReadPin                         0x08000bff   Thumb Code    10  stm32l4xx_hal_gpio.o(i.HAL_GPIO_ReadPin)
    HAL_GPIO_WritePin                        0x08000c09   Thumb Code    10  stm32l4xx_hal_gpio.o(i.HAL_GPIO_WritePin)
    HAL_GetTick                              0x08000c15   Thumb Code     6  stm32l4xx_hal.o(i.HAL_GetTick)
    HAL_I2CEx_ConfigAnalogFilter             0x08000c21   Thumb Code    86  stm32l4xx_hal_i2c_ex.o(i.HAL_I2CEx_ConfigAnalogFilter)
    HAL_I2C_DeInit                           0x08000c77   Thumb Code    56  stm32l4xx_hal_i2c.o(i.HAL_I2C_DeInit)
    HAL_I2C_Init                             0x08000cb1   Thumb Code   184  stm32l4xx_hal_i2c.o(i.HAL_I2C_Init)
    HAL_I2C_Mem_Read                         0x08000d6d   Thumb Code   344  stm32l4xx_hal_i2c.o(i.HAL_I2C_Mem_Read)
    HAL_I2C_Mem_Write                        0x08000ed5   Thumb Code   338  stm32l4xx_hal_i2c.o(i.HAL_I2C_Mem_Write)
    HAL_I2C_MspDeInit                        0x08001033   Thumb Code     2  stm32l4xx_hal_i2c.o(i.HAL_I2C_MspDeInit)
    HAL_I2C_MspInit                          0x08001035   Thumb Code     2  stm32l4xx_hal_i2c.o(i.HAL_I2C_MspInit)
    HAL_IncTick                              0x08001039   Thumb Code    10  stm32l4xx_hal.o(i.HAL_IncTick)
    HAL_Init                                 0x08001049   Thumb Code    22  stm32l4xx_hal.o(i.HAL_Init)
    HAL_InitTick                             0x08001061   Thumb Code    98  stm32l4xx_hal_timebase_tim.o(i.HAL_InitTick)
    HAL_MspInit                              0x080010d5   Thumb Code   122  stm32l4xx_hal_msp.o(i.HAL_MspInit)
    HAL_NVIC_EnableIRQ                       0x08001155   Thumb Code    22  stm32l4xx_hal_cortex.o(i.HAL_NVIC_EnableIRQ)
    HAL_NVIC_SetPriority                     0x0800116d   Thumb Code    60  stm32l4xx_hal_cortex.o(i.HAL_NVIC_SetPriority)
    HAL_NVIC_SetPriorityGrouping             0x080011ad   Thumb Code    26  stm32l4xx_hal_cortex.o(i.HAL_NVIC_SetPriorityGrouping)
    HAL_PWREx_ControlVoltageScaling          0x080011d1   Thumb Code    86  stm32l4xx_hal_pwr_ex.o(i.HAL_PWREx_ControlVoltageScaling)
    HAL_PWREx_GetVoltageRange                0x08001235   Thumb Code    10  stm32l4xx_hal_pwr_ex.o(i.HAL_PWREx_GetVoltageRange)
    HAL_RCC_ClockConfig                      0x08001245   Thumb Code   260  stm32l4xx_hal_rcc.o(i.HAL_RCC_ClockConfig)
    HAL_RCC_GetClockConfig                   0x08001359   Thumb Code    54  stm32l4xx_hal_rcc.o(i.HAL_RCC_GetClockConfig)
    HAL_RCC_GetHCLKFreq                      0x08001399   Thumb Code     6  stm32l4xx_hal_rcc.o(i.HAL_RCC_GetHCLKFreq)
    HAL_RCC_GetPCLK1Freq                     0x080013a5   Thumb Code    20  stm32l4xx_hal_rcc.o(i.HAL_RCC_GetPCLK1Freq)
    HAL_RCC_GetPCLK2Freq                     0x080013c5   Thumb Code    20  stm32l4xx_hal_rcc.o(i.HAL_RCC_GetPCLK2Freq)
    HAL_RCC_GetSysClockFreq                  0x080013e5   Thumb Code   182  stm32l4xx_hal_rcc.o(i.HAL_RCC_GetSysClockFreq)
    HAL_RCC_OscConfig                        0x080014a9   Thumb Code  1132  stm32l4xx_hal_rcc.o(i.HAL_RCC_OscConfig)
    HAL_SYSTICK_CLKSourceConfig              0x08001915   Thumb Code    24  stm32l4xx_hal_cortex.o(i.HAL_SYSTICK_CLKSourceConfig)
    HAL_SYSTICK_Config                       0x0800192d   Thumb Code    40  stm32l4xx_hal_cortex.o(i.HAL_SYSTICK_Config)
    HAL_TIMEx_Break2Callback                 0x08001955   Thumb Code     2  stm32l4xx_hal_tim_ex.o(i.HAL_TIMEx_Break2Callback)
    HAL_TIMEx_BreakCallback                  0x08001957   Thumb Code     2  stm32l4xx_hal_tim_ex.o(i.HAL_TIMEx_BreakCallback)
    HAL_TIMEx_CommutationCallback            0x08001959   Thumb Code     2  stm32l4xx_hal_tim_ex.o(i.HAL_TIMEx_CommutationCallback)
    HAL_TIM_Base_Init                        0x0800195b   Thumb Code    54  stm32l4xx_hal_tim.o(i.HAL_TIM_Base_Init)
    HAL_TIM_Base_MspInit                     0x08001991   Thumb Code     2  stm32l4xx_hal_tim.o(i.HAL_TIM_Base_MspInit)
    HAL_TIM_Base_Start_IT                    0x08001995   Thumb Code    44  stm32l4xx_hal_tim.o(i.HAL_TIM_Base_Start_IT)
    HAL_TIM_IC_CaptureCallback               0x080019c5   Thumb Code     2  stm32l4xx_hal_tim.o(i.HAL_TIM_IC_CaptureCallback)
    HAL_TIM_IRQHandler                       0x080019c7   Thumb Code   388  stm32l4xx_hal_tim.o(i.HAL_TIM_IRQHandler)
    HAL_TIM_OC_DelayElapsedCallback          0x08001b4b   Thumb Code     2  stm32l4xx_hal_tim.o(i.HAL_TIM_OC_DelayElapsedCallback)
    HAL_TIM_PWM_PulseFinishedCallback        0x08001b4d   Thumb Code     2  stm32l4xx_hal_tim.o(i.HAL_TIM_PWM_PulseFinishedCallback)
    HAL_TIM_PeriodElapsedCallback            0x08001b51   Thumb Code    14  main.o(i.HAL_TIM_PeriodElapsedCallback)
    HAL_TIM_TriggerCallback                  0x08001b65   Thumb Code     2  stm32l4xx_hal_tim.o(i.HAL_TIM_TriggerCallback)
    HAL_UART_Init                            0x08001b67   Thumb Code   106  stm32l4xx_hal_uart.o(i.HAL_UART_Init)
    HAL_UART_MspInit                         0x08001bd1   Thumb Code     2  stm32l4xx_hal_uart.o(i.HAL_UART_MspInit)
    HAL_UART_Transmit                        0x08001bd3   Thumb Code   176  stm32l4xx_hal_uart.o(i.HAL_UART_Transmit)
    HTS221_H_Init                            0x08001c83   Thumb Code    32  hts221.o(i.HTS221_H_Init)
    HTS221_H_ReadHumidity                    0x08001ca5   Thumb Code   178  hts221.o(i.HTS221_H_ReadHumidity)
    HTS221_H_ReadID                          0x08001d65   Thumb Code    20  hts221.o(i.HTS221_H_ReadID)
    HTS221_T_Init                            0x08001d79   Thumb Code    32  hts221.o(i.HTS221_T_Init)
    HTS221_T_ReadTemp                        0x08001d99   Thumb Code   148  hts221.o(i.HTS221_T_ReadTemp)
    HardFault_Handler                        0x08001e2d   Thumb Code     2  stm32l4xx_it.o(i.HardFault_Handler)
    LIS3MDL_MagDeInit                        0x080021ed   Thumb Code    26  lis3mdl.o(i.LIS3MDL_MagDeInit)
    LIS3MDL_MagInit                          0x08002207   Thumb Code    64  lis3mdl.o(i.LIS3MDL_MagInit)
    LIS3MDL_MagLowPower                      0x08002247   Thumb Code    34  lis3mdl.o(i.LIS3MDL_MagLowPower)
    LIS3MDL_MagReadID                        0x08002269   Thumb Code    18  lis3mdl.o(i.LIS3MDL_MagReadID)
    LIS3MDL_MagReadXYZ                       0x0800227d   Thumb Code   160  lis3mdl.o(i.LIS3MDL_MagReadXYZ)
    LPS22HB_P_Init                           0x08002365   Thumb Code     4  lps22hb.o(i.LPS22HB_P_Init)
    LPS22HB_P_ReadID                         0x08002369   Thumb Code    20  lps22hb.o(i.LPS22HB_P_ReadID)
    LPS22HB_P_ReadPressure                   0x0800237d   Thumb Code    92  lps22hb.o(i.LPS22HB_P_ReadPressure)
    LSM6DSL_AccDeInit                        0x080023dd   Thumb Code    26  lsm6dsl.o(i.LSM6DSL_AccDeInit)
    LSM6DSL_AccInit                          0x080023f7   Thumb Code    56  lsm6dsl.o(i.LSM6DSL_AccInit)
    LSM6DSL_AccLowPower                      0x0800242f   Thumb Code    34  lsm6dsl.o(i.LSM6DSL_AccLowPower)
    LSM6DSL_AccReadID                        0x08002451   Thumb Code    18  lsm6dsl.o(i.LSM6DSL_AccReadID)
    LSM6DSL_AccReadXYZ                       0x08002465   Thumb Code   160  lsm6dsl.o(i.LSM6DSL_AccReadXYZ)
    LSM6DSL_GyroDeInit                       0x08002519   Thumb Code    26  lsm6dsl.o(i.LSM6DSL_GyroDeInit)
    LSM6DSL_GyroInit                         0x08002533   Thumb Code    56  lsm6dsl.o(i.LSM6DSL_GyroInit)
    LSM6DSL_GyroLowPower                     0x0800256b   Thumb Code    34  lsm6dsl.o(i.LSM6DSL_GyroLowPower)
    LSM6DSL_GyroReadID                       0x0800258d   Thumb Code    18  lsm6dsl.o(i.LSM6DSL_GyroReadID)
    LSM6DSL_GyroReadXYZAngRate               0x080025a1   Thumb Code   156  lsm6dsl.o(i.LSM6DSL_GyroReadXYZAngRate)
    MemManage_Handler                        0x080026cd   Thumb Code     2  stm32l4xx_it.o(i.MemManage_Handler)
    NMI_Handler                              0x080026cf   Thumb Code     2  stm32l4xx_it.o(i.NMI_Handler)
    Print                                    0x080026f1   Thumb Code   216  main.o(i.Print)
    Pushbutton                               0x08002881   Thumb Code   166  main.o(i.Pushbutton)
    ReadSensors                              0x08002a0d   Thumb Code   126  main.o(i.ReadSensors)
    SENSOR_IO_Init                           0x08002a95   Thumb Code     6  stm32l475e_iot01.o(i.SENSOR_IO_Init)
    SENSOR_IO_Read                           0x08002aa1   Thumb Code    32  stm32l475e_iot01.o(i.SENSOR_IO_Read)
    SENSOR_IO_ReadMultiple                   0x08002ac5   Thumb Code    20  stm32l475e_iot01.o(i.SENSOR_IO_ReadMultiple)
    SENSOR_IO_Write                          0x08002add   Thumb Code    26  stm32l475e_iot01.o(i.SENSOR_IO_Write)
    SysTick_Handler                          0x08002afd   Thumb Code     4  stm32l4xx_it.o(i.SysTick_Handler)
    SystemClock_Config                       0x08002b01   Thumb Code   124  main.o(i.SystemClock_Config)
    SystemInit                               0x08002b7d   Thumb Code    56  system_stm32l4xx.o(i.SystemInit)
    TIM1_TRG_COM_TIM17_IRQHandler            0x08002bc1   Thumb Code     6  stm32l4xx_it.o(i.TIM1_TRG_COM_TIM17_IRQHandler)
    TIM_Base_SetConfig                       0x08002bcd   Thumb Code   160  stm32l4xx_hal_tim.o(i.TIM_Base_SetConfig)
    UART_AdvFeatureConfig                    0x08002c8d   Thumb Code   200  stm32l4xx_hal_uart.o(i.UART_AdvFeatureConfig)
    UART_CheckIdleState                      0x08002d55   Thumb Code    92  stm32l4xx_hal_uart.o(i.UART_CheckIdleState)
    UART_SetConfig                           0x08002db1   Thumb Code   622  stm32l4xx_hal_uart.o(i.UART_SetConfig)
    UART_WaitOnFlagUntilTimeout              0x08003051   Thumb Code   100  stm32l4xx_hal_uart.o(i.UART_WaitOnFlagUntilTimeout)
    UART_init                                0x080030b5   Thumb Code   118  main.o(i.UART_init)
    UsageFault_Handler                       0x0800313d   Thumb Code     2  stm32l4xx_it.o(i.UsageFault_Handler)
    __0printf                                0x08003141   Thumb Code    22  printfa.o(i.__0printf)
    __1printf                                0x08003141   Thumb Code     0  printfa.o(i.__0printf)
    __2printf                                0x08003141   Thumb Code     0  printfa.o(i.__0printf)
    __c89printf                              0x08003141   Thumb Code     0  printfa.o(i.__0printf)
    printf                                   0x08003141   Thumb Code     0  printfa.o(i.__0printf)
    __scatterload_copy                       0x08003161   Thumb Code    14  handlers.o(i.__scatterload_copy)
    __scatterload_null                       0x0800316f   Thumb Code     2  handlers.o(i.__scatterload_null)
    __scatterload_zeroinit                   0x08003171   Thumb Code    14  handlers.o(i.__scatterload_zeroinit)
    fputc                                    0x08003a41   Thumb Code    26  main.o(i.fputc)
    main                                     0x08003a6d   Thumb Code   116  main.o(i.main)
    osDelay                                  0x08003af5   Thumb Code    14  cmsis_os.o(i.osDelay)
    osKernelStart                            0x08003b03   Thumb Code    10  cmsis_os.o(i.osKernelStart)
    osMutexCreate                            0x08003b0d   Thumb Code     6  cmsis_os.o(i.osMutexCreate)
    osMutexRelease                           0x08003b15   Thumb Code    74  cmsis_os.o(i.osMutexRelease)
    osMutexWait                              0x08003b65   Thumb Code   100  cmsis_os.o(i.osMutexWait)
    osSystickHandler                         0x08003bcd   Thumb Code    20  cmsis_os.o(i.osSystickHandler)
    osThreadCreate                           0x08003be1   Thumb Code    46  cmsis_os.o(i.osThreadCreate)
    osTimerCreate                            0x08003c0f   Thumb Code     4  cmsis_os.o(i.osTimerCreate)
    osTimerStop                              0x08003c13   Thumb Code     4  cmsis_os.o(i.osTimerStop)
    pvPortMalloc                             0x0800406d   Thumb Code   210  heap_4.o(i.pvPortMalloc)
    pvTaskIncrementMutexHeldCount            0x08004145   Thumb Code    18  tasks.o(i.pvTaskIncrementMutexHeldCount)
    pxPortInitialiseStack                    0x0800415d   Thumb Code    40  port.o(i.pxPortInitialiseStack)
    uxListRemove                             0x08004189   Thumb Code    36  list.o(i.uxListRemove)
    vListInitialise                          0x080041ad   Thumb Code    22  list.o(i.vListInitialise)
    vListInitialiseItem                      0x080041c3   Thumb Code     6  list.o(i.vListInitialiseItem)
    vListInsert                              0x080041c9   Thumb Code    48  list.o(i.vListInsert)
    vListInsertEnd                           0x080041f9   Thumb Code    24  list.o(i.vListInsertEnd)
    vPortEnterCritical                       0x08004211   Thumb Code    54  port.o(i.vPortEnterCritical)
    vPortExitCritical                        0x08004251   Thumb Code    34  port.o(i.vPortExitCritical)
    vPortFree                                0x08004279   Thumb Code    88  heap_4.o(i.vPortFree)
    vPortSetupTimerInterrupt                 0x080042d5   Thumb Code    26  port.o(i.vPortSetupTimerInterrupt)
    vPortValidateInterruptPriority           0x080042f5   Thumb Code    74  port.o(i.vPortValidateInterruptPriority)
    vTaskDelay                               0x08004349   Thumb Code    66  tasks.o(i.vTaskDelay)
    vTaskMissedYield                         0x08004395   Thumb Code     8  tasks.o(i.vTaskMissedYield)
    vTaskPlaceOnEventList                    0x080043a1   Thumb Code    44  tasks.o(i.vTaskPlaceOnEventList)
    vTaskPriorityInherit                     0x080043d1   Thumb Code   124  tasks.o(i.vTaskPriorityInherit)
    vTaskSetTimeOutState                     0x08004455   Thumb Code    30  tasks.o(i.vTaskSetTimeOutState)
    vTaskStartScheduler                      0x08004479   Thumb Code    86  tasks.o(i.vTaskStartScheduler)
    vTaskSuspendAll                          0x080044e1   Thumb Code    10  tasks.o(i.vTaskSuspendAll)
    vTaskSwitchContext                       0x080044f1   Thumb Code    82  tasks.o(i.vTaskSwitchContext)
    xPortStartScheduler                      0x0800454d   Thumb Code   202  port.o(i.xPortStartScheduler)
    xPortSysTickHandler                      0x0800462d   Thumb Code    38  port.o(i.xPortSysTickHandler)
    xQueueCreateMutex                        0x08004659   Thumb Code    36  queue.o(i.xQueueCreateMutex)
    xQueueGenericCreate                      0x0800467d   Thumb Code    72  queue.o(i.xQueueGenericCreate)
    xQueueGenericReceive                     0x080046c5   Thumb Code   360  queue.o(i.xQueueGenericReceive)
    xQueueGenericReset                       0x08004839   Thumb Code   132  queue.o(i.xQueueGenericReset)
    xQueueGenericSend                        0x080048c1   Thumb Code   346  queue.o(i.xQueueGenericSend)
    xQueueGiveFromISR                        0x08004a21   Thumb Code   156  queue.o(i.xQueueGiveFromISR)
    xQueueReceiveFromISR                     0x08004abd   Thumb Code   154  queue.o(i.xQueueReceiveFromISR)
    xTaskCheckForTimeOut                     0x08004b59   Thumb Code   102  tasks.o(i.xTaskCheckForTimeOut)
    xTaskCreate                              0x08004bc5   Thumb Code    86  tasks.o(i.xTaskCreate)
    xTaskGetSchedulerState                   0x08004c21   Thumb Code    22  tasks.o(i.xTaskGetSchedulerState)
    xTaskIncrementTick                       0x08004c3d   Thumb Code   192  tasks.o(i.xTaskIncrementTick)
    xTaskPriorityDisinherit                  0x08004d05   Thumb Code   144  tasks.o(i.xTaskPriorityDisinherit)
    xTaskRemoveFromEventList                 0x08004d9d   Thumb Code   108  tasks.o(i.xTaskRemoveFromEventList)
    xTaskResumeAll                           0x08004e11   Thumb Code   182  tasks.o(i.xTaskResumeAll)
    AHBPrescTable                            0x08004f14   Data          16  system_stm32l4xx.o(.constdata)
    MSIRangeTable                            0x08004f24   Data          48  system_stm32l4xx.o(.constdata)
    APBPrescTable                            0x08004f54   Data           8  system_stm32l4xx.o(.constdata)
    Region$$Table$$Base                      0x08004fdc   Number         0  anon$$obj.o(Region$$Table)
    Region$$Table$$Limit                     0x08004ffc   Number         0  anon$$obj.o(Region$$Table)
    HTS221_H_Drv                             0x20000018   Data          12  hts221.o(.data)
    HTS221_T_Drv                             0x20000024   Data          16  hts221.o(.data)
    Lis3mdlMagDrv                            0x20000034   Data          52  lis3mdl.o(.data)
    LPS22HB_P_Drv                            0x20000068   Data          12  lps22hb.o(.data)
    Lsm6dslAccDrv                            0x20000074   Data          52  lsm6dsl.o(.data)
    Lsm6dslGyroDrv                           0x200000a8   Data          52  lsm6dsl.o(.data)
    i                                        0x200000dc   Data           4  main.o(.data)
    buttonTimerExpiredFlag                   0x200000e0   Data           4  main.o(.data)
    printTaskHandle                          0x200000e4   Data           4  main.o(.data)
    sensorTaskHandle                         0x200000e8   Data           4  main.o(.data)
    buttonTaskHandle                         0x200000ec   Data           4  main.o(.data)
    mutex                                    0x200000f0   Data           4  main.o(.data)
    sensorFloat                              0x200000f4   Data           4  main.o(.data)
    buttonExec                               0x200000f8   Data           4  main.o(.data)
    buttonTimer                              0x200000fc   Data           4  main.o(.data)
    sensorArray                              0x20000100   Data           6  main.o(.data)
    uwTick                                   0x20000108   Data           4  stm32l4xx_hal.o(.data)
    SystemCoreClock                          0x2000010c   Data           4  system_stm32l4xx.o(.data)
    pxCurrentTCB                             0x20000134   Data           4  tasks.o(.data)
    __stdout                                 0x20000170   Data           4  stdout.o(.data)
    hI2cHandler                              0x20000174   Data          76  stm32l475e_iot01.o(.bss)
    handle                                   0x200001c0   Data         120  main.o(.bss)
    sensorFloatArray                         0x20000238   Data          12  main.o(.bss)
    htim17                                   0x20000244   Data          64  stm32l4xx_hal_timebase_tim.o(.bss)
    __initial_sp                             0x20001330   Data           0  startup_stm32l475xx.o(STACK)



==============================================================================

Memory Map of the image

  Image Entry point : 0x08000189

  Load Region LR_IROM1 (Base: 0x08000000, Size: 0x00005170, Max: 0x00100000, ABSOLUTE, COMPRESSED[0x00005060])

    Execution Region ER_IROM1 (Exec base: 0x08000000, Load base: 0x08000000, Size: 0x00004ffc, Max: 0x00100000, ABSOLUTE)

    Exec Addr    Load Addr    Size         Type   Attr      Idx    E Section Name        Object

    0x08000000   0x08000000   0x00000188   Data   RO            3    RESET               startup_stm32l475xx.o
    0x08000188   0x08000188   0x00000000   Code   RO         6265  * .ARM.Collect$$$$00000000  mc_w.l(entry.o)
    0x08000188   0x08000188   0x00000004   Code   RO         6537    .ARM.Collect$$$$00000001  mc_w.l(entry2.o)
    0x0800018c   0x0800018c   0x00000004   Code   RO         6540    .ARM.Collect$$$$00000004  mc_w.l(entry5.o)
    0x08000190   0x08000190   0x00000000   Code   RO         6542    .ARM.Collect$$$$00000008  mc_w.l(entry7b.o)
    0x08000190   0x08000190   0x00000000   Code   RO         6544    .ARM.Collect$$$$0000000A  mc_w.l(entry8b.o)
    0x08000190   0x08000190   0x00000008   Code   RO         6545    .ARM.Collect$$$$0000000B  mc_w.l(entry9a.o)
    0x08000198   0x08000198   0x00000000   Code   RO         6547    .ARM.Collect$$$$0000000D  mc_w.l(entry10a.o)
    0x08000198   0x08000198   0x00000000   Code   RO         6549    .ARM.Collect$$$$0000000F  mc_w.l(entry11a.o)
    0x08000198   0x08000198   0x00000004   Code   RO         6538    .ARM.Collect$$$$00002712  mc_w.l(entry2.o)
    0x0800019c   0x0800019c   0x000000da   Code   RO         5260    .emb_text           port.o
    0x08000276   0x08000276   0x00000002   PAD
    0x08000278   0x08000278   0x00000024   Code   RO            4    .text               startup_stm32l475xx.o
    0x0800029c   0x0800029c   0x00000068   Code   RO         6268    .text               mc_w.l(uldiv.o)
    0x08000304   0x08000304   0x00000024   Code   RO         6270    .text               mc_w.l(memcpya.o)
    0x08000328   0x08000328   0x00000026   Code   RO         6535    .text               mf_w.l(f2d.o)
    0x0800034e   0x0800034e   0x0000002c   Code   RO         6552    .text               mc_w.l(uidiv.o)
    0x0800037a   0x0800037a   0x0000001e   Code   RO         6554    .text               mc_w.l(llshl.o)
    0x08000398   0x08000398   0x00000020   Code   RO         6556    .text               mc_w.l(llushr.o)
    0x080003b8   0x080003b8   0x00000000   Code   RO         6558    .text               mc_w.l(iusefp.o)
    0x080003b8   0x080003b8   0x0000015e   Code   RO         6559    .text               mf_w.l(dadd.o)
    0x08000516   0x08000516   0x000000ea   Code   RO         6561    .text               mf_w.l(dmul.o)
    0x08000600   0x08000600   0x000000de   Code   RO         6563    .text               mf_w.l(ddiv.o)
    0x080006de   0x080006de   0x00000030   Code   RO         6565    .text               mf_w.l(dfixul.o)
    0x0800070e   0x0800070e   0x00000002   PAD
    0x08000710   0x08000710   0x00000030   Code   RO         6567    .text               mf_w.l(cdrcmple.o)
    0x08000740   0x08000740   0x00000024   Code   RO         6569    .text               mc_w.l(init.o)
    0x08000764   0x08000764   0x00000024   Code   RO         6571    .text               mc_w.l(llsshr.o)
    0x08000788   0x08000788   0x000000ba   Code   RO         6573    .text               mf_w.l(depilogue.o)
    0x08000842   0x08000842   0x00000056   Code   RO         6583    .text               mc_w.l(__dczerorl2.o)
    0x08000898   0x08000898   0x00000018   Code   RO          341    i.BSP_ACCELERO_AccGetXYZ  stm32l475e_iot01_accelero.o
    0x080008b0   0x080008b0   0x0000002c   Code   RO          343    i.BSP_ACCELERO_Init  stm32l475e_iot01_accelero.o
    0x080008dc   0x080008dc   0x00000018   Code   RO          399    i.BSP_GYRO_GetXYZ   stm32l475e_iot01_gyro.o
    0x080008f4   0x080008f4   0x00000028   Code   RO          400    i.BSP_GYRO_Init     stm32l475e_iot01_gyro.o
    0x0800091c   0x0800091c   0x00000028   Code   RO          445    i.BSP_HSENSOR_Init  stm32l475e_iot01_hsensor.o
    0x08000944   0x08000944   0x00000010   Code   RO          446    i.BSP_HSENSOR_ReadHumidity  stm32l475e_iot01_hsensor.o
    0x08000954   0x08000954   0x00000018   Code   RO          497    i.BSP_MAGNETO_GetXYZ  stm32l475e_iot01_magneto.o
    0x0800096c   0x0800096c   0x00000048   Code   RO          498    i.BSP_MAGNETO_Init  stm32l475e_iot01_magneto.o
    0x080009b4   0x080009b4   0x00000028   Code   RO          550    i.BSP_PSENSOR_Init  stm32l475e_iot01_psensor.o
    0x080009dc   0x080009dc   0x00000010   Code   RO          552    i.BSP_PSENSOR_ReadPressure  stm32l475e_iot01_psensor.o
    0x080009ec   0x080009ec   0x00000024   Code   RO          749    i.BSP_TSENSOR_Init  stm32l475e_iot01_tsensor.o
    0x08000a10   0x08000a10   0x00000010   Code   RO          750    i.BSP_TSENSOR_ReadTemp  stm32l475e_iot01_tsensor.o
    0x08000a20   0x08000a20   0x00000002   Code   RO         1171    i.BusFault_Handler  stm32l4xx_it.o
    0x08000a22   0x08000a22   0x00000002   PAD
    0x08000a24   0x08000a24   0x0000000c   Code   RO         1011    i.ButtonTimer_Callback  main.o
    0x08000a30   0x08000a30   0x00000002   Code   RO         1172    i.DebugMon_Handler  stm32l4xx_it.o
    0x08000a32   0x08000a32   0x00000002   PAD
    0x08000a34   0x08000a34   0x000001ca   Code   RO         3381    i.HAL_GPIO_Init     stm32l4xx_hal_gpio.o
    0x08000bfe   0x08000bfe   0x0000000a   Code   RO         3383    i.HAL_GPIO_ReadPin  stm32l4xx_hal_gpio.o
    0x08000c08   0x08000c08   0x0000000a   Code   RO         3385    i.HAL_GPIO_WritePin  stm32l4xx_hal_gpio.o
    0x08000c12   0x08000c12   0x00000002   PAD
    0x08000c14   0x08000c14   0x0000000c   Code   RO         2214    i.HAL_GetTick       stm32l4xx_hal.o
    0x08000c20   0x08000c20   0x00000056   Code   RO         2873    i.HAL_I2CEx_ConfigAnalogFilter  stm32l4xx_hal_i2c_ex.o
    0x08000c76   0x08000c76   0x00000038   Code   RO         2418    i.HAL_I2C_DeInit    stm32l4xx_hal_i2c.o
    0x08000cae   0x08000cae   0x00000002   PAD
    0x08000cb0   0x08000cb0   0x000000bc   Code   RO         2427    i.HAL_I2C_Init      stm32l4xx_hal_i2c.o
    0x08000d6c   0x08000d6c   0x00000166   Code   RO         2445    i.HAL_I2C_Mem_Read  stm32l4xx_hal_i2c.o
    0x08000ed2   0x08000ed2   0x00000002   PAD
    0x08000ed4   0x08000ed4   0x0000015e   Code   RO         2448    i.HAL_I2C_Mem_Write  stm32l4xx_hal_i2c.o
    0x08001032   0x08001032   0x00000002   Code   RO         2451    i.HAL_I2C_MspDeInit  stm32l4xx_hal_i2c.o
    0x08001034   0x08001034   0x00000002   Code   RO         2452    i.HAL_I2C_MspInit   stm32l4xx_hal_i2c.o
    0x08001036   0x08001036   0x00000002   PAD
    0x08001038   0x08001038   0x00000010   Code   RO         2218    i.HAL_IncTick       stm32l4xx_hal.o
    0x08001048   0x08001048   0x00000016   Code   RO         2219    i.HAL_Init          stm32l4xx_hal.o
    0x0800105e   0x0800105e   0x00000002   PAD
    0x08001060   0x08001060   0x00000074   Code   RO         1265    i.HAL_InitTick      stm32l4xx_hal_timebase_tim.o
    0x080010d4   0x080010d4   0x00000080   Code   RO         1241    i.HAL_MspInit       stm32l4xx_hal_msp.o
    0x08001154   0x08001154   0x00000016   Code   RO         3922    i.HAL_NVIC_EnableIRQ  stm32l4xx_hal_cortex.o
    0x0800116a   0x0800116a   0x00000002   PAD
    0x0800116c   0x0800116c   0x00000040   Code   RO         3928    i.HAL_NVIC_SetPriority  stm32l4xx_hal_cortex.o
    0x080011ac   0x080011ac   0x00000024   Code   RO         3929    i.HAL_NVIC_SetPriorityGrouping  stm32l4xx_hal_cortex.o
    0x080011d0   0x080011d0   0x00000064   Code   RO         3672    i.HAL_PWREx_ControlVoltageScaling  stm32l4xx_hal_pwr_ex.o
    0x08001234   0x08001234   0x00000010   Code   RO         3703    i.HAL_PWREx_GetVoltageRange  stm32l4xx_hal_pwr_ex.o
    0x08001244   0x08001244   0x00000114   Code   RO         2928    i.HAL_RCC_ClockConfig  stm32l4xx_hal_rcc.o
    0x08001358   0x08001358   0x00000040   Code   RO         2931    i.HAL_RCC_GetClockConfig  stm32l4xx_hal_rcc.o
    0x08001398   0x08001398   0x0000000c   Code   RO         2932    i.HAL_RCC_GetHCLKFreq  stm32l4xx_hal_rcc.o
    0x080013a4   0x080013a4   0x00000020   Code   RO         2934    i.HAL_RCC_GetPCLK1Freq  stm32l4xx_hal_rcc.o
    0x080013c4   0x080013c4   0x00000020   Code   RO         2935    i.HAL_RCC_GetPCLK2Freq  stm32l4xx_hal_rcc.o
    0x080013e4   0x080013e4   0x000000c4   Code   RO         2936    i.HAL_RCC_GetSysClockFreq  stm32l4xx_hal_rcc.o
    0x080014a8   0x080014a8   0x0000046c   Code   RO         2939    i.HAL_RCC_OscConfig  stm32l4xx_hal_rcc.o
    0x08001914   0x08001914   0x00000018   Code   RO         3931    i.HAL_SYSTICK_CLKSourceConfig  stm32l4xx_hal_cortex.o
    0x0800192c   0x0800192c   0x00000028   Code   RO         3933    i.HAL_SYSTICK_Config  stm32l4xx_hal_cortex.o
    0x08001954   0x08001954   0x00000002   Code   RO         1946    i.HAL_TIMEx_Break2Callback  stm32l4xx_hal_tim_ex.o
    0x08001956   0x08001956   0x00000002   Code   RO         1947    i.HAL_TIMEx_BreakCallback  stm32l4xx_hal_tim_ex.o
    0x08001958   0x08001958   0x00000002   Code   RO         1948    i.HAL_TIMEx_CommutationCallback  stm32l4xx_hal_tim_ex.o
    0x0800195a   0x0800195a   0x00000036   Code   RO         1307    i.HAL_TIM_Base_Init  stm32l4xx_hal_tim.o
    0x08001990   0x08001990   0x00000002   Code   RO         1309    i.HAL_TIM_Base_MspInit  stm32l4xx_hal_tim.o
    0x08001992   0x08001992   0x00000002   PAD
    0x08001994   0x08001994   0x00000030   Code   RO         1312    i.HAL_TIM_Base_Start_IT  stm32l4xx_hal_tim.o
    0x080019c4   0x080019c4   0x00000002   Code   RO         1336    i.HAL_TIM_IC_CaptureCallback  stm32l4xx_hal_tim.o
    0x080019c6   0x080019c6   0x00000184   Code   RO         1349    i.HAL_TIM_IRQHandler  stm32l4xx_hal_tim.o
    0x08001b4a   0x08001b4a   0x00000002   Code   RO         1352    i.HAL_TIM_OC_DelayElapsedCallback  stm32l4xx_hal_tim.o
    0x08001b4c   0x08001b4c   0x00000002   Code   RO         1379    i.HAL_TIM_PWM_PulseFinishedCallback  stm32l4xx_hal_tim.o
    0x08001b4e   0x08001b4e   0x00000002   PAD
    0x08001b50   0x08001b50   0x00000014   Code   RO         1012    i.HAL_TIM_PeriodElapsedCallback  main.o
    0x08001b64   0x08001b64   0x00000002   Code   RO         1390    i.HAL_TIM_TriggerCallback  stm32l4xx_hal_tim.o
    0x08001b66   0x08001b66   0x0000006a   Code   RO         4078    i.HAL_UART_Init     stm32l4xx_hal_uart.o
    0x08001bd0   0x08001bd0   0x00000002   Code   RO         4080    i.HAL_UART_MspInit  stm32l4xx_hal_uart.o
    0x08001bd2   0x08001bd2   0x000000b0   Code   RO         4086    i.HAL_UART_Transmit  stm32l4xx_hal_uart.o
    0x08001c82   0x08001c82   0x00000020   Code   RO          781    i.HTS221_H_Init     hts221.o
    0x08001ca2   0x08001ca2   0x00000002   PAD
    0x08001ca4   0x08001ca4   0x000000c0   Code   RO          782    i.HTS221_H_ReadHumidity  hts221.o
    0x08001d64   0x08001d64   0x00000014   Code   RO          783    i.HTS221_H_ReadID   hts221.o
    0x08001d78   0x08001d78   0x00000020   Code   RO          784    i.HTS221_T_Init     hts221.o
    0x08001d98   0x08001d98   0x00000094   Code   RO          785    i.HTS221_T_ReadTemp  hts221.o
    0x08001e2c   0x08001e2c   0x00000002   Code   RO         1173    i.HardFault_Handler  stm32l4xx_it.o
    0x08001e2e   0x08001e2e   0x00000022   Code   RO         2474    i.I2C_Flush_TXDR    stm32l4xx_hal_i2c.o
    0x08001e50   0x08001e50   0x00000084   Code   RO         2482    i.I2C_IsAcknowledgeFailed  stm32l4xx_hal_i2c.o
    0x08001ed4   0x08001ed4   0x00000064   Code   RO         2485    i.I2C_RequestMemoryRead  stm32l4xx_hal_i2c.o
    0x08001f38   0x08001f38   0x00000064   Code   RO         2486    i.I2C_RequestMemoryWrite  stm32l4xx_hal_i2c.o
    0x08001f9c   0x08001f9c   0x0000002c   Code   RO         2489    i.I2C_TransferConfig  stm32l4xx_hal_i2c.o
    0x08001fc8   0x08001fc8   0x00000058   Code   RO         2490    i.I2C_WaitOnFlagUntilTimeout  stm32l4xx_hal_i2c.o
    0x08002020   0x08002020   0x0000004c   Code   RO         2492    i.I2C_WaitOnSTOPFlagUntilTimeout  stm32l4xx_hal_i2c.o
    0x0800206c   0x0800206c   0x00000050   Code   RO         2493    i.I2C_WaitOnTXISFlagUntilTimeout  stm32l4xx_hal_i2c.o
    0x080020bc   0x080020bc   0x00000012   Code   RO           25    i.I2Cx_Error        stm32l475e_iot01.o
    0x080020ce   0x080020ce   0x00000002   PAD
    0x080020d0   0x080020d0   0x0000003c   Code   RO           26    i.I2Cx_Init         stm32l475e_iot01.o
    0x0800210c   0x0800210c   0x0000008c   Code   RO           27    i.I2Cx_MspInit      stm32l475e_iot01.o
    0x08002198   0x08002198   0x0000002a   Code   RO           28    i.I2Cx_ReadMultiple  stm32l475e_iot01.o
    0x080021c2   0x080021c2   0x0000002a   Code   RO           29    i.I2Cx_WriteMultiple  stm32l475e_iot01.o
    0x080021ec   0x080021ec   0x0000001a   Code   RO          830    i.LIS3MDL_MagDeInit  lis3mdl.o
    0x08002206   0x08002206   0x00000040   Code   RO          831    i.LIS3MDL_MagInit   lis3mdl.o
    0x08002246   0x08002246   0x00000022   Code   RO          832    i.LIS3MDL_MagLowPower  lis3mdl.o
    0x08002268   0x08002268   0x00000012   Code   RO          833    i.LIS3MDL_MagReadID  lis3mdl.o
    0x0800227a   0x0800227a   0x00000002   PAD
    0x0800227c   0x0800227c   0x000000b4   Code   RO          834    i.LIS3MDL_MagReadXYZ  lis3mdl.o
    0x08002330   0x08002330   0x00000034   Code   RO          875    i.LPS22HB_Init      lps22hb.o
    0x08002364   0x08002364   0x00000004   Code   RO          876    i.LPS22HB_P_Init    lps22hb.o
    0x08002368   0x08002368   0x00000014   Code   RO          877    i.LPS22HB_P_ReadID  lps22hb.o
    0x0800237c   0x0800237c   0x00000060   Code   RO          878    i.LPS22HB_P_ReadPressure  lps22hb.o
    0x080023dc   0x080023dc   0x0000001a   Code   RO          929    i.LSM6DSL_AccDeInit  lsm6dsl.o
    0x080023f6   0x080023f6   0x00000038   Code   RO          930    i.LSM6DSL_AccInit   lsm6dsl.o
    0x0800242e   0x0800242e   0x00000022   Code   RO          931    i.LSM6DSL_AccLowPower  lsm6dsl.o
    0x08002450   0x08002450   0x00000012   Code   RO          932    i.LSM6DSL_AccReadID  lsm6dsl.o
    0x08002462   0x08002462   0x00000002   PAD
    0x08002464   0x08002464   0x000000b4   Code   RO          933    i.LSM6DSL_AccReadXYZ  lsm6dsl.o
    0x08002518   0x08002518   0x0000001a   Code   RO          934    i.LSM6DSL_GyroDeInit  lsm6dsl.o
    0x08002532   0x08002532   0x00000038   Code   RO          935    i.LSM6DSL_GyroInit  lsm6dsl.o
    0x0800256a   0x0800256a   0x00000022   Code   RO          936    i.LSM6DSL_GyroLowPower  lsm6dsl.o
    0x0800258c   0x0800258c   0x00000012   Code   RO          937    i.LSM6DSL_GyroReadID  lsm6dsl.o
    0x0800259e   0x0800259e   0x00000002   PAD
    0x080025a0   0x080025a0   0x000000b0   Code   RO          938    i.LSM6DSL_GyroReadXYZAngRate  lsm6dsl.o
    0x08002650   0x08002650   0x0000007c   Code   RO         1013    i.MX_GPIO_Init      main.o
    0x080026cc   0x080026cc   0x00000002   Code   RO         1174    i.MemManage_Handler  stm32l4xx_it.o
    0x080026ce   0x080026ce   0x00000002   Code   RO         1175    i.NMI_Handler       stm32l4xx_it.o
    0x080026d0   0x080026d0   0x00000020   Code   RO         3935    i.NVIC_SetPriority  stm32l4xx_hal_cortex.o
    0x080026f0   0x080026f0   0x00000190   Code   RO         1014    i.Print             main.o
    0x08002880   0x08002880   0x00000110   Code   RO         1015    i.Pushbutton        main.o
    0x08002990   0x08002990   0x0000007c   Code   RO         2940    i.RCC_SetFlashLatencyFromMSIRange  stm32l4xx_hal_rcc.o
    0x08002a0c   0x08002a0c   0x00000088   Code   RO         1016    i.ReadSensors       main.o
    0x08002a94   0x08002a94   0x0000000c   Code   RO           40    i.SENSOR_IO_Init    stm32l475e_iot01.o
    0x08002aa0   0x08002aa0   0x00000024   Code   RO           42    i.SENSOR_IO_Read    stm32l475e_iot01.o
    0x08002ac4   0x08002ac4   0x00000018   Code   RO           43    i.SENSOR_IO_ReadMultiple  stm32l475e_iot01.o
    0x08002adc   0x08002adc   0x00000020   Code   RO           44    i.SENSOR_IO_Write   stm32l475e_iot01.o
    0x08002afc   0x08002afc   0x00000004   Code   RO         1176    i.SysTick_Handler   stm32l4xx_it.o
    0x08002b00   0x08002b00   0x0000007c   Code   RO         1017    i.SystemClock_Config  main.o
    0x08002b7c   0x08002b7c   0x00000044   Code   RO         5156    i.SystemInit        system_stm32l4xx.o
    0x08002bc0   0x08002bc0   0x0000000c   Code   RO         1177    i.TIM1_TRG_COM_TIM17_IRQHandler  stm32l4xx_it.o
    0x08002bcc   0x08002bcc   0x000000c0   Code   RO         1391    i.TIM_Base_SetConfig  stm32l4xx_hal_tim.o
    0x08002c8c   0x08002c8c   0x000000c8   Code   RO         4091    i.UART_AdvFeatureConfig  stm32l4xx_hal_uart.o
    0x08002d54   0x08002d54   0x0000005c   Code   RO         4092    i.UART_CheckIdleState  stm32l4xx_hal_uart.o
    0x08002db0   0x08002db0   0x000002a0   Code   RO         4107    i.UART_SetConfig    stm32l4xx_hal_uart.o
    0x08003050   0x08003050   0x00000064   Code   RO         4110    i.UART_WaitOnFlagUntilTimeout  stm32l4xx_hal_uart.o
    0x080030b4   0x080030b4   0x00000088   Code   RO         1018    i.UART_init         main.o
    0x0800313c   0x0800313c   0x00000002   Code   RO         1178    i.UsageFault_Handler  stm32l4xx_it.o
    0x0800313e   0x0800313e   0x00000002   PAD
    0x08003140   0x08003140   0x00000020   Code   RO         6507    i.__0printf         mc_w.l(printfa.o)
    0x08003160   0x08003160   0x0000000e   Code   RO         6577    i.__scatterload_copy  mc_w.l(handlers.o)
    0x0800316e   0x0800316e   0x00000002   Code   RO         6578    i.__scatterload_null  mc_w.l(handlers.o)
    0x08003170   0x08003170   0x0000000e   Code   RO         6579    i.__scatterload_zeroinit  mc_w.l(handlers.o)
    0x0800317e   0x0800317e   0x00000002   PAD
    0x08003180   0x08003180   0x0000018a   Code   RO         6514    i._fp_digits        mc_w.l(printfa.o)
    0x0800330a   0x0800330a   0x00000002   PAD
    0x0800330c   0x0800330c   0x000006e2   Code   RO         6515    i._printf_core      mc_w.l(printfa.o)
    0x080039ee   0x080039ee   0x00000024   Code   RO         6516    i._printf_post_padding  mc_w.l(printfa.o)
    0x08003a12   0x08003a12   0x0000002e   Code   RO         6517    i._printf_pre_padding  mc_w.l(printfa.o)
    0x08003a40   0x08003a40   0x00000020   Code   RO         1021    i.fputc             main.o
    0x08003a60   0x08003a60   0x0000000c   Code   RO         5890    i.inHandlerMode     cmsis_os.o
    0x08003a6c   0x08003a6c   0x0000007c   Code   RO         1022    i.main              main.o
    0x08003ae8   0x08003ae8   0x0000000c   Code   RO         5892    i.makeFreeRtosPriority  cmsis_os.o
    0x08003af4   0x08003af4   0x0000000e   Code   RO         5894    i.osDelay           cmsis_os.o
    0x08003b02   0x08003b02   0x0000000a   Code   RO         5897    i.osKernelStart     cmsis_os.o
    0x08003b0c   0x08003b0c   0x00000006   Code   RO         5912    i.osMutexCreate     cmsis_os.o
    0x08003b12   0x08003b12   0x00000002   PAD
    0x08003b14   0x08003b14   0x00000050   Code   RO         5914    i.osMutexRelease    cmsis_os.o
    0x08003b64   0x08003b64   0x00000068   Code   RO         5915    i.osMutexWait       cmsis_os.o
    0x08003bcc   0x08003bcc   0x00000014   Code   RO         5930    i.osSystickHandler  cmsis_os.o
    0x08003be0   0x08003be0   0x0000002e   Code   RO         5931    i.osThreadCreate    cmsis_os.o
    0x08003c0e   0x08003c0e   0x00000004   Code   RO         5942    i.osTimerCreate     cmsis_os.o
    0x08003c12   0x08003c12   0x00000004   Code   RO         5945    i.osTimerStop       cmsis_os.o
    0x08003c16   0x08003c16   0x00000002   PAD
    0x08003c18   0x08003c18   0x00000070   Code   RO         5603    i.prvAddCurrentTaskToDelayedList  tasks.o
    0x08003c88   0x08003c88   0x000000d0   Code   RO         5604    i.prvAddNewTaskToReadyList  tasks.o
    0x08003d58   0x08003d58   0x00000050   Code   RO         5605    i.prvCheckTasksWaitingTermination  tasks.o
    0x08003da8   0x08003da8   0x00000026   Code   RO         5463    i.prvCopyDataFromQueue  queue.o
    0x08003dce   0x08003dce   0x0000006c   Code   RO         5464    i.prvCopyDataToQueue  queue.o
    0x08003e3a   0x08003e3a   0x00000014   Code   RO         5606    i.prvDeleteTCB      tasks.o
    0x08003e4e   0x08003e4e   0x00000002   PAD
    0x08003e50   0x08003e50   0x00000048   Code   RO         5190    i.prvHeapInit       heap_4.o
    0x08003e98   0x08003e98   0x00000028   Code   RO         5607    i.prvIdleTask       tasks.o
    0x08003ec0   0x08003ec0   0x0000008e   Code   RO         5608    i.prvInitialiseNewTask  tasks.o
    0x08003f4e   0x08003f4e   0x00000002   PAD
    0x08003f50   0x08003f50   0x0000004c   Code   RO         5191    i.prvInsertBlockIntoFreeList  heap_4.o
    0x08003f9c   0x08003f9c   0x0000001c   Code   RO         5465    i.prvIsQueueEmpty   queue.o
    0x08003fb8   0x08003fb8   0x00000020   Code   RO         5609    i.prvResetNextTaskUnblockTime  tasks.o
    0x08003fd8   0x08003fd8   0x00000028   Code   RO         5261    i.prvTaskExitError  port.o
    0x08004000   0x08004000   0x0000006a   Code   RO         5466    i.prvUnlockQueue    queue.o
    0x0800406a   0x0800406a   0x00000002   PAD
    0x0800406c   0x0800406c   0x000000d8   Code   RO         5192    i.pvPortMalloc      heap_4.o
    0x08004144   0x08004144   0x00000018   Code   RO         5611    i.pvTaskIncrementMutexHeldCount  tasks.o
    0x0800415c   0x0800415c   0x0000002c   Code   RO         5262    i.pxPortInitialiseStack  port.o
    0x08004188   0x08004188   0x00000024   Code   RO         5426    i.uxListRemove      list.o
    0x080041ac   0x080041ac   0x00000016   Code   RO         5427    i.vListInitialise   list.o
    0x080041c2   0x080041c2   0x00000006   Code   RO         5428    i.vListInitialiseItem  list.o
    0x080041c8   0x080041c8   0x00000030   Code   RO         5429    i.vListInsert       list.o
    0x080041f8   0x080041f8   0x00000018   Code   RO         5430    i.vListInsertEnd    list.o
    0x08004210   0x08004210   0x00000040   Code   RO         5264    i.vPortEnterCritical  port.o
    0x08004250   0x08004250   0x00000028   Code   RO         5265    i.vPortExitCritical  port.o
    0x08004278   0x08004278   0x0000005c   Code   RO         5193    i.vPortFree         heap_4.o
    0x080042d4   0x080042d4   0x00000020   Code   RO         5266    i.vPortSetupTimerInterrupt  port.o
    0x080042f4   0x080042f4   0x00000054   Code   RO         5267    i.vPortValidateInterruptPriority  port.o
    0x08004348   0x08004348   0x0000004c   Code   RO         5617    i.vTaskDelay        tasks.o
    0x08004394   0x08004394   0x0000000c   Code   RO         5620    i.vTaskMissedYield  tasks.o
    0x080043a0   0x080043a0   0x00000030   Code   RO         5622    i.vTaskPlaceOnEventList  tasks.o
    0x080043d0   0x080043d0   0x00000084   Code   RO         5624    i.vTaskPriorityInherit  tasks.o
    0x08004454   0x08004454   0x00000024   Code   RO         5627    i.vTaskSetTimeOutState  tasks.o
    0x08004478   0x08004478   0x00000068   Code   RO         5628    i.vTaskStartScheduler  tasks.o
    0x080044e0   0x080044e0   0x00000010   Code   RO         5630    i.vTaskSuspendAll   tasks.o
    0x080044f0   0x080044f0   0x0000005c   Code   RO         5631    i.vTaskSwitchContext  tasks.o
    0x0800454c   0x0800454c   0x000000e0   Code   RO         5268    i.xPortStartScheduler  port.o
    0x0800462c   0x0800462c   0x0000002c   Code   RO         5269    i.xPortSysTickHandler  port.o
    0x08004658   0x08004658   0x00000024   Code   RO         5473    i.xQueueCreateMutex  queue.o
    0x0800467c   0x0800467c   0x00000048   Code   RO         5474    i.xQueueGenericCreate  queue.o
    0x080046c4   0x080046c4   0x00000172   Code   RO         5475    i.xQueueGenericReceive  queue.o
    0x08004836   0x08004836   0x00000002   PAD
    0x08004838   0x08004838   0x00000088   Code   RO         5476    i.xQueueGenericReset  queue.o
    0x080048c0   0x080048c0   0x00000160   Code   RO         5477    i.xQueueGenericSend  queue.o
    0x08004a20   0x08004a20   0x0000009c   Code   RO         5479    i.xQueueGiveFromISR  queue.o
    0x08004abc   0x08004abc   0x0000009a   Code   RO         5483    i.xQueueReceiveFromISR  queue.o
    0x08004b56   0x08004b56   0x00000002   PAD
    0x08004b58   0x08004b58   0x0000006c   Code   RO         5632    i.xTaskCheckForTimeOut  tasks.o
    0x08004bc4   0x08004bc4   0x0000005c   Code   RO         5633    i.xTaskCreate       tasks.o
    0x08004c20   0x08004c20   0x0000001c   Code   RO         5637    i.xTaskGetSchedulerState  tasks.o
    0x08004c3c   0x08004c3c   0x000000c8   Code   RO         5640    i.xTaskIncrementTick  tasks.o
    0x08004d04   0x08004d04   0x00000098   Code   RO         5643    i.xTaskPriorityDisinherit  tasks.o
    0x08004d9c   0x08004d9c   0x00000074   Code   RO         5644    i.xTaskRemoveFromEventList  tasks.o
    0x08004e10   0x08004e10   0x000000c4   Code   RO         5646    i.xTaskResumeAll    tasks.o
    0x08004ed4   0x08004ed4   0x00000040   Data   RO         1024    .constdata          main.o
    0x08004f14   0x08004f14   0x00000040   Data   RO         5157    .constdata          system_stm32l4xx.o
    0x08004f54   0x08004f54   0x00000008   Data   RO         5158    .constdata          system_stm32l4xx.o
    0x08004f5c   0x08004f5c   0x0000007e   Data   RO         1025    .conststring        main.o
    0x08004fda   0x08004fda   0x00000002   PAD
    0x08004fdc   0x08004fdc   0x00000020   Data   RO         6575    Region$$Table       anon$$obj.o


    Execution Region RW_IRAM1 (Exec base: 0x20000000, Load base: 0x08004ffc, Size: 0x00001330, Max: 0x00018000, ABSOLUTE, COMPRESSED[0x00000064])

    Exec Addr    Load Addr    Size         Type   Attr      Idx    E Section Name        Object

    0x20000000   COMPRESSED   0x00000004   Data   RW          345    .data               stm32l475e_iot01_accelero.o
    0x20000004   COMPRESSED   0x00000004   Data   RW          402    .data               stm32l475e_iot01_gyro.o
    0x20000008   COMPRESSED   0x00000004   Data   RW          448    .data               stm32l475e_iot01_hsensor.o
    0x2000000c   COMPRESSED   0x00000004   Data   RW          500    .data               stm32l475e_iot01_magneto.o
    0x20000010   COMPRESSED   0x00000004   Data   RW          553    .data               stm32l475e_iot01_psensor.o
    0x20000014   COMPRESSED   0x00000004   Data   RW          751    .data               stm32l475e_iot01_tsensor.o
    0x20000018   COMPRESSED   0x0000000c   Data   RW          786    .data               hts221.o
    0x20000024   COMPRESSED   0x00000010   Data   RW          787    .data               hts221.o
    0x20000034   COMPRESSED   0x00000034   Data   RW          835    .data               lis3mdl.o
    0x20000068   COMPRESSED   0x0000000c   Data   RW          881    .data               lps22hb.o
    0x20000074   COMPRESSED   0x00000034   Data   RW          939    .data               lsm6dsl.o
    0x200000a8   COMPRESSED   0x00000034   Data   RW          940    .data               lsm6dsl.o
    0x200000dc   COMPRESSED   0x0000002a   Data   RW         1026    .data               main.o
    0x20000106   COMPRESSED   0x00000002   PAD
    0x20000108   COMPRESSED   0x00000004   Data   RW         2235    .data               stm32l4xx_hal.o
    0x2000010c   COMPRESSED   0x00000004   Data   RW         5159    .data               system_stm32l4xx.o
    0x20000110   COMPRESSED   0x00000018   Data   RW         5198    .data               heap_4.o
    0x20000128   COMPRESSED   0x0000000c   Data   RW         5270    .data               port.o
    0x20000134   COMPRESSED   0x0000003c   Data   RW         5649    .data               tasks.o
    0x20000170   COMPRESSED   0x00000004   Data   RW         6551    .data               mc_w.l(stdout.o)
    0x20000174        -       0x0000004c   Zero   RW           46    .bss                stm32l475e_iot01.o
    0x200001c0        -       0x00000084   Zero   RW         1023    .bss                main.o
    0x20000244        -       0x00000040   Zero   RW         1268    .bss                stm32l4xx_hal_timebase_tim.o
    0x20000284        -       0x00000bb8   Zero   RW         5197    .bss                heap_4.o
    0x20000e3c        -       0x000000f0   Zero   RW         5648    .bss                tasks.o
    0x20000f2c   COMPRESSED   0x00000004   PAD
    0x20000f30        -       0x00000400   Zero   RW            1    STACK               startup_stm32l475xx.o


==============================================================================

Image component sizes


      Code (inc. data)   RO Data    RW Data    ZI Data      Debug   Object Name

       312         10          0          0          0      19441   cmsis_os.o
         0          0          0          0          0       8164   event_groups.o
       456         22          0         24       3000       9071   heap_4.o
       424         14          0         28          0       5654   hts221.o
       322         20          0         52          0       5249   lis3mdl.o
       136          0          0          0          0       3770   list.o
       172          4          0         12          0       4483   lps22hb.o
       624         40          0        104          0      10549   lsm6dsl.o
      1380        356        190         42        132      28869   main.o
       790         84          0         12          0      12349   port.o
      1556         14          0          0          0      14809   queue.o
        36          8        392          0       1024        872   startup_stm32l475xx.o
       406         38          0          0         76     818560   stm32l475e_iot01.o
        68         16          0          4          0       5105   stm32l475e_iot01_accelero.o
        64         14          0          4          0       1970   stm32l475e_iot01_gyro.o
        56         14          0          4          0       3318   stm32l475e_iot01_hsensor.o
        96         16          0          4          0       3472   stm32l475e_iot01_magneto.o
        56         14          0          4          0       2522   stm32l475e_iot01_psensor.o
        52         16          0          4          0       1906   stm32l475e_iot01_tsensor.o
        50         12          0          4          0       3080   stm32l4xx_hal.o
       218         14          0          0          0      31301   stm32l4xx_hal_cortex.o
       478         38          0          0          0       3339   stm32l4xx_hal_gpio.o
      1610         38          0          0          0      14121   stm32l4xx_hal_i2c.o
        86          0          0          0          0       1211   stm32l4xx_hal_i2c_ex.o
       128          6          0          0          0        982   stm32l4xx_hal_msp.o
       116         20          0          0          0       1438   stm32l4xx_hal_pwr_ex.o
      1868        102          0          0          0       8077   stm32l4xx_hal_rcc.o
       692         36          0          0          0       7648   stm32l4xx_hal_tim.o
         6          0          0          0          0       2325   stm32l4xx_hal_tim_ex.o
       116         18          0          0         64       1561   stm32l4xx_hal_timebase_tim.o
      1348         70          0          0          0       7236   stm32l4xx_hal_uart.o
        28          6          0          0          0       3971   stm32l4xx_it.o
        68         12         72          4          0       1333   system_stm32l4xx.o
      2066        172          0         60        240      23325   tasks.o

    ----------------------------------------------------------------------
     15932       1244        688        368       4540    1071081   Object Totals
         0          0         32          0          0          0   (incl. Generated)
        48          0          2          2          4          0   (incl. Padding)

    ----------------------------------------------------------------------

      Code (inc. data)   RO Data    RW Data    ZI Data      Debug   Library Member Name

        86          0          0          0          0          0   __dczerorl2.o
         0          0          0          0          0          0   entry.o
         0          0          0          0          0          0   entry10a.o
         0          0          0          0          0          0   entry11a.o
         8          4          0          0          0          0   entry2.o
         4          0          0          0          0          0   entry5.o
         0          0          0          0          0          0   entry7b.o
         0          0          0          0          0          0   entry8b.o
         8          4          0          0          0          0   entry9a.o
        30          0          0          0          0          0   handlers.o
        36          8          0          0          0         68   init.o
         0          0          0          0          0          0   iusefp.o
        30          0          0          0          0         68   llshl.o
        36          0          0          0          0         68   llsshr.o
        32          0          0          0          0         68   llushr.o
        36          0          0          0          0         68   memcpya.o
      2270         90          0          0          0        452   printfa.o
         0          0          0          4          0          0   stdout.o
        44          0          0          0          0         80   uidiv.o
       104          0          0          0          0         92   uldiv.o
        48          0          0          0          0         68   cdrcmple.o
       350          0          0          0          0        148   dadd.o
       222          0          0          0          0        100   ddiv.o
       186          0          0          0          0        176   depilogue.o
        48          0          0          0          0         68   dfixul.o
       234          0          0          0          0         96   dmul.o
        38          0          0          0          0         68   f2d.o

    ----------------------------------------------------------------------
      3856        106          0          4          0       1688   Library Totals
         6          0          0          0          0          0   (incl. Padding)

    ----------------------------------------------------------------------

      Code (inc. data)   RO Data    RW Data    ZI Data      Debug   Library Name

      2724        106          0          4          0        964   mc_w.l
      1126          0          0          0          0        724   mf_w.l

    ----------------------------------------------------------------------
      3856        106          0          4          0       1688   Library Totals

    ----------------------------------------------------------------------

==============================================================================


      Code (inc. data)   RO Data    RW Data    ZI Data      Debug   

     19788       1350        688        372       4540    1054421   Grand Totals
     19788       1350        688        100       4540    1054421   ELF Image Totals (compressed)
     19788       1350        688        100          0          0   ROM Totals

==============================================================================

    Total RO  Size (Code + RO Data)                20476 (  20.00kB)
    Total RW  Size (RW Data + ZI Data)              4912 (   4.80kB)
    Total ROM Size (Code + RO Data + RW Data)      20576 (  20.09kB)

==============================================================================

