Component: ARM Compiler 5.05 update 2 (build 169) Tool: armlink [4d0f33]

==============================================================================

Section Cross References

    startup_stm32l475xx.o(RESET) refers to startup_stm32l475xx.o(STACK) for __initial_sp
    startup_stm32l475xx.o(RESET) refers to startup_stm32l475xx.o(.text) for Reset_Handler
    startup_stm32l475xx.o(RESET) refers to stm32l4xx_it.o(i.NMI_Handler) for NMI_Handler
    startup_stm32l475xx.o(RESET) refers to stm32l4xx_it.o(i.HardFault_Handler) for HardFault_Handler
    startup_stm32l475xx.o(RESET) refers to stm32l4xx_it.o(i.MemManage_Handler) for MemManage_Handler
    startup_stm32l475xx.o(RESET) refers to stm32l4xx_it.o(i.BusFault_Handler) for BusFault_Handler
    startup_stm32l475xx.o(RESET) refers to stm32l4xx_it.o(i.UsageFault_Handler) for UsageFault_Handler
    startup_stm32l475xx.o(RESET) refers to port.o(.emb_text) for SVC_Handler
    startup_stm32l475xx.o(RESET) refers to stm32l4xx_it.o(i.DebugMon_Handler) for DebugMon_Handler
    startup_stm32l475xx.o(RESET) refers to stm32l4xx_it.o(i.SysTick_Handler) for SysTick_Handler
    startup_stm32l475xx.o(RESET) refers to stm32l4xx_it.o(i.TIM1_TRG_COM_TIM17_IRQHandler) for TIM1_TRG_COM_TIM17_IRQHandler
    startup_stm32l475xx.o(RESET) refers to stm32l4xx_it.o(i.TIM2_IRQHandler) for TIM2_IRQHandler
    startup_stm32l475xx.o(.text) refers to system_stm32l4xx.o(i.SystemInit) for SystemInit
    startup_stm32l475xx.o(.text) refers to entry.o(.ARM.Collect$$$$00000000) for __main
    main.o(i.HAL_TIM_PeriodElapsedCallback) refers to stm32l4xx_hal.o(i.HAL_IncTick) for HAL_IncTick
    main.o(i.MX_DAC1_Init) refers to stm32l4xx_hal_dac.o(i.HAL_DAC_Init) for HAL_DAC_Init
    main.o(i.MX_DAC1_Init) refers to stm32l4xx_hal_dac.o(i.HAL_DAC_ConfigChannel) for HAL_DAC_ConfigChannel
    main.o(i.MX_DAC1_Init) refers to main.o(.bss) for .bss
    main.o(i.MX_DFSDM1_Init) refers to stm32l4xx_hal_dfsdm.o(i.HAL_DFSDM_FilterInit) for HAL_DFSDM_FilterInit
    main.o(i.MX_DFSDM1_Init) refers to stm32l4xx_hal_dfsdm.o(i.HAL_DFSDM_ChannelInit) for HAL_DFSDM_ChannelInit
    main.o(i.MX_DFSDM1_Init) refers to stm32l4xx_hal_dfsdm.o(i.HAL_DFSDM_FilterConfigRegChannel) for HAL_DFSDM_FilterConfigRegChannel
    main.o(i.MX_DFSDM1_Init) refers to main.o(.bss) for .bss
    main.o(i.MX_TIM2_Init) refers to stm32l4xx_hal_tim.o(i.HAL_TIM_Base_Init) for HAL_TIM_Base_Init
    main.o(i.MX_TIM2_Init) refers to stm32l4xx_hal_tim.o(i.HAL_TIM_ConfigClockSource) for HAL_TIM_ConfigClockSource
    main.o(i.MX_TIM2_Init) refers to stm32l4xx_hal_tim_ex.o(i.HAL_TIMEx_MasterConfigSynchronization) for HAL_TIMEx_MasterConfigSynchronization
    main.o(i.MX_TIM2_Init) refers to stm32l4xx_hal_tim.o(i.HAL_TIM_Base_Start_IT) for HAL_TIM_Base_Start_IT
    main.o(i.MX_TIM2_Init) refers to stm32l4xx_hal_cortex.o(i.HAL_NVIC_EnableIRQ) for HAL_NVIC_EnableIRQ
    main.o(i.MX_TIM2_Init) refers to main.o(.bss) for .bss
    main.o(i.MX_USART1_UART_Init) refers to stm32l4xx_hal_uart.o(i.HAL_UART_Init) for HAL_UART_Init
    main.o(i.MX_USART1_UART_Init) refers to main.o(.bss) for .bss
    main.o(i.Memory_Output) refers to main.o(i.Store) for Store
    main.o(i.Memory_Output) refers to stm32l475e_iot01_qspi.o(i.BSP_QSPI_GetStatus) for BSP_QSPI_GetStatus
    main.o(i.Memory_Output) refers to stm32l475e_iot01_qspi.o(i.BSP_QSPI_Read) for BSP_QSPI_Read
    main.o(i.Memory_Output) refers to stm32l4xx_hal_dac.o(i.HAL_DAC_SetValue) for HAL_DAC_SetValue
    main.o(i.Memory_Output) refers to main.o(.data) for .data
    main.o(i.Memory_Output) refers to main.o(.bss) for .bss
    main.o(i.MixedSignals) refers to main.o(i.Store) for Store
    main.o(i.MixedSignals) refers to arm_mat_init_f32.o(.text) for arm_mat_init_f32
    main.o(i.MixedSignals) refers to stm32l475e_iot01_qspi.o(i.BSP_QSPI_GetStatus) for BSP_QSPI_GetStatus
    main.o(i.MixedSignals) refers to stm32l475e_iot01_qspi.o(i.BSP_QSPI_Read) for BSP_QSPI_Read
    main.o(i.MixedSignals) refers to arm_mat_mult_f32.o(.text) for arm_mat_mult_f32
    main.o(i.MixedSignals) refers to stm32l475e_iot01_qspi.o(i.BSP_QSPI_Write) for BSP_QSPI_Write
    main.o(i.MixedSignals) refers to main.o(i.fastICA_MATLAB_send) for fastICA_MATLAB_send
    main.o(i.MixedSignals) refers to stm32l4xx_hal_dac.o(i.HAL_DAC_SetValue) for HAL_DAC_SetValue
    main.o(i.MixedSignals) refers to main.o(.data) for .data
    main.o(i.MixedSignals) refers to main.o(.constdata) for .constdata
    main.o(i.MixedSignals) refers to main.o(.bss) for .bss
    main.o(i.Store) refers to stm32l475e_iot01_qspi.o(i.BSP_QSPI_GetStatus) for BSP_QSPI_GetStatus
    main.o(i.Store) refers to arm_sin_f32.o(.text) for arm_sin_f32
    main.o(i.Store) refers to stm32l475e_iot01_qspi.o(i.BSP_QSPI_Write) for BSP_QSPI_Write
    main.o(i.Store) refers to main.o(.data) for .data
    main.o(i.SystemClock_Config) refers to stm32l4xx_hal_rcc.o(i.HAL_RCC_OscConfig) for HAL_RCC_OscConfig
[...]
    ../Src/stm32l4xx_it.c                    0x00000000   Number         0  stm32l4xx_it.o ABSOLUTE
    ../clib/microlib/ctype/ctype.c           0x00000000   Number         0  isspace_c.o ABSOLUTE
    ../clib/microlib/ctype/ctype.c           0x00000000   Number         0  ctype_c.o ABSOLUTE
    ../clib/microlib/division.c              0x00000000   Number         0  uldiv.o ABSOLUTE
    ../clib/microlib/division.c              0x00000000   Number         0  uidiv.o ABSOLUTE
    ../clib/microlib/init/entry.s            0x00000000   Number         0  entry9b.o ABSOLUTE
    ../clib/microlib/init/entry.s            0x00000000   Number         0  entry.o ABSOLUTE
    ../clib/microlib/init/entry.s            0x00000000   Number         0  entry2.o ABSOLUTE
    ../clib/microlib/init/entry.s            0x00000000   Number         0  entry11a.o ABSOLUTE
    ../clib/microlib/init/entry.s            0x00000000   Number         0  entry11b.o ABSOLUTE
    ../clib/microlib/init/entry.s            0x00000000   Number         0  entry5.o ABSOLUTE
    ../clib/microlib/init/entry.s            0x00000000   Number         0  entry7a.o ABSOLUTE
    ../clib/microlib/init/entry.s            0x00000000   Number         0  entry10a.o ABSOLUTE
    ../clib/microlib/init/entry.s            0x00000000   Number         0  entry8a.o ABSOLUTE
    ../clib/microlib/init/entry.s            0x00000000   Number         0  entry8b.o ABSOLUTE
    ../clib/microlib/init/entry.s            0x00000000   Number         0  entry9a.o ABSOLUTE
    ../clib/microlib/init/entry.s            0x00000000   Number         0  entry10b.o ABSOLUTE
    ../clib/microlib/init/entry.s            0x00000000   Number         0  entry7b.o ABSOLUTE
    ../clib/microlib/longlong.c              0x00000000   Number         0  llsshr.o ABSOLUTE
    ../clib/microlib/longlong.c              0x00000000   Number         0  llushr.o ABSOLUTE
    ../clib/microlib/longlong.c              0x00000000   Number         0  llshl.o ABSOLUTE
    ../clib/microlib/printf/printf.c         0x00000000   Number         0  printf0.o ABSOLUTE
    ../clib/microlib/printf/printf.c         0x00000000   Number         0  printfb.o ABSOLUTE
    ../clib/microlib/printf/printf.c         0x00000000   Number         0  printf7.o ABSOLUTE
    ../clib/microlib/printf/printf.c         0x00000000   Number         0  printfa.o ABSOLUTE
    ../clib/microlib/printf/printf.c         0x00000000   Number         0  printf8.o ABSOLUTE
    ../clib/microlib/printf/printf.c         0x00000000   Number         0  printf6.o ABSOLUTE
    ../clib/microlib/printf/printf.c         0x00000000   Number         0  printf5.o ABSOLUTE
    ../clib/microlib/printf/printf.c         0x00000000   Number         0  printf4.o ABSOLUTE
    ../clib/microlib/printf/printf.c         0x00000000   Number         0  printf3.o ABSOLUTE
    ../clib/microlib/printf/printf.c         0x00000000   Number         0  printf2.o ABSOLUTE
    ../clib/microlib/printf/printf.c         0x00000000   Number         0  printf1.o ABSOLUTE
    ../clib/microlib/printf/stubs.s          0x00000000   Number         0  stubs.o ABSOLUTE
    ../clib/microlib/stdio/fgetc.c           0x00000000   Number         0  fgetc_b.o ABSOLUTE
    ../clib/microlib/stdio/semi.s            0x00000000   Number         0  semi.o ABSOLUTE
    ../clib/microlib/stdio/streams.c         0x00000000   Number         0  stdin.o ABSOLUTE
    ../clib/microlib/stdio/streams.c         0x00000000   Number         0  stdout.o ABSOLUTE
    ../clib/microlib/string/memcpy.c         0x00000000   Number         0  memcpya.o ABSOLUTE
    ../clib/microlib/string/memcpy.c         0x00000000   Number         0  memcpyb.o ABSOLUTE
    ../clib/microlib/stubs.s                 0x00000000   Number         0  iusefp.o ABSOLUTE
    ../clib/microlib/stubs.s                 0x00000000   Number         0  iusesemig.o ABSOLUTE
    ../clib/scanf.c                          0x00000000   Number         0  __0scanf.o ABSOLUTE
    ../clib/scanf.c                          0x00000000   Number         0  scanf_fp.o ABSOLUTE
    ../clib/scanf.c                          0x00000000   Number         0  scanf_char.o ABSOLUTE
    ../clib/scanf.c                          0x00000000   Number         0  _scanf.o ABSOLUTE
    ../clib/scanf.c                          0x00000000   Number         0  scanf_char_file.o ABSOLUTE
    ../fplib/microlib/d2f.c                  0x00000000   Number         0  d2f.o ABSOLUTE
    ../fplib/microlib/f2d.c                  0x00000000   Number         0  f2d.o ABSOLUTE
    ../fplib/microlib/fpadd.c                0x00000000   Number         0  dadd.o ABSOLUTE
    ../fplib/microlib/fpdiv.c                0x00000000   Number         0  ddiv.o ABSOLUTE
    ../fplib/microlib/fpepilogue.c           0x00000000   Number         0  fepilogue.o ABSOLUTE
    ../fplib/microlib/fpepilogue.c           0x00000000   Number         0  depilogue.o ABSOLUTE
    ../fplib/microlib/fpfix.c                0x00000000   Number         0  dfixul.o ABSOLUTE
    ../fplib/microlib/fpflt.c                0x00000000   Number         0  dfltul.o ABSOLUTE
    ../fplib/microlib/fpmul.c                0x00000000   Number         0  dmul.o ABSOLUTE
    ..\..\Source\CommonTables\arm_common_tables.c 0x00000000   Number         0  arm_common_tables.o ABSOLUTE
    ..\..\Source\FastMathFunctions\arm_sin_f32.c 0x00000000   Number         0  arm_sin_f32.o ABSOLUTE
    ..\..\Source\MatrixFunctions\arm_mat_init_f32.c 0x00000000   Number         0  arm_mat_init_f32.o ABSOLUTE
    ..\..\Source\MatrixFunctions\arm_mat_mult_f32.c 0x00000000   Number         0  arm_mat_mult_f32.o ABSOLUTE
    ..\Drivers\B-L475E-IOT01\Components\hts221\hts221.c 0x00000000   Number         0  hts221.o ABSOLUTE
    ..\Drivers\B-L475E-IOT01\Components\lis3mdl\lis3mdl.c 0x00000000   Number         0  lis3mdl.o ABSOLUTE
    ..\Drivers\B-L475E-IOT01\Components\lps22hb\lps22hb.c 0x00000000   Number         0  lps22hb.o ABSOLUTE
    ..\Drivers\B-L475E-IOT01\Components\lsm6dsl\lsm6dsl.c 0x00000000   Number         0  lsm6dsl.o ABSOLUTE
    ..\Drivers\B-L475E-IOT01\Src\stm32l475e_iot01.c 0x00000000   Number         0  stm32l475e_iot01.o ABSOLUTE
    ..\Drivers\B-L475E-IOT01\Src\stm32l475e_iot01_accelero.c 0x00000000   Number         0  stm32l475e_iot01_accelero.o ABSOLUTE
    ..\Drivers\B-L475E-IOT01\Src\stm32l475e_iot01_gyro.c 0x00000000   Number         0  stm32l475e_iot01_gyro.o ABSOLUTE
    ..\Drivers\B-L475E-IOT01\Src\stm32l475e_iot01_hsensor.c 0x00000000   Number         0  stm32l475e_iot01_hsensor.o ABSOLUTE
    ..\Drivers\B-L475E-IOT01\Src\stm32l475e_iot01_magneto.c 0x00000000   Number         0  stm32l475e_iot01_magneto.o ABSOLUTE
    ..\Drivers\B-L475E-IOT01\Src\stm32l475e_iot01_psensor.c 0x00000000   Number         0  stm32l475e_iot01_psensor.o ABSOLUTE
    ..\Drivers\B-L475E-IOT01\Src\stm32l475e_iot01_qspi.c 0x00000000   Number         0  stm32l475e_iot01_qspi.o ABSOLUTE
    ..\Drivers\B-L475E-IOT01\Src\stm32l475e_iot01_tsensor.c 0x00000000   Number         0  stm32l475e_iot01_tsensor.o ABSOLUTE
    ..\Drivers\STM32L4xx_HAL_Driver\Src\stm32l4xx_hal.c 0x00000000   Number         0  stm32l4xx_hal.o ABSOLUTE
    ..\Drivers\STM32L4xx_HAL_Driver\Src\stm32l4xx_hal_cortex.c 0x00000000   Number         0  stm32l4xx_hal_cortex.o ABSOLUTE
    ..\Drivers\STM32L4xx_HAL_Driver\Src\stm32l4xx_hal_dac.c 0x00000000   Number         0  stm32l4xx_hal_dac.o ABSOLUTE
    ..\Drivers\STM32L4xx_HAL_Driver\Src\stm32l4xx_hal_dac_ex.c 0x00000000   Number         0  stm32l4xx_hal_dac_ex.o ABSOLUTE
    ..\Drivers\STM32L4xx_HAL_Driver\Src\stm32l4xx_hal_dfsdm.c 0x00000000   Number         0  stm32l4xx_hal_dfsdm.o ABSOLUTE
    ..\Drivers\STM32L4xx_HAL_Driver\Src\stm32l4xx_hal_dma.c 0x00000000   Number         0  stm32l4xx_hal_dma.o ABSOLUTE
    ..\Drivers\STM32L4xx_HAL_Driver\Src\stm32l4xx_hal_dma_ex.c 0x00000000   Number         0  stm32l4xx_hal_dma_ex.o ABSOLUTE
    ..\Drivers\STM32L4xx_HAL_Driver\Src\stm32l4xx_hal_flash.c 0x00000000   Number         0  stm32l4xx_hal_flash.o ABSOLUTE
    ..\Drivers\STM32L4xx_HAL_Driver\Src\stm32l4xx_hal_flash_ex.c 0x00000000   Number         0  stm32l4xx_hal_flash_ex.o ABSOLUTE
    ..\Drivers\STM32L4xx_HAL_Driver\Src\stm32l4xx_hal_flash_ramfunc.c 0x00000000   Number         0  stm32l4xx_hal_flash_ramfunc.o ABSOLUTE
    ..\Drivers\STM32L4xx_HAL_Driver\Src\stm32l4xx_hal_gpio.c 0x00000000   Number         0  stm32l4xx_hal_gpio.o ABSOLUTE
    ..\Drivers\STM32L4xx_HAL_Driver\Src\stm32l4xx_hal_i2c.c 0x00000000   Number         0  stm32l4xx_hal_i2c.o ABSOLUTE
    ..\Drivers\STM32L4xx_HAL_Driver\Src\stm32l4xx_hal_i2c_ex.c 0x00000000   Number         0  stm32l4xx_hal_i2c_ex.o ABSOLUTE
    ..\Drivers\STM32L4xx_HAL_Driver\Src\stm32l4xx_hal_pwr.c 0x00000000   Number         0  stm32l4xx_hal_pwr.o ABSOLUTE
    ..\Drivers\STM32L4xx_HAL_Driver\Src\stm32l4xx_hal_pwr_ex.c 0x00000000   Number         0  stm32l4xx_hal_pwr_ex.o ABSOLUTE
    ..\Drivers\STM32L4xx_HAL_Driver\Src\stm32l4xx_hal_qspi.c 0x00000000   Number         0  stm32l4xx_hal_qspi.o ABSOLUTE
    ..\Drivers\STM32L4xx_HAL_Driver\Src\stm32l4xx_hal_rcc.c 0x00000000   Number         0  stm32l4xx_hal_rcc.o ABSOLUTE
    ..\Drivers\STM32L4xx_HAL_Driver\Src\stm32l4xx_hal_rcc_ex.c 0x00000000   Number         0  stm32l4xx_hal_rcc_ex.o ABSOLUTE
    ..\Drivers\STM32L4xx_HAL_Driver\Src\stm32l4xx_hal_tim.c 0x00000000   Number         0  stm32l4xx_hal_tim.o ABSOLUTE
    ..\Drivers\STM32L4xx_HAL_Driver\Src\stm32l4xx_hal_tim_ex.c 0x00000000   Number         0  stm32l4xx_hal_tim_ex.o ABSOLUTE
    ..\Drivers\STM32L4xx_HAL_Driver\Src\stm32l4xx_hal_uart.c 0x00000000   Number         0  stm32l4xx_hal_uart.o ABSOLUTE
    ..\Drivers\STM32L4xx_HAL_Driver\Src\stm32l4xx_hal_uart_ex.c 0x00000000   Number         0  stm32l4xx_hal_uart_ex.o ABSOLUTE
    ..\Middlewares\Third_Party\FreeRTOS\Source\CMSIS_RTOS\cmsis_os.c 0x00000000   Number         0  cmsis_os.o ABSOLUTE
    ..\Middlewares\Third_Party\FreeRTOS\Source\portable\RVDS\ARM_CM4F\port.c 0x00000000   Number         0  port.o ABSOLUTE
    ..\Src\main.c                            0x00000000   Number         0  main.o ABSOLUTE
    ..\Src\stm32l4xx_hal_msp.c               0x00000000   Number         0  stm32l4xx_hal_msp.o ABSOLUTE
    ..\Src\stm32l4xx_hal_timebase_TIM.c      0x00000000   Number         0  stm32l4xx_hal_timebase_tim.o ABSOLUTE
    ..\Src\stm32l4xx_it.c                    0x00000000   Number         0  stm32l4xx_it.o ABSOLUTE
    ..\\..\\Source\\CommonTables\\arm_common_tables.c 0x00000000   Number         0  arm_common_tables.o ABSOLUTE
    ..\\..\\Source\\FastMathFunctions\\arm_sin_f32.c 0x00000000   Number         0  arm_sin_f32.o ABSOLUTE
    ..\\..\\Source\\MatrixFunctions\\arm_mat_init_f32.c 0x00000000   Number         0  arm_mat_init_f32.o ABSOLUTE
    ..\\..\\Source\\MatrixFunctions\\arm_mat_mult_f32.c 0x00000000   Number         0  arm_mat_mult_f32.o ABSOLUTE
    ..\\Drivers\\B-L475E-IOT01\\Src\\stm32l475e_iot01.c 0x00000000   Number         0  stm32l475e_iot01.o ABSOLUTE
    ..\\Drivers\\B-L475E-IOT01\\Src\\stm32l475e_iot01_accelero.c 0x00000000   Number         0  stm32l475e_iot01_accelero.o ABSOLUTE
    ..\\Drivers\\B-L475E-IOT01\\Src\\stm32l475e_iot01_gyro.c 0x00000000   Number         0  stm32l475e_iot01_gyro.o ABSOLUTE
    ..\\Drivers\\B-L475E-IOT01\\Src\\stm32l475e_iot01_hsensor.c 0x00000000   Number         0  stm32l475e_iot01_hsensor.o ABSOLUTE
    ..\\Drivers\\B-L475E-IOT01\\Src\\stm32l475e_iot01_magneto.c 0x00000000   Number         0  stm32l475e_iot01_magneto.o ABSOLUTE
    ..\\Drivers\\B-L475E-IOT01\\Src\\stm32l475e_iot01_psensor.c 0x00000000   Number         0  stm32l475e_iot01_psensor.o ABSOLUTE
    ..\\Drivers\\B-L475E-IOT01\\Src\\stm32l475e_iot01_qspi.c 0x00000000   Number         0  stm32l475e_iot01_qspi.o ABSOLUTE
    ..\\Drivers\\B-L475E-IOT01\\Src\\stm32l475e_iot01_tsensor.c 0x00000000   Number         0  stm32l475e_iot01_tsensor.o ABSOLUTE
    ..\\Drivers\\STM32L4xx_HAL_Driver\\Src\\stm32l4xx_hal_qspi.c 0x00000000   Number         0  stm32l4xx_hal_qspi.o ABSOLUTE
    ..\\Src\system_stm32l4xx.c               0x00000000   Number         0  system_stm32l4xx.o ABSOLUTE
    cdrcmple.s                               0x00000000   Number         0  cdrcmple.o ABSOLUTE
    dc.s                                     0x00000000   Number         0  dc.o ABSOLUTE
    handlers.s                               0x00000000   Number         0  handlers.o ABSOLUTE
    init.s                                   0x00000000   Number         0  init.o ABSOLUTE
    startup_stm32l475xx.s                    0x00000000   Number         0  startup_stm32l475xx.o ABSOLUTE
    RESET                                    0x08000000   Section      392  startup_stm32l475xx.o(RESET)
    .ARM.Collect$$$$00000000                 0x08000188   Section        0  entry.o(.ARM.Collect$$$$00000000)
    .ARM.Collect$$$$00000001                 0x08000188   Section        4  entry2.o(.ARM.Collect$$$$00000001)
    .ARM.Collect$$$$00000004                 0x0800018c   Section        4  entry5.o(.ARM.Collect$$$$00000004)
    .ARM.Collect$$$$00000008                 0x08000190   Section        0  entry7b.o(.ARM.Collect$$$$00000008)
    .ARM.Collect$$$$0000000A                 0x08000190   Section        0  entry8b.o(.ARM.Collect$$$$0000000A)
    .ARM.Collect$$$$0000000B                 0x08000190   Section        8  entry9a.o(.ARM.Collect$$$$0000000B)
    .ARM.Collect$$$$0000000D                 0x08000198   Section        0  entry10a.o(.ARM.Collect$$$$0000000D)
    .ARM.Collect$$$$0000000F                 0x08000198   Section        0  entry11a.o(.ARM.Collect$$$$0000000F)
    .ARM.Collect$$$$00002712                 0x08000198   Section        4  entry2.o(.ARM.Collect$$$$00002712)
    __lit__00000000                          0x08000198   Data           4  entry2.o(.ARM.Collect$$$$00002712)
    .emb_text                                0x0800019c   Section      186  port.o(.emb_text)
    $v0                                      0x0800019c   Number         0  port.o(.emb_text)
    .text                                    0x08000258   Section       36  startup_stm32l475xx.o(.text)
    $v0                                      0x08000258   Number         0  startup_stm32l475xx.o(.text)
    .text                                    0x0800027c   Section        0  arm_sin_f32.o(.text)
    .text                                    0x08000310   Section        0  arm_mat_init_f32.o(.text)
    .text                                    0x08000318   Section        0  arm_mat_mult_f32.o(.text)
    .text                                    0x08000454   Section        0  uldiv.o(.text)
    .text                                    0x080004b6   Section        0  f2d.o(.text)
    .text                                    0x080004dc   Section        0  uidiv.o(.text)
    .text                                    0x08000508   Section        0  llshl.o(.text)
    .text                                    0x08000526   Section        0  llushr.o(.text)
    .text                                    0x08000546   Section        0  dadd.o(.text)
    .text                                    0x08000546   Section        0  iusefp.o(.text)
    .text                                    0x08000694   Section        0  dmul.o(.text)
    .text                                    0x08000778   Section        0  ddiv.o(.text)
    .text                                    0x08000856   Section        0  dfixul.o(.text)
    .text                                    0x08000888   Section       48  cdrcmple.o(.text)
    .text                                    0x080008b8   Section       36  init.o(.text)
    .text                                    0x080008dc   Section        0  llsshr.o(.text)
    .text                                    0x08000900   Section        0  depilogue.o(.text)
    i.BSP_QSPI_DeInit                        0x080009bc   Section        0  stm32l475e_iot01_qspi.o(i.BSP_QSPI_DeInit)
    i.BSP_QSPI_Erase_Sector                  0x080009e0   Section        0  stm32l475e_iot01_qspi.o(i.BSP_QSPI_Erase_Sector)
    i.BSP_QSPI_GetStatus                     0x08000a30   Section        0  stm32l475e_iot01_qspi.o(i.BSP_QSPI_GetStatus)
    i.BSP_QSPI_Init                          0x08000ab8   Section        0  stm32l475e_iot01_qspi.o(i.BSP_QSPI_Init)
    i.BSP_QSPI_MspDeInit                     0x08000b30   Section        0  stm32l475e_iot01_qspi.o(i.BSP_QSPI_MspDeInit)
    i.BSP_QSPI_MspInit                       0x08000b70   Section        0  stm32l475e_iot01_qspi.o(i.BSP_QSPI_MspInit)
    i.BSP_QSPI_Read                          0x08000bd0   Section        0  stm32l475e_iot01_qspi.o(i.BSP_QSPI_Read)
    i.BSP_QSPI_Write                         0x08000c38   Section        0  stm32l475e_iot01_qspi.o(i.BSP_QSPI_Write)
    i.BusFault_Handler                       0x08000cd0   Section        0  stm32l4xx_it.o(i.BusFault_Handler)
    i.DFSDM_GetChannelFromInstance           0x08000cd4   Section        0  stm32l4xx_hal_dfsdm.o(i.DFSDM_GetChannelFromInstance)
    DFSDM_GetChannelFromInstance             0x08000cd5   Thumb Code    94  stm32l4xx_hal_dfsdm.o(i.DFSDM_GetChannelFromInstance)
    i.DebugMon_Handler                       0x08000d38   Section        0  stm32l4xx_it.o(i.DebugMon_Handler)
    i.HAL_DAC_ConfigChannel                  0x08000d3c   Section        0  stm32l4xx_hal_dac.o(i.HAL_DAC_ConfigChannel)
    i.HAL_DAC_Init                           0x08000e56   Section        0  stm32l4xx_hal_dac.o(i.HAL_DAC_Init)
    i.HAL_DAC_MspInit                        0x08000e80   Section        0  stm32l4xx_hal_msp.o(i.HAL_DAC_MspInit)
    i.HAL_DAC_SetValue                       0x08000ec0   Section        0  stm32l4xx_hal_dac.o(i.HAL_DAC_SetValue)
    i.HAL_DAC_Start                          0x08000eda   Section        0  stm32l4xx_hal_dac.o(i.HAL_DAC_Start)
    i.HAL_DFSDM_ChannelInit                  0x08000f30   Section        0  stm32l4xx_hal_dfsdm.o(i.HAL_DFSDM_ChannelInit)
    i.HAL_DFSDM_ChannelMspInit               0x0800102c   Section        0  stm32l4xx_hal_msp.o(i.HAL_DFSDM_ChannelMspInit)
    i.HAL_DFSDM_FilterConfigRegChannel       0x08001080   Section        0  stm32l4xx_hal_dfsdm.o(i.HAL_DFSDM_FilterConfigRegChannel)
    i.HAL_DFSDM_FilterInit                   0x080010c8   Section        0  stm32l4xx_hal_dfsdm.o(i.HAL_DFSDM_FilterInit)
    i.HAL_DFSDM_FilterMspInit                0x080011cc   Section        0  stm32l4xx_hal_msp.o(i.HAL_DFSDM_FilterMspInit)
    i.HAL_DMA_Abort                          0x08001220   Section        0  stm32l4xx_hal_dma.o(i.HAL_DMA_Abort)
    i.HAL_Delay                              0x0800125a   Section        0  stm32l4xx_hal.o(i.HAL_Delay)
    i.HAL_GPIO_DeInit                        0x08001278   Section        0  stm32l4xx_hal_gpio.o(i.HAL_GPIO_DeInit)
    i.HAL_GPIO_Init                          0x080013c4   Section        0  stm32l4xx_hal_gpio.o(i.HAL_GPIO_Init)
    i.HAL_GetTick                            0x08001588   Section        0  stm32l4xx_hal.o(i.HAL_GetTick)
    i.HAL_IncTick                            0x08001594   Section        0  stm32l4xx_hal.o(i.HAL_IncTick)
    i.HAL_Init                               0x080015a4   Section        0  stm32l4xx_hal.o(i.HAL_Init)
    i.HAL_InitTick                           0x080015bc   Section        0  stm32l4xx_hal_timebase_tim.o(i.HAL_InitTick)
    i.HAL_MspInit                            0x08001630   Section        0  stm32l4xx_hal_msp.o(i.HAL_MspInit)
    i.HAL_NVIC_EnableIRQ                     0x080016b0   Section        0  stm32l4xx_hal_cortex.o(i.HAL_NVIC_EnableIRQ)
    i.HAL_NVIC_SetPriority                   0x080016c8   Section        0  stm32l4xx_hal_cortex.o(i.HAL_NVIC_SetPriority)
    i.HAL_NVIC_SetPriorityGrouping           0x08001708   Section        0  stm32l4xx_hal_cortex.o(i.HAL_NVIC_SetPriorityGrouping)
    i.HAL_PWREx_ControlVoltageScaling        0x0800172c   Section        0  stm32l4xx_hal_pwr_ex.o(i.HAL_PWREx_ControlVoltageScaling)
    i.HAL_PWREx_GetVoltageRange              0x08001790   Section        0  stm32l4xx_hal_pwr_ex.o(i.HAL_PWREx_GetVoltageRange)
    i.HAL_QSPI_Abort                         0x080017a0   Section        0  stm32l4xx_hal_qspi.o(i.HAL_QSPI_Abort)
    i.HAL_QSPI_AutoPolling                   0x08001828   Section        0  stm32l4xx_hal_qspi.o(i.HAL_QSPI_AutoPolling)
    i.HAL_QSPI_Command                       0x080018d4   Section        0  stm32l4xx_hal_qspi.o(i.HAL_QSPI_Command)
    i.HAL_QSPI_DeInit                        0x0800195a   Section        0  stm32l4xx_hal_qspi.o(i.HAL_QSPI_DeInit)
    i.HAL_QSPI_Init                          0x08001994   Section        0  stm32l4xx_hal_qspi.o(i.HAL_QSPI_Init)
    i.HAL_QSPI_MspDeInit                     0x08001a44   Section        0  stm32l4xx_hal_qspi.o(i.HAL_QSPI_MspDeInit)
    i.HAL_QSPI_MspInit                       0x08001a46   Section        0  stm32l4xx_hal_qspi.o(i.HAL_QSPI_MspInit)
    i.HAL_QSPI_Receive                       0x08001a48   Section        0  stm32l4xx_hal_qspi.o(i.HAL_QSPI_Receive)
    i.HAL_QSPI_Transmit                      0x08001b0c   Section        0  stm32l4xx_hal_qspi.o(i.HAL_QSPI_Transmit)
    i.HAL_RCCEx_PeriphCLKConfig              0x08001bc8   Section        0  stm32l4xx_hal_rcc_ex.o(i.HAL_RCCEx_PeriphCLKConfig)
    i.HAL_RCC_ClockConfig                    0x08001f70   Section        0  stm32l4xx_hal_rcc.o(i.HAL_RCC_ClockConfig)
    i.HAL_RCC_GetClockConfig                 0x08002084   Section        0  stm32l4xx_hal_rcc.o(i.HAL_RCC_GetClockConfig)
    i.HAL_RCC_GetHCLKFreq                    0x080020c4   Section        0  stm32l4xx_hal_rcc.o(i.HAL_RCC_GetHCLKFreq)
    i.HAL_RCC_GetPCLK1Freq                   0x080020d0   Section        0  stm32l4xx_hal_rcc.o(i.HAL_RCC_GetPCLK1Freq)
    i.HAL_RCC_GetPCLK2Freq                   0x080020f0   Section        0  stm32l4xx_hal_rcc.o(i.HAL_RCC_GetPCLK2Freq)
    i.HAL_RCC_GetSysClockFreq                0x08002110   Section        0  stm32l4xx_hal_rcc.o(i.HAL_RCC_GetSysClockFreq)
    i.HAL_RCC_OscConfig                      0x080021d4   Section        0  stm32l4xx_hal_rcc.o(i.HAL_RCC_OscConfig)
    i.HAL_SYSTICK_CLKSourceConfig            0x08002640   Section        0  stm32l4xx_hal_cortex.o(i.HAL_SYSTICK_CLKSourceConfig)
    i.HAL_SYSTICK_Config                     0x08002658   Section        0  stm32l4xx_hal_cortex.o(i.HAL_SYSTICK_Config)
    i.HAL_TIMEx_Break2Callback               0x08002680   Section        0  stm32l4xx_hal_tim_ex.o(i.HAL_TIMEx_Break2Callback)
    i.HAL_TIMEx_BreakCallback                0x08002682   Section        0  stm32l4xx_hal_tim_ex.o(i.HAL_TIMEx_BreakCallback)
    i.HAL_TIMEx_CommutationCallback          0x08002684   Section        0  stm32l4xx_hal_tim_ex.o(i.HAL_TIMEx_CommutationCallback)
    i.HAL_TIMEx_MasterConfigSynchronization  0x08002688   Section        0  stm32l4xx_hal_tim_ex.o(i.HAL_TIMEx_MasterConfigSynchronization)
    i.HAL_TIM_Base_Init                      0x080026e8   Section        0  stm32l4xx_hal_tim.o(i.HAL_TIM_Base_Init)
    i.HAL_TIM_Base_MspInit                   0x08002720   Section        0  stm32l4xx_hal_msp.o(i.HAL_TIM_Base_MspInit)
    i.HAL_TIM_Base_Start_IT                  0x08002744   Section        0  stm32l4xx_hal_tim.o(i.HAL_TIM_Base_Start_IT)
    i.HAL_TIM_ConfigClockSource              0x08002774   Section        0  stm32l4xx_hal_tim.o(i.HAL_TIM_ConfigClockSource)
    i.HAL_TIM_IC_CaptureCallback             0x08002860   Section        0  stm32l4xx_hal_tim.o(i.HAL_TIM_IC_CaptureCallback)
    i.HAL_TIM_IRQHandler                     0x08002862   Section        0  stm32l4xx_hal_tim.o(i.HAL_TIM_IRQHandler)
    i.HAL_TIM_OC_DelayElapsedCallback        0x080029e6   Section        0  stm32l4xx_hal_tim.o(i.HAL_TIM_OC_DelayElapsedCallback)
    i.HAL_TIM_PWM_PulseFinishedCallback      0x080029e8   Section        0  stm32l4xx_hal_tim.o(i.HAL_TIM_PWM_PulseFinishedCallback)
    i.HAL_TIM_PeriodElapsedCallback          0x080029ec   Section        0  main.o(i.HAL_TIM_PeriodElapsedCallback)
    i.HAL_TIM_TriggerCallback                0x08002a00   Section        0  stm32l4xx_hal_tim.o(i.HAL_TIM_TriggerCallback)
    i.HAL_UART_Init                          0x08002a02   Section        0  stm32l4xx_hal_uart.o(i.HAL_UART_Init)
    i.HAL_UART_MspInit                       0x08002a6c   Section        0  stm32l4xx_hal_msp.o(i.HAL_UART_MspInit)
    i.HAL_UART_Transmit                      0x08002ab8   Section        0  stm32l4xx_hal_uart.o(i.HAL_UART_Transmit)
    i.HardFault_Handler                      0x08002b68   Section        0  stm32l4xx_it.o(i.HardFault_Handler)
    i.MX_DAC1_Init                           0x08002b6c   Section        0  main.o(i.MX_DAC1_Init)
    MX_DAC1_Init                             0x08002b6d   Thumb Code    68  main.o(i.MX_DAC1_Init)
    i.MX_DFSDM1_Init                         0x08002bb8   Section        0  main.o(i.MX_DFSDM1_Init)
    MX_DFSDM1_Init                           0x08002bb9   Thumb Code   212  main.o(i.MX_DFSDM1_Init)
    i.MX_TIM2_Init                           0x08002ca0   Section        0  main.o(i.MX_TIM2_Init)
    MX_TIM2_Init                             0x08002ca1   Thumb Code    88  main.o(i.MX_TIM2_Init)
    i.MX_USART1_UART_Init                    0x08002cfc   Section        0  main.o(i.MX_USART1_UART_Init)
    MX_USART1_UART_Init                      0x08002cfd   Thumb Code    46  main.o(i.MX_USART1_UART_Init)
    i.MemManage_Handler                      0x08002d34   Section        0  stm32l4xx_it.o(i.MemManage_Handler)
    i.MixedSignals                           0x08002d38   Section        0  main.o(i.MixedSignals)
    i.NMI_Handler                            0x08002e74   Section        0  stm32l4xx_it.o(i.NMI_Handler)
    i.NVIC_SetPriority                       0x08002e76   Section        0  stm32l4xx_hal_cortex.o(i.NVIC_SetPriority)
    NVIC_SetPriority                         0x08002e77   Thumb Code    32  stm32l4xx_hal_cortex.o(i.NVIC_SetPriority)
    i.QSPI_AutoPollingMemReady               0x08002e98   Section        0  stm32l475e_iot01_qspi.o(i.QSPI_AutoPollingMemReady)
    QSPI_AutoPollingMemReady                 0x08002e99   Thumb Code    74  stm32l475e_iot01_qspi.o(i.QSPI_AutoPollingMemReady)
    i.QSPI_Config                            0x08002ee8   Section        0  stm32l4xx_hal_qspi.o(i.QSPI_Config)
    QSPI_Config                              0x08002ee9   Thumb Code   350  stm32l4xx_hal_qspi.o(i.QSPI_Config)
    i.QSPI_HighPerfMode                      0x08003048   Section        0  stm32l475e_iot01_qspi.o(i.QSPI_HighPerfMode)
    QSPI_HighPerfMode                        0x08003049   Thumb Code   248  stm32l475e_iot01_qspi.o(i.QSPI_HighPerfMode)
    i.QSPI_QuadMode                          0x08003144   Section        0  stm32l475e_iot01_qspi.o(i.QSPI_QuadMode)
    QSPI_QuadMode                            0x08003145   Thumb Code   192  stm32l475e_iot01_qspi.o(i.QSPI_QuadMode)
    i.QSPI_ResetMemory                       0x08003208   Section        0  stm32l475e_iot01_qspi.o(i.QSPI_ResetMemory)
    QSPI_ResetMemory                         0x08003209   Thumb Code    80  stm32l475e_iot01_qspi.o(i.QSPI_ResetMemory)
    i.QSPI_WaitFlagStateUntilTimeout         0x0800325c   Section        0  stm32l4xx_hal_qspi.o(i.QSPI_WaitFlagStateUntilTimeout)
    QSPI_WaitFlagStateUntilTimeout           0x0800325d   Thumb Code    72  stm32l4xx_hal_qspi.o(i.QSPI_WaitFlagStateUntilTimeout)
    i.QSPI_WriteEnable                       0x080032a4   Section        0  stm32l475e_iot01_qspi.o(i.QSPI_WriteEnable)
    QSPI_WriteEnable                         0x080032a5   Thumb Code    98  stm32l475e_iot01_qspi.o(i.QSPI_WriteEnable)
    i.RCCEx_PLLSAI1_Config                   0x0800330c   Section        0  stm32l4xx_hal_rcc_ex.o(i.RCCEx_PLLSAI1_Config)
    RCCEx_PLLSAI1_Config                     0x0800330d   Thumb Code   278  stm32l4xx_hal_rcc_ex.o(i.RCCEx_PLLSAI1_Config)
    i.RCCEx_PLLSAI2_Config                   0x08003438   Section        0  stm32l4xx_hal_rcc_ex.o(i.RCCEx_PLLSAI2_Config)
    RCCEx_PLLSAI2_Config                     0x08003439   Thumb Code   250  stm32l4xx_hal_rcc_ex.o(i.RCCEx_PLLSAI2_Config)
    i.RCC_SetFlashLatencyFromMSIRange        0x08003540   Section        0  stm32l4xx_hal_rcc.o(i.RCC_SetFlashLatencyFromMSIRange)
    RCC_SetFlashLatencyFromMSIRange          0x08003541   Thumb Code   116  stm32l4xx_hal_rcc.o(i.RCC_SetFlashLatencyFromMSIRange)
    i.Store                                  0x080035bc   Section        0  main.o(i.Store)
    i.SysTick_Handler                        0x08003674   Section        0  stm32l4xx_it.o(i.SysTick_Handler)
    i.SystemClock_Config                     0x08003684   Section        0  main.o(i.SystemClock_Config)
    i.SystemInit                             0x0800372c   Section        0  system_stm32l4xx.o(i.SystemInit)
    i.TIM1_TRG_COM_TIM17_IRQHandler          0x08003770   Section        0  stm32l4xx_it.o(i.TIM1_TRG_COM_TIM17_IRQHandler)
    i.TIM2_IRQHandler                        0x0800377c   Section        0  stm32l4xx_it.o(i.TIM2_IRQHandler)
    i.TIM_Base_SetConfig                     0x08003790   Section        0  stm32l4xx_hal_tim.o(i.TIM_Base_SetConfig)
    i.TIM_ETR_SetConfig                      0x08003850   Section        0  stm32l4xx_hal_tim.o(i.TIM_ETR_SetConfig)
    i.TIM_ITRx_SetConfig                     0x08003864   Section        0  stm32l4xx_hal_tim.o(i.TIM_ITRx_SetConfig)
    TIM_ITRx_SetConfig                       0x08003865   Thumb Code    16  stm32l4xx_hal_tim.o(i.TIM_ITRx_SetConfig)
    i.TIM_TI1_ConfigInputStage               0x08003874   Section        0  stm32l4xx_hal_tim.o(i.TIM_TI1_ConfigInputStage)
    TIM_TI1_ConfigInputStage                 0x08003875   Thumb Code    34  stm32l4xx_hal_tim.o(i.TIM_TI1_ConfigInputStage)
    i.TIM_TI2_ConfigInputStage               0x08003896   Section        0  stm32l4xx_hal_tim.o(i.TIM_TI2_ConfigInputStage)
    TIM_TI2_ConfigInputStage                 0x08003897   Thumb Code    36  stm32l4xx_hal_tim.o(i.TIM_TI2_ConfigInputStage)
    i.UART_AdvFeatureConfig                  0x080038ba   Section        0  stm32l4xx_hal_uart.o(i.UART_AdvFeatureConfig)
    i.UART_CheckIdleState                    0x08003982   Section        0  stm32l4xx_hal_uart.o(i.UART_CheckIdleState)
    i.UART_SetConfig                         0x080039e0   Section        0  stm32l4xx_hal_uart.o(i.UART_SetConfig)
    i.UART_WaitOnFlagUntilTimeout            0x08003c80   Section        0  stm32l4xx_hal_uart.o(i.UART_WaitOnFlagUntilTimeout)
    i.UsageFault_Handler                     0x08003ce4   Section        0  stm32l4xx_it.o(i.UsageFault_Handler)
    i.__0printf                              0x08003ce8   Section        0  printfa.o(i.__0printf)
    i.__scatterload_copy                     0x08003d08   Section       14  handlers.o(i.__scatterload_copy)
    i.__scatterload_null                     0x08003d16   Section        2  handlers.o(i.__scatterload_null)
    i.__scatterload_zeroinit                 0x08003d18   Section       14  handlers.o(i.__scatterload_zeroinit)
    i._fp_digits                             0x08003d28   Section        0  printfa.o(i._fp_digits)
    _fp_digits                               0x08003d29   Thumb Code   334  printfa.o(i._fp_digits)
    i._printf_core                           0x08003e8c   Section        0  printfa.o(i._printf_core)
    _printf_core                             0x08003e8d   Thumb Code  1744  printfa.o(i._printf_core)
    i._printf_post_padding                   0x08004568   Section        0  printfa.o(i._printf_post_padding)
    _printf_post_padding                     0x08004569   Thumb Code    36  printfa.o(i._printf_post_padding)
    i._printf_pre_padding                    0x0800458c   Section        0  printfa.o(i._printf_pre_padding)
    _printf_pre_padding                      0x0800458d   Thumb Code    46  printfa.o(i._printf_pre_padding)
    i.fastICA_MATLAB_send                    0x080045bc   Section        0  main.o(i.fastICA_MATLAB_send)
    i.fputc                                  0x080045f8   Section        0  main.o(i.fputc)
    i.main                                   0x08004618   Section        0  main.o(i.main)
    i.osSystickHandler                       0x080046ac   Section        0  cmsis_os.o(i.osSystickHandler)
    i.prvResetNextTaskUnblockTime            0x080046c0   Section        0  tasks.o(i.prvResetNextTaskUnblockTime)
    prvResetNextTaskUnblockTime              0x080046c1   Thumb Code    26  tasks.o(i.prvResetNextTaskUnblockTime)
    i.uxListRemove                           0x080046e0   Section        0  list.o(i.uxListRemove)
    i.vListInsertEnd                         0x08004704   Section        0  list.o(i.vListInsertEnd)
    i.vTaskSwitchContext                     0x0800471c   Section        0  tasks.o(i.vTaskSwitchContext)
    i.xPortSysTickHandler                    0x08004778   Section        0  port.o(i.xPortSysTickHandler)
    i.xTaskGetSchedulerState                 0x080047a4   Section        0  tasks.o(i.xTaskGetSchedulerState)
    i.xTaskIncrementTick                     0x080047c0   Section        0  tasks.o(i.xTaskIncrementTick)
    .constdata                               0x08004888   Section       16  main.o(.constdata)
    .constdata                               0x08004898   Section       64  system_stm32l4xx.o(.constdata)
    .constdata                               0x080048d8   Section        8  system_stm32l4xx.o(.constdata)
    .constdata                               0x080048e0   Section     2052  arm_common_tables.o(.constdata)
    .data                                    0x20000000   Section        4  main.o(.data)
    .data                                    0x20000004   Section       56  main.o(.data)
    .data                                    0x2000003c   Section        8  stm32l4xx_hal_msp.o(.data)
    HAL_RCC_DFSDM1_CLK_ENABLED               0x2000003c   Data           4  stm32l4xx_hal_msp.o(.data)
    DFSDM1_Init                              0x20000040   Data           4  stm32l4xx_hal_msp.o(.data)
    .data                                    0x20000044   Section        4  stm32l4xx_hal_dfsdm.o(.data)
    v_dfsdm1ChannelCounter                   0x20000044   Data           4  stm32l4xx_hal_dfsdm.o(.data)
    .data                                    0x20000048   Section        4  stm32l4xx_hal.o(.data)
    .data                                    0x2000004c   Section        4  system_stm32l4xx.o(.data)
    .data                                    0x20000050   Section       60  tasks.o(.data)
    uxDeletedTasksWaitingCleanUp             0x20000054   Data           4  tasks.o(.data)
    uxCurrentNumberOfTasks                   0x20000058   Data           4  tasks.o(.data)
    xTickCount                               0x2000005c   Data           4  tasks.o(.data)
    uxTopReadyPriority                       0x20000060   Data           4  tasks.o(.data)
    xSchedulerRunning                        0x20000064   Data           4  tasks.o(.data)
    uxPendedTicks                            0x20000068   Data           4  tasks.o(.data)
    xYieldPending                            0x2000006c   Data           4  tasks.o(.data)
    xNumOfOverflows                          0x20000070   Data           4  tasks.o(.data)
    uxTaskNumber                             0x20000074   Data           4  tasks.o(.data)
    xNextTaskUnblockTime                     0x20000078   Data           4  tasks.o(.data)
    xIdleTaskHandle                          0x2000007c   Data           4  tasks.o(.data)
    uxSchedulerSuspended                     0x20000080   Data           4  tasks.o(.data)
    pxDelayedTaskList                        0x20000084   Data           4  tasks.o(.data)
    pxOverflowDelayedTaskList                0x20000088   Data           4  tasks.o(.data)
    .data                                    0x2000008c   Section        4  stdout.o(.data)
    .bss                                     0x20000090   Section      484  main.o(.bss)
    .bss                                     0x20000274   Section       64  stm32l4xx_hal_timebase_tim.o(.bss)
    .bss                                     0x200002b4   Section       32  stm32l4xx_hal_dfsdm.o(.bss)
    a_dfsdm1ChannelHandle                    0x200002b4   Data          32  stm32l4xx_hal_dfsdm.o(.bss)
    .bss                                     0x200002d4   Section       68  stm32l475e_iot01_qspi.o(.bss)
    .bss                                     0x20000318   Section      240  tasks.o(.bss)
    pxReadyTasksLists                        0x20000318   Data         140  tasks.o(.bss)
    xDelayedTaskList1                        0x200003a4   Data          20  tasks.o(.bss)
    xDelayedTaskList2                        0x200003b8   Data          20  tasks.o(.bss)
    xPendingReadyList                        0x200003cc   Data          20  tasks.o(.bss)
    xTasksWaitingTermination                 0x200003e0   Data          20  tasks.o(.bss)
    xSuspendedTaskList                       0x200003f4   Data          20  tasks.o(.bss)
    STACK                                    0x20000408   Section     1024  startup_stm32l475xx.o(STACK)

    Global Symbols

    Symbol Name                              Value     Ov Type        Size  Object(Section)

    BuildAttributes$$THM_ISAv4$E$P$D$K$B$S$7EM$VFPi3$EXTD16$VFPS$VFMA$PE$A:L22UL41UL21$X:L11$S22US41US21$IEEE1$IW$USESV6$~STKCKD$USESV7$~SHL$OTIME$ROPI$IEEEX$EBA8$MICROLIB$REQ8$PRES8$EABIv2 0x00000000   Number         0  anon$$obj.o ABSOLUTE
    __ARM_use_no_argv                        0x00000000   Number         0  main.o ABSOLUTE
    _printf_a                                0x00000000   Number         0  stubs.o ABSOLUTE
    _printf_c                                0x00000000   Number         0  stubs.o ABSOLUTE
    _printf_charcount                        0x00000000   Number         0  stubs.o ABSOLUTE
    _printf_d                                0x00000000   Number         0  stubs.o ABSOLUTE
    _printf_e                                0x00000000   Number         0  stubs.o ABSOLUTE
    _printf_f                                0x00000000   Number         0  stubs.o ABSOLUTE
    _printf_flags                            0x00000000   Number         0  stubs.o ABSOLUTE
    _printf_fp_dec                           0x00000000   Number         0  stubs.o ABSOLUTE
    _printf_fp_hex                           0x00000000   Number         0  stubs.o ABSOLUTE
    _printf_g                                0x00000000   Number         0  stubs.o ABSOLUTE
    _printf_i                                0x00000000   Number         0  stubs.o ABSOLUTE
    _printf_int_dec                          0x00000000   Number         0  stubs.o ABSOLUTE
    _printf_l                                0x00000000   Number         0  stubs.o ABSOLUTE
    _printf_lc                               0x00000000   Number         0  stubs.o ABSOLUTE
    _printf_ll                               0x00000000   Number         0  stubs.o ABSOLUTE
    _printf_lld                              0x00000000   Number         0  stubs.o ABSOLUTE
    _printf_lli                              0x00000000   Number         0  stubs.o ABSOLUTE
    _printf_llo                              0x00000000   Number         0  stubs.o ABSOLUTE
    _printf_llu                              0x00000000   Number         0  stubs.o ABSOLUTE
    _printf_llx                              0x00000000   Number         0  stubs.o ABSOLUTE
    _printf_longlong_dec                     0x00000000   Number         0  stubs.o ABSOLUTE
    _printf_longlong_hex                     0x00000000   Number         0  stubs.o ABSOLUTE
    _printf_longlong_oct                     0x00000000   Number         0  stubs.o ABSOLUTE
    _printf_ls                               0x00000000   Number         0  stubs.o ABSOLUTE
    _printf_mbtowc                           0x00000000   Number         0  stubs.o ABSOLUTE
    _printf_n                                0x00000000   Number         0  stubs.o ABSOLUTE
    _printf_o                                0x00000000   Number         0  stubs.o ABSOLUTE
    _printf_p                                0x00000000   Number         0  stubs.o ABSOLUTE
    _printf_percent                          0x00000000   Number         0  stubs.o ABSOLUTE
    _printf_pre_padding                      0x00000000   Number         0  stubs.o ABSOLUTE
    _printf_return_value                     0x00000000   Number         0  stubs.o ABSOLUTE
    _printf_s                                0x00000000   Number         0  stubs.o ABSOLUTE
    _printf_sizespec                         0x00000000   Number         0  stubs.o ABSOLUTE
    _printf_str                              0x00000000   Number         0  stubs.o ABSOLUTE
    _printf_truncate_signed                  0x00000000   Number         0  stubs.o ABSOLUTE
    _printf_truncate_unsigned                0x00000000   Number         0  stubs.o ABSOLUTE
    _printf_u                                0x00000000   Number         0  stubs.o ABSOLUTE
    _printf_wc                               0x00000000   Number         0  stubs.o ABSOLUTE
    _printf_wctomb                           0x00000000   Number         0  stubs.o ABSOLUTE
    _printf_widthprec                        0x00000000   Number         0  stubs.o ABSOLUTE
    _printf_x                                0x00000000   Number         0  stubs.o ABSOLUTE
    __cpp_initialize__aeabi_                  - Undefined Weak Reference
    __cxa_finalize                            - Undefined Weak Reference
    __decompress                              - Undefined Weak Reference
    _clock_init                               - Undefined Weak Reference
    _microlib_exit                            - Undefined Weak Reference
    _scanf_int                                - Undefined Weak Reference
    _scanf_longlong                           - Undefined Weak Reference
    _scanf_string                             - Undefined Weak Reference
    __Vectors_Size                           0x00000188   Number         0  startup_stm32l475xx.o ABSOLUTE
    __Vectors                                0x08000000   Data           4  startup_stm32l475xx.o(RESET)
    __Vectors_End                            0x08000188   Data           0  startup_stm32l475xx.o(RESET)
    __main                                   0x08000189   Thumb Code     0  entry.o(.ARM.Collect$$$$00000000)
    _main_stk                                0x08000189   Thumb Code     0  entry2.o(.ARM.Collect$$$$00000001)
    _main_scatterload                        0x0800018d   Thumb Code     0  entry5.o(.ARM.Collect$$$$00000004)
    __main_after_scatterload                 0x08000191   Thumb Code     0  entry5.o(.ARM.Collect$$$$00000004)
    _main_clock                              0x08000191   Thumb Code     0  entry7b.o(.ARM.Collect$$$$00000008)
    _main_cpp_init                           0x08000191   Thumb Code     0  entry8b.o(.ARM.Collect$$$$0000000A)
    _main_init                               0x08000191   Thumb Code     0  entry9a.o(.ARM.Collect$$$$0000000B)
    __rt_final_cpp                           0x08000199   Thumb Code     0  entry10a.o(.ARM.Collect$$$$0000000D)
    __rt_final_exit                          0x08000199   Thumb Code     0  entry11a.o(.ARM.Collect$$$$0000000F)
    SVC_Handler                              0x0800019d   Thumb Code    28  port.o(.emb_text)
    __asm___6_port_c_39a90d8d__prvStartFirstTask 0x080001bd   Thumb Code    28  port.o(.emb_text)
    __asm___6_port_c_39a90d8d__prvEnableVFP  0x080001dd   Thumb Code    16  port.o(.emb_text)
    PendSV_Handler                           0x080001f1   Thumb Code    92  port.o(.emb_text)
    vPortGetIPSR                             0x08000251   Thumb Code     6  port.o(.emb_text)
    Reset_Handler                            0x08000259   Thumb Code     8  startup_stm32l475xx.o(.text)
    ADC1_2_IRQHandler                        0x08000273   Thumb Code     0  startup_stm32l475xx.o(.text)
    ADC3_IRQHandler                          0x08000273   Thumb Code     0  startup_stm32l475xx.o(.text)
    CAN1_RX0_IRQHandler                      0x08000273   Thumb Code     0  startup_stm32l475xx.o(.text)
    CAN1_RX1_IRQHandler                      0x08000273   Thumb Code     0  startup_stm32l475xx.o(.text)
    CAN1_SCE_IRQHandler                      0x08000273   Thumb Code     0  startup_stm32l475xx.o(.text)
    CAN1_TX_IRQHandler                       0x08000273   Thumb Code     0  startup_stm32l475xx.o(.text)
    COMP_IRQHandler                          0x08000273   Thumb Code     0  startup_stm32l475xx.o(.text)
    DFSDM1_FLT0_IRQHandler                   0x08000273   Thumb Code     0  startup_stm32l475xx.o(.text)
    DFSDM1_FLT1_IRQHandler                   0x08000273   Thumb Code     0  startup_stm32l475xx.o(.text)
    DFSDM1_FLT2_IRQHandler                   0x08000273   Thumb Code     0  startup_stm32l475xx.o(.text)
    DFSDM1_FLT3_IRQHandler                   0x08000273   Thumb Code     0  startup_stm32l475xx.o(.text)
    DMA1_Channel1_IRQHandler                 0x08000273   Thumb Code     0  startup_stm32l475xx.o(.text)
    DMA1_Channel2_IRQHandler                 0x08000273   Thumb Code     0  startup_stm32l475xx.o(.text)
    DMA1_Channel3_IRQHandler                 0x08000273   Thumb Code     0  startup_stm32l475xx.o(.text)
    DMA1_Channel4_IRQHandler                 0x08000273   Thumb Code     0  startup_stm32l475xx.o(.text)
    DMA1_Channel5_IRQHandler                 0x08000273   Thumb Code     0  startup_stm32l475xx.o(.text)
    DMA1_Channel6_IRQHandler                 0x08000273   Thumb Code     0  startup_stm32l475xx.o(.text)
    DMA1_Channel7_IRQHandler                 0x08000273   Thumb Code     0  startup_stm32l475xx.o(.text)
    DMA2_Channel1_IRQHandler                 0x08000273   Thumb Code     0  startup_stm32l475xx.o(.text)
    DMA2_Channel2_IRQHandler                 0x08000273   Thumb Code     0  startup_stm32l475xx.o(.text)
    DMA2_Channel3_IRQHandler                 0x08000273   Thumb Code     0  startup_stm32l475xx.o(.text)
    DMA2_Channel4_IRQHandler                 0x08000273   Thumb Code     0  startup_stm32l475xx.o(.text)
    DMA2_Channel5_IRQHandler                 0x08000273   Thumb Code     0  startup_stm32l475xx.o(.text)
    DMA2_Channel6_IRQHandler                 0x08000273   Thumb Code     0  startup_stm32l475xx.o(.text)
    DMA2_Channel7_IRQHandler                 0x08000273   Thumb Code     0  startup_stm32l475xx.o(.text)
    EXTI0_IRQHandler                         0x08000273   Thumb Code     0  startup_stm32l475xx.o(.text)
    EXTI15_10_IRQHandler                     0x08000273   Thumb Code     0  startup_stm32l475xx.o(.text)
    EXTI1_IRQHandler                         0x08000273   Thumb Code     0  startup_stm32l475xx.o(.text)
    EXTI2_IRQHandler                         0x08000273   Thumb Code     0  startup_stm32l475xx.o(.text)
    EXTI3_IRQHandler                         0x08000273   Thumb Code     0  startup_stm32l475xx.o(.text)
    EXTI4_IRQHandler                         0x08000273   Thumb Code     0  startup_stm32l475xx.o(.text)
    EXTI9_5_IRQHandler                       0x08000273   Thumb Code     0  startup_stm32l475xx.o(.text)
    FLASH_IRQHandler                         0x08000273   Thumb Code     0  startup_stm32l475xx.o(.text)
    FMC_IRQHandler                           0x08000273   Thumb Code     0  startup_stm32l475xx.o(.text)
    FPU_IRQHandler                           0x08000273   Thumb Code     0  startup_stm32l475xx.o(.text)
    I2C1_ER_IRQHandler                       0x08000273   Thumb Code     0  startup_stm32l475xx.o(.text)
    I2C1_EV_IRQHandler                       0x08000273   Thumb Code     0  startup_stm32l475xx.o(.text)
    I2C2_ER_IRQHandler                       0x08000273   Thumb Code     0  startup_stm32l475xx.o(.text)
    I2C2_EV_IRQHandler                       0x08000273   Thumb Code     0  startup_stm32l475xx.o(.text)
    I2C3_ER_IRQHandler                       0x08000273   Thumb Code     0  startup_stm32l475xx.o(.text)
    I2C3_EV_IRQHandler                       0x08000273   Thumb Code     0  startup_stm32l475xx.o(.text)
    LPTIM1_IRQHandler                        0x08000273   Thumb Code     0  startup_stm32l475xx.o(.text)
    LPTIM2_IRQHandler                        0x08000273   Thumb Code     0  startup_stm32l475xx.o(.text)
    LPUART1_IRQHandler                       0x08000273   Thumb Code     0  startup_stm32l475xx.o(.text)
    OTG_FS_IRQHandler                        0x08000273   Thumb Code     0  startup_stm32l475xx.o(.text)
    PVD_PVM_IRQHandler                       0x08000273   Thumb Code     0  startup_stm32l475xx.o(.text)
    QUADSPI_IRQHandler                       0x08000273   Thumb Code     0  startup_stm32l475xx.o(.text)
    RCC_IRQHandler                           0x08000273   Thumb Code     0  startup_stm32l475xx.o(.text)
    RNG_IRQHandler                           0x08000273   Thumb Code     0  startup_stm32l475xx.o(.text)
    RTC_Alarm_IRQHandler                     0x08000273   Thumb Code     0  startup_stm32l475xx.o(.text)
    RTC_WKUP_IRQHandler                      0x08000273   Thumb Code     0  startup_stm32l475xx.o(.text)
    SAI1_IRQHandler                          0x08000273   Thumb Code     0  startup_stm32l475xx.o(.text)
    SAI2_IRQHandler                          0x08000273   Thumb Code     0  startup_stm32l475xx.o(.text)
    SDMMC1_IRQHandler                        0x08000273   Thumb Code     0  startup_stm32l475xx.o(.text)
    SPI1_IRQHandler                          0x08000273   Thumb Code     0  startup_stm32l475xx.o(.text)
    SPI2_IRQHandler                          0x08000273   Thumb Code     0  startup_stm32l475xx.o(.text)
    SPI3_IRQHandler                          0x08000273   Thumb Code     0  startup_stm32l475xx.o(.text)
    SWPMI1_IRQHandler                        0x08000273   Thumb Code     0  startup_stm32l475xx.o(.text)
    TAMP_STAMP_IRQHandler                    0x08000273   Thumb Code     0  startup_stm32l475xx.o(.text)
    TIM1_BRK_TIM15_IRQHandler                0x08000273   Thumb Code     0  startup_stm32l475xx.o(.text)
    TIM1_CC_IRQHandler                       0x08000273   Thumb Code     0  startup_stm32l475xx.o(.text)
    TIM1_UP_TIM16_IRQHandler                 0x08000273   Thumb Code     0  startup_stm32l475xx.o(.text)
    TIM3_IRQHandler                          0x08000273   Thumb Code     0  startup_stm32l475xx.o(.text)
    TIM4_IRQHandler                          0x08000273   Thumb Code     0  startup_stm32l475xx.o(.text)
    TIM5_IRQHandler                          0x08000273   Thumb Code     0  startup_stm32l475xx.o(.text)
    TIM6_DAC_IRQHandler                      0x08000273   Thumb Code     0  startup_stm32l475xx.o(.text)
    TIM7_IRQHandler                          0x08000273   Thumb Code     0  startup_stm32l475xx.o(.text)
    TIM8_BRK_IRQHandler                      0x08000273   Thumb Code     0  startup_stm32l475xx.o(.text)
    TIM8_CC_IRQHandler                       0x08000273   Thumb Code     0  startup_stm32l475xx.o(.text)
    TIM8_TRG_COM_IRQHandler                  0x08000273   Thumb Code     0  startup_stm32l475xx.o(.text)
    TIM8_UP_IRQHandler                       0x08000273   Thumb Code     0  startup_stm32l475xx.o(.text)
    TSC_IRQHandler                           0x08000273   Thumb Code     0  startup_stm32l475xx.o(.text)
    UART4_IRQHandler                         0x08000273   Thumb Code     0  startup_stm32l475xx.o(.text)
    UART5_IRQHandler                         0x08000273   Thumb Code     0  startup_stm32l475xx.o(.text)
    USART1_IRQHandler                        0x08000273   Thumb Code     0  startup_stm32l475xx.o(.text)
    USART2_IRQHandler                        0x08000273   Thumb Code     0  startup_stm32l475xx.o(.text)
    USART3_IRQHandler                        0x08000273   Thumb Code     0  startup_stm32l475xx.o(.text)
    WWDG_IRQHandler                          0x08000273   Thumb Code     0  startup_stm32l475xx.o(.text)
    arm_sin_f32                              0x0800027d   Thumb Code   130  arm_sin_f32.o(.text)
    arm_mat_init_f32                         0x08000311   Thumb Code     8  arm_mat_init_f32.o(.text)
    arm_mat_mult_f32                         0x08000319   Thumb Code   312  arm_mat_mult_f32.o(.text)
    __aeabi_uldivmod                         0x08000455   Thumb Code    98  uldiv.o(.text)
    __aeabi_f2d                              0x080004b7   Thumb Code    38  f2d.o(.text)
    __aeabi_uidiv                            0x080004dd   Thumb Code     0  uidiv.o(.text)
    __aeabi_uidivmod                         0x080004dd   Thumb Code    44  uidiv.o(.text)
    __aeabi_llsl                             0x08000509   Thumb Code    30  llshl.o(.text)
    _ll_shift_l                              0x08000509   Thumb Code     0  llshl.o(.text)
    __aeabi_llsr                             0x08000527   Thumb Code    32  llushr.o(.text)
    _ll_ushift_r                             0x08000527   Thumb Code     0  llushr.o(.text)
    __I$use$fp                               0x08000547   Thumb Code     0  iusefp.o(.text)
    __aeabi_dadd                             0x08000547   Thumb Code   322  dadd.o(.text)
    __aeabi_dsub                             0x08000689   Thumb Code     6  dadd.o(.text)
    __aeabi_drsub                            0x0800068f   Thumb Code     6  dadd.o(.text)
    __aeabi_dmul                             0x08000695   Thumb Code   228  dmul.o(.text)
    __aeabi_ddiv                             0x08000779   Thumb Code   222  ddiv.o(.text)
    __aeabi_d2ulz                            0x08000857   Thumb Code    48  dfixul.o(.text)
    __aeabi_cdrcmple                         0x08000889   Thumb Code    48  cdrcmple.o(.text)
    __scatterload                            0x080008b9   Thumb Code    28  init.o(.text)
    __scatterload_rt2                        0x080008b9   Thumb Code     0  init.o(.text)
    __aeabi_lasr                             0x080008dd   Thumb Code    36  llsshr.o(.text)
    _ll_sshift_r                             0x080008dd   Thumb Code     0  llsshr.o(.text)
    _double_round                            0x08000901   Thumb Code    30  depilogue.o(.text)
    _double_epilogue                         0x0800091f   Thumb Code   156  depilogue.o(.text)
    BSP_QSPI_DeInit                          0x080009bd   Thumb Code    28  stm32l475e_iot01_qspi.o(i.BSP_QSPI_DeInit)
    BSP_QSPI_Erase_Sector                    0x080009e1   Thumb Code    76  stm32l475e_iot01_qspi.o(i.BSP_QSPI_Erase_Sector)
    BSP_QSPI_GetStatus                       0x08000a31   Thumb Code   132  stm32l475e_iot01_qspi.o(i.BSP_QSPI_GetStatus)
    BSP_QSPI_Init                            0x08000ab9   Thumb Code   110  stm32l475e_iot01_qspi.o(i.BSP_QSPI_Init)
    BSP_QSPI_MspDeInit                       0x08000b31   Thumb Code    56  stm32l475e_iot01_qspi.o(i.BSP_QSPI_MspDeInit)
    BSP_QSPI_MspInit                         0x08000b71   Thumb Code    88  stm32l475e_iot01_qspi.o(i.BSP_QSPI_MspInit)
    BSP_QSPI_Read                            0x08000bd1   Thumb Code    98  stm32l475e_iot01_qspi.o(i.BSP_QSPI_Read)
    BSP_QSPI_Write                           0x08000c39   Thumb Code   148  stm32l475e_iot01_qspi.o(i.BSP_QSPI_Write)
    BusFault_Handler                         0x08000cd1   Thumb Code     2  stm32l4xx_it.o(i.BusFault_Handler)
    DebugMon_Handler                         0x08000d39   Thumb Code     2  stm32l4xx_it.o(i.DebugMon_Handler)
    HAL_DAC_ConfigChannel                    0x08000d3d   Thumb Code   282  stm32l4xx_hal_dac.o(i.HAL_DAC_ConfigChannel)
    HAL_DAC_Init                             0x08000e57   Thumb Code    40  stm32l4xx_hal_dac.o(i.HAL_DAC_Init)
    HAL_DAC_MspInit                          0x08000e81   Thumb Code    56  stm32l4xx_hal_msp.o(i.HAL_DAC_MspInit)
    HAL_DAC_SetValue                         0x08000ec1   Thumb Code    26  stm32l4xx_hal_dac.o(i.HAL_DAC_SetValue)
    HAL_DAC_Start                            0x08000edb   Thumb Code    84  stm32l4xx_hal_dac.o(i.HAL_DAC_Start)
    HAL_DFSDM_ChannelInit                    0x08000f31   Thumb Code   236  stm32l4xx_hal_dfsdm.o(i.HAL_DFSDM_ChannelInit)
    HAL_DFSDM_ChannelMspInit                 0x0800102d   Thumb Code    72  stm32l4xx_hal_msp.o(i.HAL_DFSDM_ChannelMspInit)
    HAL_DFSDM_FilterConfigRegChannel         0x08001081   Thumb Code    66  stm32l4xx_hal_dfsdm.o(i.HAL_DFSDM_FilterConfigRegChannel)
    HAL_DFSDM_FilterInit                     0x080010c9   Thumb Code   248  stm32l4xx_hal_dfsdm.o(i.HAL_DFSDM_FilterInit)
    HAL_DFSDM_FilterMspInit                  0x080011cd   Thumb Code    72  stm32l4xx_hal_msp.o(i.HAL_DFSDM_FilterMspInit)
    HAL_DMA_Abort                            0x08001221   Thumb Code    58  stm32l4xx_hal_dma.o(i.HAL_DMA_Abort)
    HAL_Delay                                0x0800125b   Thumb Code    28  stm32l4xx_hal.o(i.HAL_Delay)
    HAL_GPIO_DeInit                          0x08001279   Thumb Code   298  stm32l4xx_hal_gpio.o(i.HAL_GPIO_DeInit)
    HAL_GPIO_Init                            0x080013c5   Thumb Code   414  stm32l4xx_hal_gpio.o(i.HAL_GPIO_Init)
    HAL_GetTick                              0x08001589   Thumb Code     6  stm32l4xx_hal.o(i.HAL_GetTick)
    HAL_IncTick                              0x08001595   Thumb Code    10  stm32l4xx_hal.o(i.HAL_IncTick)
    HAL_Init                                 0x080015a5   Thumb Code    22  stm32l4xx_hal.o(i.HAL_Init)
    HAL_InitTick                             0x080015bd   Thumb Code    98  stm32l4xx_hal_timebase_tim.o(i.HAL_InitTick)
    HAL_MspInit                              0x08001631   Thumb Code   122  stm32l4xx_hal_msp.o(i.HAL_MspInit)
    HAL_NVIC_EnableIRQ                       0x080016b1   Thumb Code    22  stm32l4xx_hal_cortex.o(i.HAL_NVIC_EnableIRQ)
    HAL_NVIC_SetPriority                     0x080016c9   Thumb Code    60  stm32l4xx_hal_cortex.o(i.HAL_NVIC_SetPriority)
    HAL_NVIC_SetPriorityGrouping             0x08001709   Thumb Code    26  stm32l4xx_hal_cortex.o(i.HAL_NVIC_SetPriorityGrouping)
    HAL_PWREx_ControlVoltageScaling          0x0800172d   Thumb Code    86  stm32l4xx_hal_pwr_ex.o(i.HAL_PWREx_ControlVoltageScaling)
    HAL_PWREx_GetVoltageRange                0x08001791   Thumb Code    10  stm32l4xx_hal_pwr_ex.o(i.HAL_PWREx_GetVoltageRange)
    HAL_QSPI_Abort                           0x080017a1   Thumb Code   134  stm32l4xx_hal_qspi.o(i.HAL_QSPI_Abort)
    HAL_QSPI_AutoPolling                     0x08001829   Thumb Code   172  stm32l4xx_hal_qspi.o(i.HAL_QSPI_AutoPolling)
    HAL_QSPI_Command                         0x080018d5   Thumb Code   134  stm32l4xx_hal_qspi.o(i.HAL_QSPI_Command)
    HAL_QSPI_DeInit                          0x0800195b   Thumb Code    58  stm32l4xx_hal_qspi.o(i.HAL_QSPI_DeInit)
    HAL_QSPI_Init                            0x08001995   Thumb Code   166  stm32l4xx_hal_qspi.o(i.HAL_QSPI_Init)
    HAL_QSPI_MspDeInit                       0x08001a45   Thumb Code     2  stm32l4xx_hal_qspi.o(i.HAL_QSPI_MspDeInit)
    HAL_QSPI_MspInit                         0x08001a47   Thumb Code     2  stm32l4xx_hal_qspi.o(i.HAL_QSPI_MspInit)
    HAL_QSPI_Receive                         0x08001a49   Thumb Code   196  stm32l4xx_hal_qspi.o(i.HAL_QSPI_Receive)
    HAL_QSPI_Transmit                        0x08001b0d   Thumb Code   188  stm32l4xx_hal_qspi.o(i.HAL_QSPI_Transmit)
    HAL_RCCEx_PeriphCLKConfig                0x08001bc9   Thumb Code   928  stm32l4xx_hal_rcc_ex.o(i.HAL_RCCEx_PeriphCLKConfig)
    HAL_RCC_ClockConfig                      0x08001f71   Thumb Code   260  stm32l4xx_hal_rcc.o(i.HAL_RCC_ClockConfig)
    HAL_RCC_GetClockConfig                   0x08002085   Thumb Code    54  stm32l4xx_hal_rcc.o(i.HAL_RCC_GetClockConfig)
    HAL_RCC_GetHCLKFreq                      0x080020c5   Thumb Code     6  stm32l4xx_hal_rcc.o(i.HAL_RCC_GetHCLKFreq)
    HAL_RCC_GetPCLK1Freq                     0x080020d1   Thumb Code    20  stm32l4xx_hal_rcc.o(i.HAL_RCC_GetPCLK1Freq)
    HAL_RCC_GetPCLK2Freq                     0x080020f1   Thumb Code    20  stm32l4xx_hal_rcc.o(i.HAL_RCC_GetPCLK2Freq)
    HAL_RCC_GetSysClockFreq                  0x08002111   Thumb Code   182  stm32l4xx_hal_rcc.o(i.HAL_RCC_GetSysClockFreq)
    HAL_RCC_OscConfig                        0x080021d5   Thumb Code  1132  stm32l4xx_hal_rcc.o(i.HAL_RCC_OscConfig)
    HAL_SYSTICK_CLKSourceConfig              0x08002641   Thumb Code    24  stm32l4xx_hal_cortex.o(i.HAL_SYSTICK_CLKSourceConfig)
    HAL_SYSTICK_Config                       0x08002659   Thumb Code    40  stm32l4xx_hal_cortex.o(i.HAL_SYSTICK_Config)
    HAL_TIMEx_Break2Callback                 0x08002681   Thumb Code     2  stm32l4xx_hal_tim_ex.o(i.HAL_TIMEx_Break2Callback)
    HAL_TIMEx_BreakCallback                  0x08002683   Thumb Code     2  stm32l4xx_hal_tim_ex.o(i.HAL_TIMEx_BreakCallback)
    HAL_TIMEx_CommutationCallback            0x08002685   Thumb Code     2  stm32l4xx_hal_tim_ex.o(i.HAL_TIMEx_CommutationCallback)
    HAL_TIMEx_MasterConfigSynchronization    0x08002689   Thumb Code    88  stm32l4xx_hal_tim_ex.o(i.HAL_TIMEx_MasterConfigSynchronization)
    HAL_TIM_Base_Init                        0x080026e9   Thumb Code    54  stm32l4xx_hal_tim.o(i.HAL_TIM_Base_Init)
    HAL_TIM_Base_MspInit                     0x08002721   Thumb Code    30  stm32l4xx_hal_msp.o(i.HAL_TIM_Base_MspInit)
    HAL_TIM_Base_Start_IT                    0x08002745   Thumb Code    44  stm32l4xx_hal_tim.o(i.HAL_TIM_Base_Start_IT)
    HAL_TIM_ConfigClockSource                0x08002775   Thumb Code   230  stm32l4xx_hal_tim.o(i.HAL_TIM_ConfigClockSource)
    HAL_TIM_IC_CaptureCallback               0x08002861   Thumb Code     2  stm32l4xx_hal_tim.o(i.HAL_TIM_IC_CaptureCallback)
    HAL_TIM_IRQHandler                       0x08002863   Thumb Code   388  stm32l4xx_hal_tim.o(i.HAL_TIM_IRQHandler)
    HAL_TIM_OC_DelayElapsedCallback          0x080029e7   Thumb Code     2  stm32l4xx_hal_tim.o(i.HAL_TIM_OC_DelayElapsedCallback)
    HAL_TIM_PWM_PulseFinishedCallback        0x080029e9   Thumb Code     2  stm32l4xx_hal_tim.o(i.HAL_TIM_PWM_PulseFinishedCallback)
    HAL_TIM_PeriodElapsedCallback            0x080029ed   Thumb Code    14  main.o(i.HAL_TIM_PeriodElapsedCallback)
    HAL_TIM_TriggerCallback                  0x08002a01   Thumb Code     2  stm32l4xx_hal_tim.o(i.HAL_TIM_TriggerCallback)
    HAL_UART_Init                            0x08002a03   Thumb Code   106  stm32l4xx_hal_uart.o(i.HAL_UART_Init)
    HAL_UART_MspInit                         0x08002a6d   Thumb Code    62  stm32l4xx_hal_msp.o(i.HAL_UART_MspInit)
    HAL_UART_Transmit                        0x08002ab9   Thumb Code   176  stm32l4xx_hal_uart.o(i.HAL_UART_Transmit)
    HardFault_Handler                        0x08002b69   Thumb Code     2  stm32l4xx_it.o(i.HardFault_Handler)
    MemManage_Handler                        0x08002d35   Thumb Code     2  stm32l4xx_it.o(i.MemManage_Handler)
    MixedSignals                             0x08002d39   Thumb Code   300  main.o(i.MixedSignals)
    NMI_Handler                              0x08002e75   Thumb Code     2  stm32l4xx_it.o(i.NMI_Handler)
    Store                                    0x080035bd   Thumb Code   170  main.o(i.Store)
    SysTick_Handler                          0x08003675   Thumb Code    10  stm32l4xx_it.o(i.SysTick_Handler)
    SystemClock_Config                       0x08003685   Thumb Code   162  main.o(i.SystemClock_Config)
    SystemInit                               0x0800372d   Thumb Code    56  system_stm32l4xx.o(i.SystemInit)
    TIM1_TRG_COM_TIM17_IRQHandler            0x08003771   Thumb Code     6  stm32l4xx_it.o(i.TIM1_TRG_COM_TIM17_IRQHandler)
    TIM2_IRQHandler                          0x0800377d   Thumb Code    12  stm32l4xx_it.o(i.TIM2_IRQHandler)
    TIM_Base_SetConfig                       0x08003791   Thumb Code   160  stm32l4xx_hal_tim.o(i.TIM_Base_SetConfig)
    TIM_ETR_SetConfig                        0x08003851   Thumb Code    20  stm32l4xx_hal_tim.o(i.TIM_ETR_SetConfig)
    UART_AdvFeatureConfig                    0x080038bb   Thumb Code   200  stm32l4xx_hal_uart.o(i.UART_AdvFeatureConfig)
    UART_CheckIdleState                      0x08003983   Thumb Code    92  stm32l4xx_hal_uart.o(i.UART_CheckIdleState)
    UART_SetConfig                           0x080039e1   Thumb Code   622  stm32l4xx_hal_uart.o(i.UART_SetConfig)
    UART_WaitOnFlagUntilTimeout              0x08003c81   Thumb Code   100  stm32l4xx_hal_uart.o(i.UART_WaitOnFlagUntilTimeout)
    UsageFault_Handler                       0x08003ce5   Thumb Code     2  stm32l4xx_it.o(i.UsageFault_Handler)
    __0printf                                0x08003ce9   Thumb Code    22  printfa.o(i.__0printf)
    __1printf                                0x08003ce9   Thumb Code     0  printfa.o(i.__0printf)
    __2printf                                0x08003ce9   Thumb Code     0  printfa.o(i.__0printf)
    __c89printf                              0x08003ce9   Thumb Code     0  printfa.o(i.__0printf)
    printf                                   0x08003ce9   Thumb Code     0  printfa.o(i.__0printf)
    __scatterload_copy                       0x08003d09   Thumb Code    14  handlers.o(i.__scatterload_copy)
    __scatterload_null                       0x08003d17   Thumb Code     2  handlers.o(i.__scatterload_null)
    __scatterload_zeroinit                   0x08003d19   Thumb Code    14  handlers.o(i.__scatterload_zeroinit)
    fastICA_MATLAB_send                      0x080045bd   Thumb Code    52  main.o(i.fastICA_MATLAB_send)
    fputc                                    0x080045f9   Thumb Code    26  main.o(i.fputc)
    main                                     0x08004619   Thumb Code   138  main.o(i.main)
    osSystickHandler                         0x080046ad   Thumb Code    20  cmsis_os.o(i.osSystickHandler)
    uxListRemove                             0x080046e1   Thumb Code    36  list.o(i.uxListRemove)
    vListInsertEnd                           0x08004705   Thumb Code    24  list.o(i.vListInsertEnd)
    vTaskSwitchContext                       0x0800471d   Thumb Code    82  tasks.o(i.vTaskSwitchContext)
    xPortSysTickHandler                      0x08004779   Thumb Code    38  port.o(i.xPortSysTickHandler)
    xTaskGetSchedulerState                   0x080047a5   Thumb Code    22  tasks.o(i.xTaskGetSchedulerState)
    xTaskIncrementTick                       0x080047c1   Thumb Code   192  tasks.o(i.xTaskIncrementTick)
    matrixData                               0x08004888   Data          16  main.o(.constdata)
    AHBPrescTable                            0x08004898   Data          16  system_stm32l4xx.o(.constdata)
    MSIRangeTable                            0x080048a8   Data          48  system_stm32l4xx.o(.constdata)
    APBPrescTable                            0x080048d8   Data           8  system_stm32l4xx.o(.constdata)
    sinTable_f32                             0x080048e0   Data        2052  arm_common_tables.o(.constdata)
    Region$$Table$$Base                      0x080050e4   Number         0  anon$$obj.o(Region$$Table)
    Region$$Table$$Limit                     0x08005104   Number         0  anon$$obj.o(Region$$Table)
    tim3_flag                                0x20000000   Data           4  main.o(.data)
    received_1                               0x20000004   Data           4  main.o(.data)
    received_2                               0x20000008   Data           4  main.o(.data)
    sampling_freq                            0x2000000c   Data           4  main.o(.data)
    signal_freq                              0x20000010   Data           4  main.o(.data)
    signal_freq1                             0x20000014   Data           4  main.o(.data)
    flag                                     0x20000018   Data           4  main.o(.data)
    scaled_sine1                             0x2000001c   Data           4  main.o(.data)
    scaled_sine2                             0x20000020   Data           4  main.o(.data)
    sine_out1                                0x20000024   Data           4  main.o(.data)
    sine_out2                                0x20000028   Data           4  main.o(.data)
    mixSine_in1                              0x2000002c   Data           4  main.o(.data)
    mixSine_in2                              0x20000030   Data           4  main.o(.data)
    time                                     0x20000034   Data           4  main.o(.data)
    prevTime                                 0x20000038   Data           4  main.o(.data)
    uwTick                                   0x20000048   Data           4  stm32l4xx_hal.o(.data)
    SystemCoreClock                          0x2000004c   Data           4  system_stm32l4xx.o(.data)
    pxCurrentTCB                             0x20000050   Data           4  tasks.o(.data)
    __stdout                                 0x2000008c   Data           4  stdout.o(.data)
    hdac1                                    0x20000090   Data          20  main.o(.bss)
    htim2                                    0x200000a4   Data          64  main.o(.bss)
    hdfsdm1_filter0                          0x200000e4   Data          84  main.o(.bss)
    hdfsdm1_filter1                          0x20000138   Data          84  main.o(.bss)
    hdfsdm1_channel1                         0x2000018c   Data          56  main.o(.bss)
    hdfsdm1_channel2                         0x200001c4   Data          56  main.o(.bss)
    huart1                                   0x200001fc   Data         120  main.o(.bss)
    htim17                                   0x20000274   Data          64  stm32l4xx_hal_timebase_tim.o(.bss)
    QSPIHandle                               0x200002d4   Data          68  stm32l475e_iot01_qspi.o(.bss)
    __initial_sp                             0x20000808   Data           0  startup_stm32l475xx.o(STACK)



==============================================================================

Memory Map of the image

  Image Entry point : 0x08000189

  Load Region LR_IROM1 (Base: 0x08000000, Size: 0x00005194, Max: 0x00100000, ABSOLUTE)

    Execution Region ER_IROM1 (Base: 0x08000000, Size: 0x00005104, Max: 0x00100000, ABSOLUTE)

    Base Addr    Size         Type   Attr      Idx    E Section Name        Object

    0x08000000   0x00000188   Data   RO            3    RESET               startup_stm32l475xx.o
    0x08000188   0x00000000   Code   RO         6794  * .ARM.Collect$$$$00000000  mc_w.l(entry.o)
    0x08000188   0x00000004   Code   RO         7072    .ARM.Collect$$$$00000001  mc_w.l(entry2.o)
    0x0800018c   0x00000004   Code   RO         7075    .ARM.Collect$$$$00000004  mc_w.l(entry5.o)
    0x08000190   0x00000000   Code   RO         7077    .ARM.Collect$$$$00000008  mc_w.l(entry7b.o)
    0x08000190   0x00000000   Code   RO         7079    .ARM.Collect$$$$0000000A  mc_w.l(entry8b.o)
    0x08000190   0x00000008   Code   RO         7080    .ARM.Collect$$$$0000000B  mc_w.l(entry9a.o)
    0x08000198   0x00000000   Code   RO         7082    .ARM.Collect$$$$0000000D  mc_w.l(entry10a.o)
    0x08000198   0x00000000   Code   RO         7084    .ARM.Collect$$$$0000000F  mc_w.l(entry11a.o)
    0x08000198   0x00000004   Code   RO         7073    .ARM.Collect$$$$00002712  mc_w.l(entry2.o)
    0x0800019c   0x000000ba   Code   RO         5609    .emb_text           port.o
    0x08000256   0x00000002   PAD
    0x08000258   0x00000024   Code   RO            4    .text               startup_stm32l475xx.o
    0x0800027c   0x00000094   Code   RO         6617    .text               arm_cortexM4lf_math.lib(arm_sin_f32.o)
    0x08000310   0x00000008   Code   RO         6667    .text               arm_cortexM4lf_math.lib(arm_mat_init_f32.o)
    0x08000318   0x0000013c   Code   RO         6691    .text               arm_cortexM4lf_math.lib(arm_mat_mult_f32.o)
    0x08000454   0x00000062   Code   RO         6797    .text               mc_w.l(uldiv.o)
    0x080004b6   0x00000026   Code   RO         7070    .text               mf_w.l(f2d.o)
    0x080004dc   0x0000002c   Code   RO         7088    .text               mc_w.l(uidiv.o)
    0x08000508   0x0000001e   Code   RO         7090    .text               mc_w.l(llshl.o)
    0x08000526   0x00000020   Code   RO         7092    .text               mc_w.l(llushr.o)
    0x08000546   0x00000000   Code   RO         7096    .text               mc_w.l(iusefp.o)
    0x08000546   0x0000014e   Code   RO         7097    .text               mf_w.l(dadd.o)
    0x08000694   0x000000e4   Code   RO         7099    .text               mf_w.l(dmul.o)
    0x08000778   0x000000de   Code   RO         7101    .text               mf_w.l(ddiv.o)
    0x08000856   0x00000030   Code   RO         7105    .text               mf_w.l(dfixul.o)
    0x08000886   0x00000002   PAD
    0x08000888   0x00000030   Code   RO         7107    .text               mf_w.l(cdrcmple.o)
    0x080008b8   0x00000024   Code   RO         7111    .text               mc_w.l(init.o)
    0x080008dc   0x00000024   Code   RO         7116    .text               mc_w.l(llsshr.o)
    0x08000900   0x000000ba   Code   RO         7122    .text               mf_w.l(depilogue.o)
    0x080009ba   0x00000002   PAD
    0x080009bc   0x00000024   Code   RO         5138    i.BSP_QSPI_DeInit   stm32l475e_iot01_qspi.o
    0x080009e0   0x00000050   Code   RO         5143    i.BSP_QSPI_Erase_Sector  stm32l475e_iot01_qspi.o
    0x08000a30   0x00000088   Code   RO         5145    i.BSP_QSPI_GetStatus  stm32l475e_iot01_qspi.o
    0x08000ab8   0x00000078   Code   RO         5146    i.BSP_QSPI_Init     stm32l475e_iot01_qspi.o
    0x08000b30   0x00000040   Code   RO         5148    i.BSP_QSPI_MspDeInit  stm32l475e_iot01_qspi.o
    0x08000b70   0x00000060   Code   RO         5149    i.BSP_QSPI_MspInit  stm32l475e_iot01_qspi.o
    0x08000bd0   0x00000068   Code   RO         5150    i.BSP_QSPI_Read     stm32l475e_iot01_qspi.o
    0x08000c38   0x00000098   Code   RO         5153    i.BSP_QSPI_Write    stm32l475e_iot01_qspi.o
    0x08000cd0   0x00000002   Code   RO          326    i.BusFault_Handler  stm32l4xx_it.o
    0x08000cd2   0x00000002   PAD
    0x08000cd4   0x00000064   Code   RO          776    i.DFSDM_GetChannelFromInstance  stm32l4xx_hal_dfsdm.o
    0x08000d38   0x00000002   Code   RO          327    i.DebugMon_Handler  stm32l4xx_it.o
    0x08000d3a   0x00000002   PAD
    0x08000d3c   0x0000011a   Code   RO          531    i.HAL_DAC_ConfigChannel  stm32l4xx_hal_dac.o
    0x08000e56   0x00000028   Code   RO          541    i.HAL_DAC_Init      stm32l4xx_hal_dac.o
    0x08000e7e   0x00000002   PAD
    0x08000e80   0x00000040   Code   RO          403    i.HAL_DAC_MspInit   stm32l4xx_hal_msp.o
    0x08000ec0   0x0000001a   Code   RO          544    i.HAL_DAC_SetValue  stm32l4xx_hal_dac.o
    0x08000eda   0x00000054   Code   RO          545    i.HAL_DAC_Start     stm32l4xx_hal_dac.o
    0x08000f2e   0x00000002   PAD
    0x08000f30   0x000000fc   Code   RO          789    i.HAL_DFSDM_ChannelInit  stm32l4xx_hal_dfsdm.o
    0x0800102c   0x00000054   Code   RO          405    i.HAL_DFSDM_ChannelMspInit  stm32l4xx_hal_msp.o
    0x08001080   0x00000048   Code   RO          804    i.HAL_DFSDM_FilterConfigRegChannel  stm32l4xx_hal_dfsdm.o
    0x080010c8   0x00000104   Code   RO          816    i.HAL_DFSDM_FilterInit  stm32l4xx_hal_dfsdm.o
    0x080011cc   0x00000054   Code   RO          407    i.HAL_DFSDM_FilterMspInit  stm32l4xx_hal_msp.o
    0x08001220   0x0000003a   Code   RO         3758    i.HAL_DMA_Abort     stm32l4xx_hal_dma.o
    0x0800125a   0x0000001c   Code   RO         2523    i.HAL_Delay         stm32l4xx_hal.o
    0x08001276   0x00000002   PAD
    0x08001278   0x0000014c   Code   RO         3691    i.HAL_GPIO_DeInit   stm32l4xx_hal_gpio.o
    0x080013c4   0x000001c4   Code   RO         3694    i.HAL_GPIO_Init     stm32l4xx_hal_gpio.o
    0x08001588   0x0000000c   Code   RO         2527    i.HAL_GetTick       stm32l4xx_hal.o
    0x08001594   0x00000010   Code   RO         2531    i.HAL_IncTick       stm32l4xx_hal.o
    0x080015a4   0x00000016   Code   RO         2532    i.HAL_Init          stm32l4xx_hal.o
    0x080015ba   0x00000002   PAD
    0x080015bc   0x00000074   Code   RO          488    i.HAL_InitTick      stm32l4xx_hal_timebase_tim.o
    0x08001630   0x00000080   Code   RO          408    i.HAL_MspInit       stm32l4xx_hal_msp.o
    0x080016b0   0x00000016   Code   RO         4235    i.HAL_NVIC_EnableIRQ  stm32l4xx_hal_cortex.o
    0x080016c6   0x00000002   PAD
    0x080016c8   0x00000040   Code   RO         4241    i.HAL_NVIC_SetPriority  stm32l4xx_hal_cortex.o
    0x08001708   0x00000024   Code   RO         4242    i.HAL_NVIC_SetPriorityGrouping  stm32l4xx_hal_cortex.o
    0x0800172c   0x00000064   Code   RO         3985    i.HAL_PWREx_ControlVoltageScaling  stm32l4xx_hal_pwr_ex.o
    0x08001790   0x00000010   Code   RO         4016    i.HAL_PWREx_GetVoltageRange  stm32l4xx_hal_pwr_ex.o
    0x080017a0   0x00000086   Code   RO         4365    i.HAL_QSPI_Abort    stm32l4xx_hal_qspi.o
    0x08001826   0x00000002   PAD
    0x08001828   0x000000ac   Code   RO         4368    i.HAL_QSPI_AutoPolling  stm32l4xx_hal_qspi.o
    0x080018d4   0x00000086   Code   RO         4371    i.HAL_QSPI_Command  stm32l4xx_hal_qspi.o
    0x0800195a   0x0000003a   Code   RO         4373    i.HAL_QSPI_DeInit   stm32l4xx_hal_qspi.o
    0x08001994   0x000000b0   Code   RO         4380    i.HAL_QSPI_Init     stm32l4xx_hal_qspi.o
    0x08001a44   0x00000002   Code   RO         4382    i.HAL_QSPI_MspDeInit  stm32l4xx_hal_qspi.o
    0x08001a46   0x00000002   Code   RO         4383    i.HAL_QSPI_MspInit  stm32l4xx_hal_qspi.o
    0x08001a48   0x000000c4   Code   RO         4384    i.HAL_QSPI_Receive  stm32l4xx_hal_qspi.o
    0x08001b0c   0x000000bc   Code   RO         4393    i.HAL_QSPI_Transmit  stm32l4xx_hal_qspi.o
    0x08001bc8   0x000003a8   Code   RO         3356    i.HAL_RCCEx_PeriphCLKConfig  stm32l4xx_hal_rcc_ex.o
    0x08001f70   0x00000114   Code   RO         3241    i.HAL_RCC_ClockConfig  stm32l4xx_hal_rcc.o
    0x08002084   0x00000040   Code   RO         3244    i.HAL_RCC_GetClockConfig  stm32l4xx_hal_rcc.o
    0x080020c4   0x0000000c   Code   RO         3245    i.HAL_RCC_GetHCLKFreq  stm32l4xx_hal_rcc.o
    0x080020d0   0x00000020   Code   RO         3247    i.HAL_RCC_GetPCLK1Freq  stm32l4xx_hal_rcc.o
    0x080020f0   0x00000020   Code   RO         3248    i.HAL_RCC_GetPCLK2Freq  stm32l4xx_hal_rcc.o
    0x08002110   0x000000c4   Code   RO         3249    i.HAL_RCC_GetSysClockFreq  stm32l4xx_hal_rcc.o
    0x080021d4   0x0000046c   Code   RO         3252    i.HAL_RCC_OscConfig  stm32l4xx_hal_rcc.o
    0x08002640   0x00000018   Code   RO         4244    i.HAL_SYSTICK_CLKSourceConfig  stm32l4xx_hal_cortex.o
    0x08002658   0x00000028   Code   RO         4246    i.HAL_SYSTICK_Config  stm32l4xx_hal_cortex.o
    0x08002680   0x00000002   Code   RO         1837    i.HAL_TIMEx_Break2Callback  stm32l4xx_hal_tim_ex.o
    0x08002682   0x00000002   Code   RO         1838    i.HAL_TIMEx_BreakCallback  stm32l4xx_hal_tim_ex.o
    0x08002684   0x00000002   Code   RO         1839    i.HAL_TIMEx_CommutationCallback  stm32l4xx_hal_tim_ex.o
    0x08002686   0x00000002   PAD
    0x08002688   0x00000060   Code   RO         1857    i.HAL_TIMEx_MasterConfigSynchronization  stm32l4xx_hal_tim_ex.o
    0x080026e8   0x00000036   Code   RO         1198    i.HAL_TIM_Base_Init  stm32l4xx_hal_tim.o
    0x0800271e   0x00000002   PAD
    0x08002720   0x00000024   Code   RO          410    i.HAL_TIM_Base_MspInit  stm32l4xx_hal_msp.o
    0x08002744   0x00000030   Code   RO         1203    i.HAL_TIM_Base_Start_IT  stm32l4xx_hal_tim.o
    0x08002774   0x000000ec   Code   RO         1207    i.HAL_TIM_ConfigClockSource  stm32l4xx_hal_tim.o
    0x08002860   0x00000002   Code   RO         1227    i.HAL_TIM_IC_CaptureCallback  stm32l4xx_hal_tim.o
    0x08002862   0x00000184   Code   RO         1240    i.HAL_TIM_IRQHandler  stm32l4xx_hal_tim.o
    0x080029e6   0x00000002   Code   RO         1243    i.HAL_TIM_OC_DelayElapsedCallback  stm32l4xx_hal_tim.o
    0x080029e8   0x00000002   Code   RO         1270    i.HAL_TIM_PWM_PulseFinishedCallback  stm32l4xx_hal_tim.o
    0x080029ea   0x00000002   PAD
    0x080029ec   0x00000014   Code   RO           13    i.HAL_TIM_PeriodElapsedCallback  main.o
    0x08002a00   0x00000002   Code   RO         1281    i.HAL_TIM_TriggerCallback  stm32l4xx_hal_tim.o
    0x08002a02   0x0000006a   Code   RO         2120    i.HAL_UART_Init     stm32l4xx_hal_uart.o
    0x08002a6c   0x0000004c   Code   RO          412    i.HAL_UART_MspInit  stm32l4xx_hal_msp.o
    0x08002ab8   0x000000b0   Code   RO         2128    i.HAL_UART_Transmit  stm32l4xx_hal_uart.o
    0x08002b68   0x00000002   Code   RO          328    i.HardFault_Handler  stm32l4xx_it.o
    0x08002b6a   0x00000002   PAD
    0x08002b6c   0x0000004c   Code   RO           14    i.MX_DAC1_Init      main.o
    0x08002bb8   0x000000e8   Code   RO           15    i.MX_DFSDM1_Init    main.o
    0x08002ca0   0x0000005c   Code   RO           16    i.MX_TIM2_Init      main.o
    0x08002cfc   0x00000038   Code   RO           17    i.MX_USART1_UART_Init  main.o
    0x08002d34   0x00000002   Code   RO          329    i.MemManage_Handler  stm32l4xx_it.o
    0x08002d36   0x00000002   PAD
    0x08002d38   0x0000013c   Code   RO           19    i.MixedSignals      main.o
    0x08002e74   0x00000002   Code   RO          330    i.NMI_Handler       stm32l4xx_it.o
    0x08002e76   0x00000020   Code   RO         4248    i.NVIC_SetPriority  stm32l4xx_hal_cortex.o
    0x08002e96   0x00000002   PAD
    0x08002e98   0x00000050   Code   RO         5154    i.QSPI_AutoPollingMemReady  stm32l475e_iot01_qspi.o
    0x08002ee8   0x0000015e   Code   RO         4398    i.QSPI_Config       stm32l4xx_hal_qspi.o
    0x08003046   0x00000002   PAD
    0x08003048   0x000000fc   Code   RO         5155    i.QSPI_HighPerfMode  stm32l475e_iot01_qspi.o
    0x08003144   0x000000c4   Code   RO         5156    i.QSPI_QuadMode     stm32l475e_iot01_qspi.o
    0x08003208   0x00000054   Code   RO         5157    i.QSPI_ResetMemory  stm32l475e_iot01_qspi.o
    0x0800325c   0x00000048   Code   RO         4405    i.QSPI_WaitFlagStateUntilTimeout  stm32l4xx_hal_qspi.o
    0x080032a4   0x00000068   Code   RO         5158    i.QSPI_WriteEnable  stm32l475e_iot01_qspi.o
    0x0800330c   0x0000012c   Code   RO         3359    i.RCCEx_PLLSAI1_Config  stm32l4xx_hal_rcc_ex.o
    0x08003438   0x00000108   Code   RO         3360    i.RCCEx_PLLSAI2_Config  stm32l4xx_hal_rcc_ex.o
    0x08003540   0x0000007c   Code   RO         3253    i.RCC_SetFlashLatencyFromMSIRange  stm32l4xx_hal_rcc.o
    0x080035bc   0x000000b8   Code   RO           20    i.Store             main.o
    0x08003674   0x00000010   Code   RO          331    i.SysTick_Handler   stm32l4xx_it.o
    0x08003684   0x000000a8   Code   RO           21    i.SystemClock_Config  main.o
    0x0800372c   0x00000044   Code   RO         4622    i.SystemInit        system_stm32l4xx.o
    0x08003770   0x0000000c   Code   RO          332    i.TIM1_TRG_COM_TIM17_IRQHandler  stm32l4xx_it.o
    0x0800377c   0x00000014   Code   RO          333    i.TIM2_IRQHandler   stm32l4xx_it.o
    0x08003790   0x000000c0   Code   RO         1282    i.TIM_Base_SetConfig  stm32l4xx_hal_tim.o
    0x08003850   0x00000014   Code   RO         1289    i.TIM_ETR_SetConfig  stm32l4xx_hal_tim.o
    0x08003864   0x00000010   Code   RO         1290    i.TIM_ITRx_SetConfig  stm32l4xx_hal_tim.o
    0x08003874   0x00000022   Code   RO         1298    i.TIM_TI1_ConfigInputStage  stm32l4xx_hal_tim.o
    0x08003896   0x00000024   Code   RO         1300    i.TIM_TI2_ConfigInputStage  stm32l4xx_hal_tim.o
    0x080038ba   0x000000c8   Code   RO         2133    i.UART_AdvFeatureConfig  stm32l4xx_hal_uart.o
    0x08003982   0x0000005c   Code   RO         2134    i.UART_CheckIdleState  stm32l4xx_hal_uart.o
    0x080039de   0x00000002   PAD
    0x080039e0   0x000002a0   Code   RO         2149    i.UART_SetConfig    stm32l4xx_hal_uart.o
    0x08003c80   0x00000064   Code   RO         2152    i.UART_WaitOnFlagUntilTimeout  stm32l4xx_hal_uart.o
    0x08003ce4   0x00000002   Code   RO          334    i.UsageFault_Handler  stm32l4xx_it.o
    0x08003ce6   0x00000002   PAD
    0x08003ce8   0x00000020   Code   RO         7036    i.__0printf         mc_w.l(printfa.o)
    0x08003d08   0x0000000e   Code   RO         7135    i.__scatterload_copy  mc_w.l(handlers.o)
    0x08003d16   0x00000002   Code   RO         7136    i.__scatterload_null  mc_w.l(handlers.o)
    0x08003d18   0x0000000e   Code   RO         7137    i.__scatterload_zeroinit  mc_w.l(handlers.o)
    0x08003d26   0x00000002   PAD
    0x08003d28   0x00000164   Code   RO         7043    i._fp_digits        mc_w.l(printfa.o)
    0x08003e8c   0x000006dc   Code   RO         7044    i._printf_core      mc_w.l(printfa.o)
    0x08004568   0x00000024   Code   RO         7045    i._printf_post_padding  mc_w.l(printfa.o)
    0x0800458c   0x0000002e   Code   RO         7046    i._printf_pre_padding  mc_w.l(printfa.o)
    0x080045ba   0x00000002   PAD
    0x080045bc   0x0000003c   Code   RO           24    i.fastICA_MATLAB_send  main.o
    0x080045f8   0x00000020   Code   RO           26    i.fputc             main.o
    0x08004618   0x00000094   Code   RO           27    i.main              main.o
    0x080046ac   0x00000014   Code   RO         6279    i.osSystickHandler  cmsis_os.o
    0x080046c0   0x00000020   Code   RO         5958    i.prvResetNextTaskUnblockTime  tasks.o
    0x080046e0   0x00000024   Code   RO         5775    i.uxListRemove      list.o
    0x08004704   0x00000018   Code   RO         5779    i.vListInsertEnd    list.o
    0x0800471c   0x0000005c   Code   RO         5980    i.vTaskSwitchContext  tasks.o
    0x08004778   0x0000002c   Code   RO         5618    i.xPortSysTickHandler  port.o
    0x080047a4   0x0000001c   Code   RO         5986    i.xTaskGetSchedulerState  tasks.o
    0x080047c0   0x000000c8   Code   RO         5989    i.xTaskIncrementTick  tasks.o
    0x08004888   0x00000010   Data   RO           29    .constdata          main.o
    0x08004898   0x00000040   Data   RO         4623    .constdata          system_stm32l4xx.o
    0x080048d8   0x00000008   Data   RO         4624    .constdata          system_stm32l4xx.o
    0x080048e0   0x00000804   Data   RO         6771    .constdata          arm_cortexM4lf_math.lib(arm_common_tables.o)
    0x080050e4   0x00000020   Data   RO         7133    Region$$Table       anon$$obj.o


    Execution Region RW_IRAM1 (Base: 0x20000000, Size: 0x00000808, Max: 0x00018000, ABSOLUTE)

    Base Addr    Size         Type   Attr      Idx    E Section Name        Object

    0x20000000   0x00000004   Data   RW           30    .data               main.o
    0x20000004   0x00000038   Data   RW           31    .data               main.o
    0x2000003c   0x00000008   Data   RW          413    .data               stm32l4xx_hal_msp.o
    0x20000044   0x00000004   Data   RW          841    .data               stm32l4xx_hal_dfsdm.o
    0x20000048   0x00000004   Data   RW         2548    .data               stm32l4xx_hal.o
    0x2000004c   0x00000004   Data   RW         4625    .data               system_stm32l4xx.o
    0x20000050   0x0000003c   Data   RW         5998    .data               tasks.o
    0x2000008c   0x00000004   Data   RW         7087    .data               mc_w.l(stdout.o)
    0x20000090   0x000001e4   Zero   RW           28    .bss                main.o
    0x20000274   0x00000040   Zero   RW          491    .bss                stm32l4xx_hal_timebase_tim.o
    0x200002b4   0x00000020   Zero   RW          840    .bss                stm32l4xx_hal_dfsdm.o
    0x200002d4   0x00000044   Zero   RW         5159    .bss                stm32l475e_iot01_qspi.o
    0x20000318   0x000000f0   Zero   RW         5997    .bss                tasks.o
    0x20000408   0x00000400   Zero   RW            1    STACK               startup_stm32l475xx.o


==============================================================================

Image component sizes


      Code (inc. data)   RO Data    RW Data    ZI Data      Debug   Object Name

        20          0          0          0          0        623   cmsis_os.o
         0          0          0          0          0       8100   event_groups.o
        60          0          0          0          0       1672   list.o
      1384        108         16         60        484     889218   main.o
       230         22          0          0          0       4082   port.o
        36          8        392          0       1024        852   startup_stm32l475xx.o
      1504         76          0          0         68      10685   stm32l475e_iot01_qspi.o
        78         12          0          4          0       3616   stm32l4xx_hal.o
       218         14          0          0          0      31041   stm32l4xx_hal_cortex.o
       432          0          0          0          0       3758   stm32l4xx_hal_dac.o
       684         40          0          4         32       4366   stm32l4xx_hal_dfsdm.o
        58          0          0          0          0       1064   stm32l4xx_hal_dma.o
       784         72          0          0          0       2790   stm32l4xx_hal_gpio.o
       472         58          0          8          0       4471   stm32l4xx_hal_msp.o
       116         20          0          0          0       1378   stm32l4xx_hal_pwr_ex.o
      1484         10          0          0          0      10642   stm32l4xx_hal_qspi.o
      1868        102          0          0          0       7793   stm32l4xx_hal_rcc.o
      1500         44          0          0          0       4056   stm32l4xx_hal_rcc_ex.o
      1032         42          0          0          0      10213   stm32l4xx_hal_tim.o
       102          8          0          0          0       3125   stm32l4xx_hal_tim_ex.o
       116         18          0          0         64       1477   stm32l4xx_hal_timebase_tim.o
      1346         70          0          0          0       6389   stm32l4xx_hal_uart.o
        60         20          0          0          0       4281   stm32l4xx_it.o
        68         12         72          4          0       1269   system_stm32l4xx.o
       352         30          0         60        240       7641   tasks.o

    ----------------------------------------------------------------------
     14040        786        512        140       1912    1024602   Object Totals
         0          0         32          0          0          0   (incl. Generated)
        36          0          0          0          0          0   (incl. Padding)

    ----------------------------------------------------------------------

      Code (inc. data)   RO Data    RW Data    ZI Data      Debug   Library Member Name

         0          0       2052          0          0       4704   arm_common_tables.o
         8          0          0          0          0        999   arm_mat_init_f32.o
       316          4          0          0          0       2375   arm_mat_mult_f32.o
       148         18          0          0          0      17238   arm_sin_f32.o
         0          0          0          0          0          0   entry.o
         0          0          0          0          0          0   entry10a.o
         0          0          0          0          0          0   entry11a.o
         8          4          0          0          0          0   entry2.o
         4          0          0          0          0          0   entry5.o
         0          0          0          0          0          0   entry7b.o
         0          0          0          0          0          0   entry8b.o
         8          4          0          0          0          0   entry9a.o
        30          0          0          0          0          0   handlers.o
        36          8          0          0          0         68   init.o
         0          0          0          0          0          0   iusefp.o
        30          0          0          0          0         68   llshl.o
        36          0          0          0          0         68   llsshr.o
        32          0          0          0          0         68   llushr.o
      2226         90          0          0          0        444   printfa.o
         0          0          0          4          0          0   stdout.o
        44          0          0          0          0         80   uidiv.o
        98          0          0          0          0         92   uldiv.o
        48          0          0          0          0         68   cdrcmple.o
       334          0          0          0          0        148   dadd.o
       222          0          0          0          0        100   ddiv.o
       186          0          0          0          0        176   depilogue.o
        48          0          0          0          0         68   dfixul.o
       228          0          0          0          0         96   dmul.o
        38          0          0          0          0         68   f2d.o

    ----------------------------------------------------------------------
      4136        128       2052          4          0      26928   Library Totals
         8          0          0          0          0          0   (incl. Padding)

    ----------------------------------------------------------------------

      Code (inc. data)   RO Data    RW Data    ZI Data      Debug   Library Name

       472         22       2052          0          0      25316   arm_cortexM4lf_math.lib
      2552        106          0          4          0        888   mc_w.l
      1104          0          0          0          0        724   mf_w.l

    ----------------------------------------------------------------------
      4136        128       2052          4          0      26928   Library Totals

    ----------------------------------------------------------------------

==============================================================================


      Code (inc. data)   RO Data    RW Data    ZI Data      Debug   

     18176        914       2564        144       1912    1039854   Grand Totals
     18176        914       2564        144       1912    1039854   ELF Image Totals
     18176        914       2564        144          0          0   ROM Totals

==============================================================================

    Total RO  Size (Code + RO Data)                20740 (  20.25kB)
    Total RW  Size (RW Data + ZI Data)              2056 (   2.01kB)
    Total ROM Size (Code + RO Data + RW Data)      20884 (  20.39kB)

==============================================================================

